[seed0/ff] epoch 1/30: train_acc=0.4950 val_acc=0.5000 (best 0.5000@ep1) tok_cos=0.021
[seed0/ff] epoch 2/30: train_acc=0.4981 val_acc=0.5000 (best 0.5000@ep1) tok_cos=0.024
[seed0/ff] epoch 3/30: train_acc=0.4781 val_acc=0.5050 (best 0.5050@ep3) tok_cos=0.005
[seed0/ff] epoch 4/30: train_acc=0.4738 val_acc=0.5000 (best 0.5050@ep3) tok_cos=0.010
[seed0/ff] epoch 5/30: train_acc=0.4988 val_acc=0.5000 (best 0.5050@ep3) tok_cos=0.015
[seed0/ff] epoch 6/30: train_acc=0.4963 val_acc=0.5000 (best 0.5050@ep3) tok_cos=0.019
[seed0/ff] epoch 7/30: train_acc=0.4900 val_acc=0.5000 (best 0.5050@ep3) tok_cos=-0.001
[seed0/ff] epoch 8/30: train_acc=0.4813 val_acc=0.5025 (best 0.5050@ep3) tok_cos=-0.003
[seed0/ff] epoch 9/30: train_acc=0.4825 val_acc=0.4975 (best 0.5050@ep3) tok_cos=-0.003
[seed0/ff] epoch 10/30: train_acc=0.4875 val_acc=0.5000 (best 0.5050@ep3) tok_cos=-0.000
[seed0/ff] epoch 11/30: train_acc=0.5162 val_acc=0.5000 (best 0.5050@ep3) tok_cos=0.005
[seed0/ff] epoch 12/30: train_acc=0.5119 val_acc=0.5000 (best 0.5050@ep3) tok_cos=0.014
[seed0/ff] epoch 13/30: train_acc=0.4956 val_acc=0.5000 (best 0.5050@ep3) tok_cos=0.006
[seed0/ff] epoch 14/30: train_acc=0.5044 val_acc=0.4975 (best 0.5050@ep3) tok_cos=-0.001
[seed0/ff] epoch 15/30: train_acc=0.4881 val_acc=0.5000 (best 0.5050@ep3) tok_cos=0.007
[seed0/ff] epoch 16/30: train_acc=0.4775 val_acc=0.5000 (best 0.5050@ep3) tok_cos=0.001
[seed0/ff] epoch 17/30: train_acc=0.4637 val_acc=0.5000 (best 0.5050@ep3) tok_cos=-0.004
[seed0/ff] epoch 18/30: train_acc=0.4931 val_acc=0.4925 (best 0.5050@ep3) tok_cos=-0.006
[seed0/ff] epoch 19/30: train_acc=0.4900 val_acc=0.5000 (best 0.5050@ep3) tok_cos=-0.004
[seed0/ff] epoch 20/30: train_acc=0.4869 val_acc=0.5000 (best 0.5050@ep3) tok_cos=-0.003
[seed0/ff] epoch 21/30: train_acc=0.4900 val_acc=0.5100 (best 0.5100@ep21) tok_cos=0.001
[seed0/ff] epoch 22/30: train_acc=0.4869 val_acc=0.5025 (best 0.5100@ep21) tok_cos=-0.005
[seed0/ff] epoch 23/30: train_acc=0.4775 val_acc=0.5000 (best 0.5100@ep21) tok_cos=-0.005
[seed0/ff] epoch 24/30: train_acc=0.4806 val_acc=0.4975 (best 0.5100@ep21) tok_cos=-0.006
[seed0/ff] epoch 25/30: train_acc=0.5075 val_acc=0.4975 (best 0.5100@ep21) tok_cos=-0.006
[seed0/ff] epoch 26/30: train_acc=0.5150 val_acc=0.5000 (best 0.5100@ep21) tok_cos=-0.003
[seed0/ff] epoch 27/30: train_acc=0.4763 val_acc=0.4925 (best 0.5100@ep21) tok_cos=-0.001
[seed0/ff] epoch 28/30: train_acc=0.4744 val_acc=0.5000 (best 0.5100@ep21) tok_cos=-0.006
[seed0/ff] epoch 29/30: train_acc=0.4825 val_acc=0.4925 (best 0.5100@ep21) tok_cos=-0.004
[seed0/ff] epoch 30/30: train_acc=0.4900 val_acc=0.5000 (best 0.5100@ep21) tok_cos=-0.006
[seed0/geo] epoch 1/30: train_acc=0.4938 val_acc=0.5000 (best 0.5000@ep1) tok_cos=0.997
[seed0/geo] epoch 2/30: train_acc=0.5012 val_acc=0.5000 (best 0.5000@ep1) tok_cos=0.997
[seed0/geo] epoch 3/30: train_acc=0.5044 val_acc=0.5000 (best 0.5000@ep1) tok_cos=0.998
[seed0/geo] epoch 4/30: train_acc=0.5150 val_acc=0.5000 (best 0.5000@ep1) tok_cos=0.998
[seed0/geo] epoch 5/30: train_acc=0.5088 val_acc=0.5000 (best 0.5000@ep1) tok_cos=0.998
[seed0/geo] epoch 6/30: train_acc=0.5100 val_acc=0.5000 (best 0.5000@ep1) tok_cos=0.999
[seed0/geo] epoch 7/30: train_acc=0.5062 val_acc=0.5000 (best 0.5000@ep1) tok_cos=0.999
[seed0/geo] epoch 8/30: train_acc=0.4919 val_acc=0.5000 (best 0.5000@ep1) tok_cos=0.999
[seed0/geo] epoch 9/30: train_acc=0.4913 val_acc=0.5000 (best 0.5000@ep1) tok_cos=0.999
[seed0/geo] epoch 10/30: train_acc=0.4838 val_acc=0.5000 (best 0.5000@ep1) tok_cos=0.999
[seed0/geo] epoch 11/30: train_acc=0.5025 val_acc=0.5000 (best 0.5000@ep1) tok_cos=0.999
[seed0/geo] epoch 12/30: train_acc=0.4875 val_acc=0.5000 (best 0.5000@ep1) tok_cos=1.000
[seed0/geo] epoch 13/30: train_acc=0.4900 val_acc=0.5000 (best 0.5000@ep1) tok_cos=1.000
[seed0/geo] epoch 14/30: train_acc=0.4913 val_acc=0.5000 (best 0.5000@ep1) tok_cos=1.000
[seed0/geo] epoch 15/30: train_acc=0.5075 val_acc=0.5000 (best 0.5000@ep1) tok_cos=1.000
[seed0/geo] epoch 16/30: train_acc=0.5075 val_acc=0.5000 (best 0.5000@ep1) tok_cos=1.000
[seed0/geo] epoch 17/30: train_acc=0.4963 val_acc=0.5000 (best 0.5000@ep1) tok_cos=1.000
[seed0/geo] epoch 18/30: train_acc=0.5069 val_acc=0.5000 (best 0.5000@ep1) tok_cos=1.000
[seed0/geo] epoch 19/30: train_acc=0.5025 val_acc=0.5000 (best 0.5000@ep1) tok_cos=1.000
[seed0/geo] epoch 20/30: train_acc=0.4838 val_acc=0.5000 (best 0.5000@ep1) tok_cos=1.000
[seed0/geo] epoch 21/30: train_acc=0.4900 val_acc=0.5000 (best 0.5000@ep1) tok_cos=1.000
[seed0/geo] epoch 22/30: train_acc=0.4938 val_acc=0.5000 (best 0.5000@ep1) tok_cos=1.000
[seed0/geo] epoch 23/30: train_acc=0.4888 val_acc=0.5000 (best 0.5000@ep1) tok_cos=1.000
[seed0/geo] epoch 24/30: train_acc=0.4975 val_acc=0.5000 (best 0.5000@ep1) tok_cos=1.000
[seed0/geo] epoch 25/30: train_acc=0.5075 val_acc=0.5000 (best 0.5000@ep1) tok_cos=1.000
[seed0/geo] epoch 26/30: train_acc=0.4825 val_acc=0.5000 (best 0.5000@ep1) tok_cos=1.000
[seed0/geo] epoch 27/30: train_acc=0.4838 val_acc=0.5000 (best 0.5000@ep1) tok_cos=1.000
[seed0/geo] epoch 28/30: train_acc=0.4931 val_acc=0.5000 (best 0.5000@ep1) tok_cos=1.000
[seed0/geo] epoch 29/30: train_acc=0.4906 val_acc=0.5000 (best 0.5000@ep1) tok_cos=1.000
[seed0/geo] epoch 30/30: train_acc=0.4969 val_acc=0.5000 (best 0.5000@ep1) tok_cos=1.000
[seed0/loop] epoch 1/30: train_acc=0.4919 val_acc=0.5000 (best 0.5000@ep1) tok_cos=0.056
[seed0/loop] epoch 2/30: train_acc=0.5069 val_acc=0.4900 (best 0.5000@ep1) tok_cos=0.012
[seed0/loop] epoch 3/30: train_acc=0.4725 val_acc=0.5000 (best 0.5000@ep1) tok_cos=-0.001
[seed0/loop] epoch 4/30: train_acc=0.4794 val_acc=0.5000 (best 0.5000@ep1) tok_cos=-0.004
[seed0/loop] epoch 5/30: train_acc=0.4900 val_acc=0.5000 (best 0.5000@ep1) tok_cos=-0.001
[seed0/loop] epoch 6/30: train_acc=0.4956 val_acc=0.5000 (best 0.5000@ep1) tok_cos=-0.005
[seed0/loop] epoch 7/30: train_acc=0.4906 val_acc=0.5000 (best 0.5000@ep1) tok_cos=-0.004
[seed0/loop] epoch 8/30: train_acc=0.4769 val_acc=0.5050 (best 0.5050@ep8) tok_cos=-0.006
[seed0/loop] epoch 9/30: train_acc=0.4750 val_acc=0.5225 (best 0.5225@ep9) tok_cos=-0.003
[seed0/loop] epoch 10/30: train_acc=0.4825 val_acc=0.5000 (best 0.5225@ep9) tok_cos=-0.006
[seed0/loop] epoch 11/30: train_acc=0.4750 val_acc=0.4975 (best 0.5225@ep9) tok_cos=-0.005
[seed0/loop] epoch 12/30: train_acc=0.4781 val_acc=0.5000 (best 0.5225@ep9) tok_cos=-0.007
[seed0/loop] epoch 13/30: train_acc=0.4875 val_acc=0.5000 (best 0.5225@ep9) tok_cos=-0.000
[seed0/loop] epoch 14/30: train_acc=0.5125 val_acc=0.5025 (best 0.5225@ep9) tok_cos=0.061
[seed0/loop] epoch 15/30: train_acc=0.5038 val_acc=0.5000 (best 0.5225@ep9) tok_cos=0.087
[seed0/loop] epoch 16/30: train_acc=0.4888 val_acc=0.5000 (best 0.5225@ep9) tok_cos=0.084
[seed0/loop] epoch 17/30: train_acc=0.4763 val_acc=0.5000 (best 0.5225@ep9) tok_cos=0.065
[seed0/loop] epoch 18/30: train_acc=0.4938 val_acc=0.5025 (best 0.5225@ep9) tok_cos=0.016
[seed0/loop] epoch 19/30: train_acc=0.4888 val_acc=0.5000 (best 0.5225@ep9) tok_cos=0.002
[seed0/loop] epoch 20/30: train_acc=0.4950 val_acc=0.5250 (best 0.5250@ep20) tok_cos=-0.001
[seed0/loop] epoch 21/30: train_acc=0.4700 val_acc=0.4975 (best 0.5250@ep20) tok_cos=0.008
[seed0/loop] epoch 22/30: train_acc=0.4738 val_acc=0.5000 (best 0.5250@ep20) tok_cos=0.027
[seed0/loop] epoch 23/30: train_acc=0.4975 val_acc=0.5000 (best 0.5250@ep20) tok_cos=0.014
[seed0/loop] epoch 24/30: train_acc=0.4788 val_acc=0.4925 (best 0.5250@ep20) tok_cos=0.014
[seed0/loop] epoch 25/30: train_acc=0.4975 val_acc=0.5025 (best 0.5250@ep20) tok_cos=0.014
[seed0/loop] epoch 26/30: train_acc=0.4988 val_acc=0.5000 (best 0.5250@ep20) tok_cos=0.013
[seed0/loop] epoch 27/30: train_acc=0.4806 val_acc=0.4975 (best 0.5250@ep20) tok_cos=0.013
[seed0/loop] epoch 28/30: train_acc=0.4781 val_acc=0.5000 (best 0.5250@ep20) tok_cos=0.013
[seed0/loop] epoch 29/30: train_acc=0.4956 val_acc=0.5025 (best 0.5250@ep20) tok_cos=0.014
[seed0/loop] epoch 30/30: train_acc=0.4894 val_acc=0.5000 (best 0.5250@ep20) tok_cos=0.014
[seed1/ff] epoch 1/30: train_acc=0.4963 val_acc=0.5000 (best 0.5000@ep1) tok_cos=0.017
[seed1/ff] epoch 2/30: train_acc=0.5062 val_acc=0.5000 (best 0.5000@ep1) tok_cos=0.007
[seed1/ff] epoch 3/30: train_acc=0.5012 val_acc=0.5000 (best 0.5000@ep1) tok_cos=-0.000
[seed1/ff] epoch 4/30: train_acc=0.4938 val_acc=0.4975 (best 0.5000@ep1) tok_cos=0.012
[seed1/ff] epoch 5/30: train_acc=0.5112 val_acc=0.5000 (best 0.5000@ep1) tok_cos=0.001
[seed1/ff] epoch 6/30: train_acc=0.4981 val_acc=0.5000 (best 0.5000@ep1) tok_cos=0.025
[seed1/ff] epoch 7/30: train_acc=0.4925 val_acc=0.4900 (best 0.5000@ep1) tok_cos=-0.003
[seed1/ff] epoch 8/30: train_acc=0.4838 val_acc=0.4900 (best 0.5000@ep1) tok_cos=-0.005
[seed1/ff] epoch 9/30: train_acc=0.4781 val_acc=0.4950 (best 0.5000@ep1) tok_cos=-0.003
[seed1/ff] epoch 10/30: train_acc=0.4706 val_acc=0.5000 (best 0.5000@ep1) tok_cos=-0.006
[seed1/ff] epoch 11/30: train_acc=0.4963 val_acc=0.5025 (best 0.5025@ep11) tok_cos=-0.005
[seed1/ff] epoch 12/30: train_acc=0.4956 val_acc=0.4925 (best 0.5025@ep11) tok_cos=-0.004
[seed1/ff] epoch 13/30: train_acc=0.4975 val_acc=0.4875 (best 0.5025@ep11) tok_cos=-0.005
[seed1/ff] epoch 14/30: train_acc=0.4900 val_acc=0.4975 (best 0.5025@ep11) tok_cos=-0.006
[seed1/ff] epoch 15/30: train_acc=0.4775 val_acc=0.5075 (best 0.5075@ep15) tok_cos=-0.002
[seed1/ff] epoch 16/30: train_acc=0.4756 val_acc=0.5000 (best 0.5075@ep15) tok_cos=-0.005
[seed1/ff] epoch 17/30: train_acc=0.4688 val_acc=0.4925 (best 0.5075@ep15) tok_cos=-0.006
[seed1/ff] epoch 18/30: train_acc=0.4838 val_acc=0.5000 (best 0.5075@ep15) tok_cos=-0.007
[seed1/ff] epoch 19/30: train_acc=0.4931 val_acc=0.5025 (best 0.5075@ep15) tok_cos=-0.007
[seed1/ff] epoch 20/30: train_acc=0.4869 val_acc=0.5075 (best 0.5075@ep15) tok_cos=-0.007
[seed1/ff] epoch 21/30: train_acc=0.5038 val_acc=0.4975 (best 0.5075@ep15) tok_cos=-0.005
[seed1/ff] epoch 22/30: train_acc=0.4975 val_acc=0.5000 (best 0.5075@ep15) tok_cos=-0.006
[seed1/ff] epoch 23/30: train_acc=0.4806 val_acc=0.5100 (best 0.5100@ep23) tok_cos=-0.007
[seed1/ff] epoch 24/30: train_acc=0.5006 val_acc=0.4975 (best 0.5100@ep23) tok_cos=-0.006
[seed1/ff] epoch 25/30: train_acc=0.4919 val_acc=0.4950 (best 0.5100@ep23) tok_cos=-0.006
[seed1/ff] epoch 26/30: train_acc=0.4906 val_acc=0.5050 (best 0.5100@ep23) tok_cos=-0.007
[seed1/ff] epoch 27/30: train_acc=0.4800 val_acc=0.5050 (best 0.5100@ep23) tok_cos=-0.007
[seed1/ff] epoch 28/30: train_acc=0.4956 val_acc=0.4850 (best 0.5100@ep23) tok_cos=-0.007
[seed1/ff] epoch 29/30: train_acc=0.5056 val_acc=0.5000 (best 0.5100@ep23) tok_cos=-0.007
[seed1/ff] epoch 30/30: train_acc=0.4988 val_acc=0.5050 (best 0.5100@ep23) tok_cos=-0.006
[seed1/geo] epoch 1/30: train_acc=0.5100 val_acc=0.5000 (best 0.5000@ep1) tok_cos=0.999
[seed1/geo] epoch 2/30: train_acc=0.4725 val_acc=0.5000 (best 0.5000@ep1) tok_cos=0.999
[seed1/geo] epoch 3/30: train_acc=0.4788 val_acc=0.5000 (best 0.5000@ep1) tok_cos=1.000
[seed1/geo] epoch 4/30: train_acc=0.5188 val_acc=0.5000 (best 0.5000@ep1) tok_cos=1.000
[seed1/geo] epoch 5/30: train_acc=0.4900 val_acc=0.5000 (best 0.5000@ep1) tok_cos=1.000
[seed1/geo] epoch 6/30: train_acc=0.5112 val_acc=0.5000 (best 0.5000@ep1) tok_cos=1.000
[seed1/geo] epoch 7/30: train_acc=0.4900 val_acc=0.5000 (best 0.5000@ep1) tok_cos=1.000
[seed1/geo] epoch 8/30: train_acc=0.4781 val_acc=0.5000 (best 0.5000@ep1) tok_cos=1.000
[seed1/geo] epoch 9/30: train_acc=0.4863 val_acc=0.5000 (best 0.5000@ep1) tok_cos=1.000
[seed1/geo] epoch 10/30: train_acc=0.5038 val_acc=0.5000 (best 0.5000@ep1) tok_cos=1.000
[seed1/geo] epoch 11/30: train_acc=0.4863 val_acc=0.5000 (best 0.5000@ep1) tok_cos=1.000
[seed1/geo] epoch 12/30: train_acc=0.5038 val_acc=0.5000 (best 0.5000@ep1) tok_cos=1.000
[seed1/geo] epoch 13/30: train_acc=0.4650 val_acc=0.5000 (best 0.5000@ep1) tok_cos=1.000
[seed1/geo] epoch 14/30: train_acc=0.4988 val_acc=0.5000 (best 0.5000@ep1) tok_cos=1.000
[seed1/geo] epoch 15/30: train_acc=0.4938 val_acc=0.5000 (best 0.5000@ep1) tok_cos=1.000
[seed1/geo] epoch 16/30: train_acc=0.4913 val_acc=0.5000 (best 0.5000@ep1) tok_cos=1.000
[seed1/geo] epoch 17/30: train_acc=0.4838 val_acc=0.5000 (best 0.5000@ep1) tok_cos=1.000
[seed1/geo] epoch 18/30: train_acc=0.4838 val_acc=0.5000 (best 0.5000@ep1) tok_cos=1.000
[seed1/geo] epoch 19/30: train_acc=0.4888 val_acc=0.5000 (best 0.5000@ep1) tok_cos=1.000
[seed1/geo] epoch 20/30: train_acc=0.4938 val_acc=0.5000 (best 0.5000@ep1) tok_cos=1.000
[seed1/geo] epoch 21/30: train_acc=0.4913 val_acc=0.5000 (best 0.5000@ep1) tok_cos=1.000
[seed1/geo] epoch 22/30: train_acc=0.5038 val_acc=0.5000 (best 0.5000@ep1) tok_cos=1.000
[seed1/geo] epoch 23/30: train_acc=0.4913 val_acc=0.5000 (best 0.5000@ep1) tok_cos=1.000
[seed1/geo] epoch 24/30: train_acc=0.4875 val_acc=0.5000 (best 0.5000@ep1) tok_cos=1.000
[seed1/geo] epoch 25/30: train_acc=0.4950 val_acc=0.5000 (best 0.5000@ep1) tok_cos=1.000
[seed1/geo] epoch 26/30: train_acc=0.4888 val_acc=0.5000 (best 0.5000@ep1) tok_cos=1.000
[seed1/geo] epoch 27/30: train_acc=0.5062 val_acc=0.5000 (best 0.5000@ep1) tok_cos=1.000
[seed1/geo] epoch 28/30: train_acc=0.4913 val_acc=0.5000 (best 0.5000@ep1) tok_cos=1.000
[seed1/geo] epoch 29/30: train_acc=0.4900 val_acc=0.5000 (best 0.5000@ep1) tok_cos=1.000
[seed1/geo] epoch 30/30: train_acc=0.5112 val_acc=0.5000 (best 0.5000@ep1) tok_cos=1.000
[seed1/loop] epoch 1/30: train_acc=0.4963 val_acc=0.5000 (best 0.5000@ep1) tok_cos=0.092
[seed1/loop] epoch 2/30: train_acc=0.5188 val_acc=0.5000 (best 0.5000@ep1) tok_cos=0.038
[seed1/loop] epoch 3/30: train_acc=0.4925 val_acc=0.5000 (best 0.5000@ep1) tok_cos=0.020
[seed1/loop] epoch 4/30: train_acc=0.4875 val_acc=0.5000 (best 0.5000@ep1) tok_cos=0.020
[seed1/loop] epoch 5/30: train_acc=0.4975 val_acc=0.5000 (best 0.5000@ep1) tok_cos=0.007
[seed1/loop] epoch 6/30: train_acc=0.5038 val_acc=0.5000 (best 0.5000@ep1) tok_cos=0.010
[seed1/loop] epoch 7/30: train_acc=0.4844 val_acc=0.5000 (best 0.5000@ep1) tok_cos=-0.006
[seed1/loop] epoch 8/30: train_acc=0.4988 val_acc=0.5000 (best 0.5000@ep1) tok_cos=-0.006
[seed1/loop] epoch 9/30: train_acc=0.4856 val_acc=0.4850 (best 0.5000@ep1) tok_cos=-0.006
[seed1/loop] epoch 10/30: train_acc=0.4813 val_acc=0.4900 (best 0.5000@ep1) tok_cos=-0.007
[seed1/loop] epoch 11/30: train_acc=0.4813 val_acc=0.5025 (best 0.5025@ep11) tok_cos=-0.007
[seed1/loop] epoch 12/30: train_acc=0.4969 val_acc=0.5050 (best 0.5050@ep12) tok_cos=-0.007
[seed1/loop] epoch 13/30: train_acc=0.4819 val_acc=0.5000 (best 0.5050@ep12) tok_cos=-0.007
[seed1/loop] epoch 14/30: train_acc=0.4856 val_acc=0.4975 (best 0.5050@ep12) tok_cos=-0.007
[seed1/loop] epoch 15/30: train_acc=0.4969 val_acc=0.5000 (best 0.5050@ep12) tok_cos=-0.007
[seed1/loop] epoch 16/30: train_acc=0.4750 val_acc=0.5000 (best 0.5050@ep12) tok_cos=-0.007
[seed1/loop] epoch 17/30: train_acc=0.5019 val_acc=0.4950 (best 0.5050@ep12) tok_cos=-0.007
[seed1/loop] epoch 18/30: train_acc=0.4881 val_acc=0.4975 (best 0.5050@ep12) tok_cos=-0.007
[seed1/loop] epoch 19/30: train_acc=0.5006 val_acc=0.4925 (best 0.5050@ep12) tok_cos=-0.007
[seed1/loop] epoch 20/30: train_acc=0.4800 val_acc=0.5000 (best 0.5050@ep12) tok_cos=-0.007
[seed1/loop] epoch 21/30: train_acc=0.4988 val_acc=0.4900 (best 0.5050@ep12) tok_cos=-0.007
[seed1/loop] epoch 22/30: train_acc=0.4944 val_acc=0.4975 (best 0.5050@ep12) tok_cos=-0.006
[seed1/loop] epoch 23/30: train_acc=0.4813 val_acc=0.5025 (best 0.5050@ep12) tok_cos=-0.004
[seed1/loop] epoch 24/30: train_acc=0.4981 val_acc=0.5000 (best 0.5050@ep12) tok_cos=-0.005
[seed1/loop] epoch 25/30: train_acc=0.4931 val_acc=0.4975 (best 0.5050@ep12) tok_cos=-0.006
[seed1/loop] epoch 26/30: train_acc=0.4925 val_acc=0.5050 (best 0.5050@ep12) tok_cos=-0.005
[seed1/loop] epoch 27/30: train_acc=0.4775 val_acc=0.4950 (best 0.5050@ep12) tok_cos=-0.001
[seed1/loop] epoch 28/30: train_acc=0.4894 val_acc=0.5025 (best 0.5050@ep12) tok_cos=-0.001
[seed1/loop] epoch 29/30: train_acc=0.5031 val_acc=0.5000 (best 0.5050@ep12) tok_cos=-0.005
[seed1/loop] epoch 30/30: train_acc=0.4875 val_acc=0.4975 (best 0.5050@ep12) tok_cos=-0.003
[seed2/ff] epoch 1/30: train_acc=0.4875 val_acc=0.5000 (best 0.5000@ep1) tok_cos=0.012
[seed2/ff] epoch 2/30: train_acc=0.5075 val_acc=0.5000 (best 0.5000@ep1) tok_cos=0.007
[seed2/ff] epoch 3/30: train_acc=0.5019 val_acc=0.5000 (best 0.5000@ep1) tok_cos=0.006
[seed2/ff] epoch 4/30: train_acc=0.4956 val_acc=0.5000 (best 0.5000@ep1) tok_cos=0.010
[seed2/ff] epoch 5/30: train_acc=0.5056 val_acc=0.5000 (best 0.5000@ep1) tok_cos=0.006
[seed2/ff] epoch 6/30: train_acc=0.4913 val_acc=0.5000 (best 0.5000@ep1) tok_cos=0.044
[seed2/ff] epoch 7/30: train_acc=0.4819 val_acc=0.5000 (best 0.5000@ep1) tok_cos=0.014
[seed2/ff] epoch 8/30: train_acc=0.4731 val_acc=0.5000 (best 0.5000@ep1) tok_cos=-0.001
[seed2/ff] epoch 9/30: train_acc=0.4806 val_acc=0.4850 (best 0.5000@ep1) tok_cos=-0.003
[seed2/ff] epoch 10/30: train_acc=0.4863 val_acc=0.5000 (best 0.5000@ep1) tok_cos=-0.001
[seed2/ff] epoch 11/30: train_acc=0.4963 val_acc=0.4950 (best 0.5000@ep1) tok_cos=-0.005
[seed2/ff] epoch 12/30: train_acc=0.5106 val_acc=0.5000 (best 0.5000@ep1) tok_cos=0.007
[seed2/ff] epoch 13/30: train_acc=0.4813 val_acc=0.5000 (best 0.5000@ep1) tok_cos=0.001
[seed2/ff] epoch 14/30: train_acc=0.4681 val_acc=0.5000 (best 0.5000@ep1) tok_cos=-0.004
[seed2/ff] epoch 15/30: train_acc=0.4919 val_acc=0.5100 (best 0.5100@ep15) tok_cos=-0.006
[seed2/ff] epoch 16/30: train_acc=0.4813 val_acc=0.5225 (best 0.5225@ep16) tok_cos=-0.006
[seed2/ff] epoch 17/30: train_acc=0.5125 val_acc=0.5000 (best 0.5225@ep16) tok_cos=0.004
[seed2/ff] epoch 18/30: train_acc=0.4988 val_acc=0.5000 (best 0.5225@ep16) tok_cos=0.001
[seed2/ff] epoch 19/30: train_acc=0.4694 val_acc=0.5000 (best 0.5225@ep16) tok_cos=-0.006
[seed2/ff] epoch 20/30: train_acc=0.4950 val_acc=0.5000 (best 0.5225@ep16) tok_cos=0.007
[seed2/ff] epoch 21/30: train_acc=0.5019 val_acc=0.5000 (best 0.5225@ep16) tok_cos=-0.003
[seed2/ff] epoch 22/30: train_acc=0.4763 val_acc=0.5025 (best 0.5225@ep16) tok_cos=-0.005
[seed2/ff] epoch 23/30: train_acc=0.4831 val_acc=0.5000 (best 0.5225@ep16) tok_cos=-0.007
[seed2/ff] epoch 24/30: train_acc=0.4938 val_acc=0.5000 (best 0.5225@ep16) tok_cos=-0.007
[seed2/ff] epoch 25/30: train_acc=0.4819 val_acc=0.4975 (best 0.5225@ep16) tok_cos=-0.007
[seed2/ff] epoch 26/30: train_acc=0.4938 val_acc=0.5000 (best 0.5225@ep16) tok_cos=-0.006
[seed2/ff] epoch 27/30: train_acc=0.4819 val_acc=0.5000 (best 0.5225@ep16) tok_cos=-0.008
[seed2/ff] epoch 28/30: train_acc=0.4844 val_acc=0.5000 (best 0.5225@ep16) tok_cos=-0.007
[seed2/ff] epoch 29/30: train_acc=0.4813 val_acc=0.5075 (best 0.5225@ep16) tok_cos=-0.008
[seed2/ff] epoch 30/30: train_acc=0.4850 val_acc=0.5000 (best 0.5225@ep16) tok_cos=-0.008
[seed2/geo] epoch 1/30: train_acc=0.4950 val_acc=0.5000 (best 0.5000@ep1) tok_cos=0.997
[seed2/geo] epoch 2/30: train_acc=0.5000 val_acc=0.5000 (best 0.5000@ep1) tok_cos=0.998
[seed2/geo] epoch 3/30: train_acc=0.4838 val_acc=0.5000 (best 0.5000@ep1) tok_cos=0.999
[seed2/geo] epoch 4/30: train_acc=0.4706 val_acc=0.5000 (best 0.5000@ep1) tok_cos=0.999
[seed2/geo] epoch 5/30: train_acc=0.4850 val_acc=0.5000 (best 0.5000@ep1) tok_cos=0.999
[seed2/geo] epoch 6/30: train_acc=0.4988 val_acc=0.5000 (best 0.5000@ep1) tok_cos=1.000
[seed2/geo] epoch 7/30: train_acc=0.5088 val_acc=0.5000 (best 0.5000@ep1) tok_cos=1.000
[seed2/geo] epoch 8/30: train_acc=0.4800 val_acc=0.5000 (best 0.5000@ep1) tok_cos=1.000
[seed2/geo] epoch 9/30: train_acc=0.4925 val_acc=0.5000 (best 0.5000@ep1) tok_cos=1.000
[seed2/geo] epoch 10/30: train_acc=0.4763 val_acc=0.5000 (best 0.5000@ep1) tok_cos=1.000
[seed2/geo] epoch 11/30: train_acc=0.4919 val_acc=0.5000 (best 0.5000@ep1) tok_cos=1.000
[seed2/geo] epoch 12/30: train_acc=0.4850 val_acc=0.5000 (best 0.5000@ep1) tok_cos=1.000
[seed2/geo] epoch 13/30: train_acc=0.4950 val_acc=0.5000 (best 0.5000@ep1) tok_cos=1.000
[seed2/geo] epoch 14/30: train_acc=0.4763 val_acc=0.5000 (best 0.5000@ep1) tok_cos=1.000
[seed2/geo] epoch 15/30: train_acc=0.5050 val_acc=0.5000 (best 0.5000@ep1) tok_cos=1.000
[seed2/geo] epoch 16/30: train_acc=0.5075 val_acc=0.5000 (best 0.5000@ep1) tok_cos=1.000
[seed2/geo] epoch 17/30: train_acc=0.4925 val_acc=0.5000 (best 0.5000@ep1) tok_cos=1.000
[seed2/geo] epoch 18/30: train_acc=0.4900 val_acc=0.5000 (best 0.5000@ep1) tok_cos=1.000
[seed2/geo] epoch 19/30: train_acc=0.5088 val_acc=0.5000 (best 0.5000@ep1) tok_cos=1.000
[seed2/geo] epoch 20/30: train_acc=0.4975 val_acc=0.5000 (best 0.5000@ep1) tok_cos=1.000
[seed2/geo] epoch 21/30: train_acc=0.5050 val_acc=0.5000 (best 0.5000@ep1) tok_cos=1.000
[seed2/geo] epoch 22/30: train_acc=0.4925 val_acc=0.5000 (best 0.5000@ep1) tok_cos=1.000
[seed2/geo] epoch 23/30: train_acc=0.4863 val_acc=0.5000 (best 0.5000@ep1) tok_cos=1.000
[seed2/geo] epoch 24/30: train_acc=0.4938 val_acc=0.5000 (best 0.5000@ep1) tok_cos=1.000
[seed2/geo] epoch 25/30: train_acc=0.4975 val_acc=0.5000 (best 0.5000@ep1) tok_cos=1.000
[seed2/geo] epoch 26/30: train_acc=0.4888 val_acc=0.5000 (best 0.5000@ep1) tok_cos=1.000
[seed2/geo] epoch 27/30: train_acc=0.4900 val_acc=0.5000 (best 0.5000@ep1) tok_cos=1.000
[seed2/geo] epoch 28/30: train_acc=0.4925 val_acc=0.5000 (best 0.5000@ep1) tok_cos=1.000
[seed2/geo] epoch 29/30: train_acc=0.4825 val_acc=0.5000 (best 0.5000@ep1) tok_cos=1.000
[seed2/geo] epoch 30/30: train_acc=0.5162 val_acc=0.5000 (best 0.5000@ep1) tok_cos=1.000
[seed2/loop] epoch 1/30: train_acc=0.4956 val_acc=0.5000 (best 0.5000@ep1) tok_cos=0.035
[seed2/loop] epoch 2/30: train_acc=0.5106 val_acc=0.5000 (best 0.5000@ep1) tok_cos=0.005
[seed2/loop] epoch 3/30: train_acc=0.4969 val_acc=0.5000 (best 0.5000@ep1) tok_cos=0.001
[seed2/loop] epoch 4/30: train_acc=0.4894 val_acc=0.5000 (best 0.5000@ep1) tok_cos=-0.002
[seed2/loop] epoch 5/30: train_acc=0.5019 val_acc=0.5000 (best 0.5000@ep1) tok_cos=-0.001
[seed2/loop] epoch 6/30: train_acc=0.4963 val_acc=0.5000 (best 0.5000@ep1) tok_cos=0.047
[seed2/loop] epoch 7/30: train_acc=0.4831 val_acc=0.5000 (best 0.5000@ep1) tok_cos=0.003
[seed2/loop] epoch 8/30: train_acc=0.5019 val_acc=0.5000 (best 0.5000@ep1) tok_cos=-0.003
[seed2/loop] epoch 9/30: train_acc=0.4831 val_acc=0.5000 (best 0.5000@ep1) tok_cos=0.765
[seed2/loop] epoch 10/30: train_acc=0.5194 val_acc=0.5000 (best 0.5000@ep1) tok_cos=0.045
[seed2/loop] epoch 11/30: train_acc=0.5019 val_acc=0.5025 (best 0.5025@ep11) tok_cos=0.001
[seed2/loop] epoch 12/30: train_acc=0.5125 val_acc=0.5000 (best 0.5025@ep11) tok_cos=0.026
[seed2/loop] epoch 13/30: train_acc=0.4744 val_acc=0.5100 (best 0.5100@ep13) tok_cos=0.001
[seed2/loop] epoch 14/30: train_acc=0.4775 val_acc=0.5025 (best 0.5100@ep13) tok_cos=-0.007
[seed2/loop] epoch 15/30: train_acc=0.4994 val_acc=0.5000 (best 0.5100@ep13) tok_cos=-0.008
[seed2/loop] epoch 16/30: train_acc=0.4806 val_acc=0.5000 (best 0.5100@ep13) tok_cos=-0.007
[seed2/loop] epoch 17/30: train_acc=0.4981 val_acc=0.5000 (best 0.5100@ep13) tok_cos=-0.007
[seed2/loop] epoch 18/30: train_acc=0.5056 val_acc=0.5000 (best 0.5100@ep13) tok_cos=0.025
[seed2/loop] epoch 19/30: train_acc=0.4863 val_acc=0.5000 (best 0.5100@ep13) tok_cos=0.010
[seed2/loop] epoch 20/30: train_acc=0.4931 val_acc=0.5000 (best 0.5100@ep13) tok_cos=-0.001
[seed2/loop] epoch 21/30: train_acc=0.4994 val_acc=0.5150 (best 0.5150@ep21) tok_cos=-0.009
[seed2/loop] epoch 22/30: train_acc=0.4988 val_acc=0.5100 (best 0.5150@ep21) tok_cos=-0.005
[seed2/loop] epoch 23/30: train_acc=0.4869 val_acc=0.5000 (best 0.5150@ep21) tok_cos=-0.005
[seed2/loop] epoch 24/30: train_acc=0.4819 val_acc=0.5000 (best 0.5150@ep21) tok_cos=-0.009
[seed2/loop] epoch 25/30: train_acc=0.4863 val_acc=0.5000 (best 0.5150@ep21) tok_cos=-0.010
[seed2/loop] epoch 26/30: train_acc=0.4875 val_acc=0.5000 (best 0.5150@ep21) tok_cos=-0.009
[seed2/loop] epoch 27/30: train_acc=0.4819 val_acc=0.5000 (best 0.5150@ep21) tok_cos=-0.008
[seed2/loop] epoch 28/30: train_acc=0.5000 val_acc=0.5000 (best 0.5150@ep21) tok_cos=-0.010
[seed2/loop] epoch 29/30: train_acc=0.4906 val_acc=0.5075 (best 0.5150@ep21) tok_cos=-0.009
[seed2/loop] epoch 30/30: train_acc=0.4669 val_acc=0.4950 (best 0.5150@ep21) tok_cos=-0.009

=== val accuracy across seeds (mean ± sd) ===
ff    best  0.5142 ± 0.0072 | -1:0.423 2:0.625 3:0.558 4:0.592 5:0.600 6:0.650
ff    final 0.5017 ± 0.0029 | -1:0.700 2:0.283 3:0.292 4:0.300 5:0.317 6:0.325
geo   best  0.5000 ± 0.0000 | -1:0.000 2:1.000 3:1.000 4:1.000 5:1.000 6:1.000
geo   final 0.5000 ± 0.0000 | -1:0.667 2:0.333 3:0.333 4:0.333 5:0.333 6:0.333
loop  best  0.5150 ± 0.0100 | -1:0.670 2:0.317 3:0.308 4:0.375 5:0.425 6:0.375
loop  final 0.4975 ± 0.0025 | -1:0.533 2:0.475 3:0.442 4:0.425 5:0.475 6:0.492
