[seed0/ff] epoch 1/30 (hops<=2): train_acc=0.4741 val_acc=0.5090 (best 0.5090@ep1) by_graph_hop 2:0.514 3:0.514 4:0.529 5:0.490 6:0.499 tok_cos=0.147
[seed0/ff] epoch 2/30 (hops<=2): train_acc=0.4966 val_acc=0.5000 (best 0.5090@ep1) by_graph_hop 2:0.500 3:0.500 4:0.500 5:0.500 6:0.500 tok_cos=0.934
[seed0/ff] epoch 3/30 (hops<=2): train_acc=0.5059 val_acc=0.4918 (best 0.5090@ep1) by_graph_hop 2:0.484 3:0.492 4:0.482 5:0.490 6:0.510 tok_cos=0.968
[seed0/ff] epoch 4/30 (hops<=2): train_acc=0.5062 val_acc=0.5000 (best 0.5090@ep1) by_graph_hop 2:0.500 3:0.500 4:0.500 5:0.500 6:0.500 tok_cos=0.971
[seed0/ff] epoch 5/30 (hops<=2): train_acc=0.5200 val_acc=0.4995 (best 0.5090@ep1) by_graph_hop 2:0.500 3:0.499 4:0.499 5:0.502 6:0.497 tok_cos=0.979
[seed0/ff] epoch 6/30 (hops<=2): train_acc=0.5153 val_acc=0.5035 (best 0.5090@ep1) by_graph_hop 2:0.510 3:0.486 4:0.502 5:0.510 6:0.509 tok_cos=0.979
[seed0/ff] epoch 7/30 (hops<=3): train_acc=0.5067 val_acc=0.4948 (best 0.5090@ep1) by_graph_hop 2:0.490 3:0.499 4:0.494 5:0.495 6:0.496 tok_cos=0.988
[seed0/ff] epoch 8/30 (hops<=3): train_acc=0.5100 val_acc=0.5020 (best 0.5090@ep1) by_graph_hop 2:0.499 3:0.514 4:0.476 5:0.519 6:0.502 tok_cos=0.981
[seed0/ff] epoch 9/30 (hops<=3): train_acc=0.5191 val_acc=0.5138 (best 0.5138@ep9) by_graph_hop 2:0.527 3:0.521 4:0.480 5:0.506 6:0.534 tok_cos=0.177
[seed0/ff] epoch 10/30 (hops<=3): train_acc=0.5255 val_acc=0.5000 (best 0.5138@ep9) by_graph_hop 2:0.530 3:0.490 4:0.497 5:0.486 6:0.496 tok_cos=0.126
[seed0/ff] epoch 11/30 (hops<=3): train_acc=0.5298 val_acc=0.5078 (best 0.5138@ep9) by_graph_hop 2:0.536 3:0.501 4:0.494 5:0.479 6:0.529 tok_cos=0.974
[seed0/ff] epoch 12/30 (hops<=3): train_acc=0.5403 val_acc=0.5115 (best 0.5138@ep9) by_graph_hop 2:0.526 3:0.524 4:0.492 5:0.516 6:0.499 tok_cos=0.970
[seed0/ff] epoch 13/30 (hops<=4): train_acc=0.5423 val_acc=0.5115 (best 0.5138@ep9) by_graph_hop 2:0.541 3:0.514 4:0.482 5:0.494 6:0.526 tok_cos=0.982
[seed0/ff] epoch 14/30 (hops<=4): train_acc=0.5396 val_acc=0.5028 (best 0.5138@ep9) by_graph_hop 2:0.531 3:0.507 4:0.474 5:0.494 6:0.507 tok_cos=0.993
[seed0/ff] epoch 15/30 (hops<=4): train_acc=0.5527 val_acc=0.5038 (best 0.5138@ep9) by_graph_hop 2:0.522 3:0.502 4:0.500 5:0.510 6:0.484 tok_cos=0.995
[seed0/ff] epoch 16/30 (hops<=4): train_acc=0.5610 val_acc=0.5152 (best 0.5152@ep16) by_graph_hop 2:0.527 3:0.520 4:0.506 5:0.506 6:0.516 tok_cos=0.991
[seed0/ff] epoch 17/30 (hops<=4): train_acc=0.5644 val_acc=0.5068 (best 0.5152@ep16) by_graph_hop 2:0.511 3:0.490 4:0.486 5:0.515 6:0.531 tok_cos=0.987
[seed0/ff] epoch 18/30 (hops<=4): train_acc=0.5731 val_acc=0.5035 (best 0.5152@ep16) by_graph_hop 2:0.481 3:0.492 4:0.501 5:0.510 6:0.532 tok_cos=0.991
[seed0/ff] epoch 19/30 (hops<=5): train_acc=0.5561 val_acc=0.5100 (best 0.5152@ep16) by_graph_hop 2:0.530 3:0.486 4:0.479 5:0.497 6:0.557 tok_cos=0.991
[seed0/ff] epoch 20/30 (hops<=5): train_acc=0.5650 val_acc=0.5002 (best 0.5152@ep16) by_graph_hop 2:0.512 3:0.495 4:0.492 5:0.485 6:0.516 tok_cos=0.995
[seed0/ff] epoch 21/30 (hops<=5): train_acc=0.5737 val_acc=0.5050 (best 0.5152@ep16) by_graph_hop 2:0.509 3:0.496 4:0.492 5:0.510 6:0.517 tok_cos=0.994
[seed0/ff] epoch 22/30 (hops<=5): train_acc=0.5717 val_acc=0.5025 (best 0.5152@ep16) by_graph_hop 2:0.494 3:0.490 4:0.509 5:0.521 6:0.499 tok_cos=0.989
[seed0/ff] epoch 23/30 (hops<=5): train_acc=0.5683 val_acc=0.5052 (best 0.5152@ep16) by_graph_hop 2:0.506 3:0.484 4:0.496 5:0.524 6:0.516 tok_cos=0.992
[seed0/ff] epoch 24/30 (hops<=5): train_acc=0.5763 val_acc=0.5190 (best 0.5190@ep24) by_graph_hop 2:0.531 3:0.504 4:0.530 5:0.497 6:0.532 tok_cos=0.992
[seed0/ff] epoch 25/30 (hops<=6): train_acc=0.5682 val_acc=0.5122 (best 0.5190@ep24) by_graph_hop 2:0.531 3:0.510 4:0.500 5:0.517 6:0.502 tok_cos=0.994
[seed0/ff] epoch 26/30 (hops<=6): train_acc=0.5745 val_acc=0.5182 (best 0.5190@ep24) by_graph_hop 2:0.542 3:0.496 4:0.510 5:0.500 6:0.542 tok_cos=0.990
[seed0/ff] epoch 27/30 (hops<=6): train_acc=0.5806 val_acc=0.5125 (best 0.5190@ep24) by_graph_hop 2:0.532 3:0.512 4:0.500 5:0.491 6:0.526 tok_cos=0.987
[seed0/ff] epoch 28/30 (hops<=6): train_acc=0.5881 val_acc=0.5132 (best 0.5190@ep24) by_graph_hop 2:0.514 3:0.521 4:0.497 5:0.507 6:0.526 tok_cos=0.992
[seed0/ff] epoch 29/30 (hops<=6): train_acc=0.5866 val_acc=0.5078 (best 0.5190@ep24) by_graph_hop 2:0.525 3:0.514 4:0.500 5:0.495 6:0.505 tok_cos=0.989
[seed0/ff] epoch 30/30 (hops<=6): train_acc=0.5890 val_acc=0.5102 (best 0.5190@ep24) by_graph_hop 2:0.542 3:0.510 4:0.491 5:0.484 6:0.524 tok_cos=0.991
[seed0/geo] epoch 1/30 (hops<=2): train_acc=0.4906 val_acc=0.5000 (best 0.5000@ep1) by_graph_hop 2:0.500 3:0.500 4:0.500 5:0.500 6:0.500 tok_cos=1.000
[seed0/geo] epoch 2/30 (hops<=2): train_acc=0.4950 val_acc=0.5000 (best 0.5000@ep1) by_graph_hop 2:0.500 3:0.500 4:0.500 5:0.500 6:0.500 tok_cos=1.000
[seed0/geo] epoch 3/30 (hops<=2): train_acc=0.4944 val_acc=0.5000 (best 0.5000@ep1) by_graph_hop 2:0.500 3:0.500 4:0.500 5:0.500 6:0.500 tok_cos=1.000
[seed0/geo] epoch 4/30 (hops<=2): train_acc=0.5012 val_acc=0.4960 (best 0.5000@ep1) by_graph_hop 2:0.511 3:0.486 4:0.496 5:0.509 6:0.477 tok_cos=1.000
[seed0/geo] epoch 5/30 (hops<=2): train_acc=0.5091 val_acc=0.4995 (best 0.5000@ep1) by_graph_hop 2:0.495 3:0.495 4:0.507 5:0.504 6:0.496 tok_cos=0.997
[seed0/geo] epoch 6/30 (hops<=2): train_acc=0.4956 val_acc=0.5000 (best 0.5000@ep1) by_graph_hop 2:0.500 3:0.500 4:0.500 5:0.500 6:0.500 tok_cos=1.000
[seed0/geo] epoch 7/30 (hops<=3): train_acc=0.4927 val_acc=0.5000 (best 0.5000@ep1) by_graph_hop 2:0.500 3:0.500 4:0.500 5:0.500 6:0.500 tok_cos=1.000
[seed0/geo] epoch 8/30 (hops<=3): train_acc=0.5055 val_acc=0.5022 (best 0.5022@ep8) by_graph_hop 2:0.504 3:0.504 4:0.501 5:0.497 6:0.505 tok_cos=1.000
[seed0/geo] epoch 9/30 (hops<=3): train_acc=0.5105 val_acc=0.5000 (best 0.5022@ep8) by_graph_hop 2:0.500 3:0.500 4:0.500 5:0.500 6:0.500 tok_cos=1.000
[seed0/geo] epoch 10/30 (hops<=3): train_acc=0.5105 val_acc=0.5000 (best 0.5022@ep8) by_graph_hop 2:0.500 3:0.500 4:0.500 5:0.500 6:0.500 tok_cos=1.000
[seed0/geo] epoch 11/30 (hops<=3): train_acc=0.4908 val_acc=0.5000 (best 0.5022@ep8) by_graph_hop 2:0.500 3:0.500 4:0.500 5:0.500 6:0.500 tok_cos=1.000
[seed0/geo] epoch 12/30 (hops<=3): train_acc=0.4941 val_acc=0.4990 (best 0.5022@ep8) by_graph_hop 2:0.504 3:0.499 4:0.501 5:0.496 6:0.495 tok_cos=1.000
[seed0/geo] epoch 13/30 (hops<=4): train_acc=0.5003 val_acc=0.5000 (best 0.5022@ep8) by_graph_hop 2:0.500 3:0.500 4:0.500 5:0.500 6:0.500 tok_cos=1.000
[seed0/geo] epoch 14/30 (hops<=4): train_acc=0.4994 val_acc=0.5020 (best 0.5022@ep8) by_graph_hop 2:0.495 3:0.495 4:0.492 5:0.510 6:0.517 tok_cos=1.000
[seed0/geo] epoch 15/30 (hops<=4): train_acc=0.5031 val_acc=0.5000 (best 0.5022@ep8) by_graph_hop 2:0.500 3:0.500 4:0.500 5:0.500 6:0.500 tok_cos=1.000
[seed0/geo] epoch 16/30 (hops<=4): train_acc=0.4998 val_acc=0.5070 (best 0.5070@ep16) by_graph_hop 2:0.507 3:0.510 4:0.497 5:0.509 6:0.511 tok_cos=1.000
[seed0/geo] epoch 17/30 (hops<=4): train_acc=0.5040 val_acc=0.4995 (best 0.5070@ep16) by_graph_hop 2:0.497 3:0.499 4:0.487 5:0.509 6:0.505 tok_cos=1.000
[seed0/geo] epoch 18/30 (hops<=4): train_acc=0.5039 val_acc=0.5000 (best 0.5070@ep16) by_graph_hop 2:0.500 3:0.500 4:0.500 5:0.500 6:0.500 tok_cos=1.000
[seed0/geo] epoch 19/30 (hops<=5): train_acc=0.4977 val_acc=0.5000 (best 0.5070@ep16) by_graph_hop 2:0.500 3:0.500 4:0.500 5:0.500 6:0.500 tok_cos=1.000
[seed0/geo] epoch 20/30 (hops<=5): train_acc=0.4997 val_acc=0.5000 (best 0.5070@ep16) by_graph_hop 2:0.500 3:0.500 4:0.500 5:0.500 6:0.500 tok_cos=1.000
[seed0/geo] epoch 21/30 (hops<=5): train_acc=0.5008 val_acc=0.5000 (best 0.5070@ep16) by_graph_hop 2:0.500 3:0.500 4:0.500 5:0.500 6:0.500 tok_cos=1.000
[seed0/geo] epoch 22/30 (hops<=5): train_acc=0.4943 val_acc=0.5035 (best 0.5070@ep16) by_graph_hop 2:0.485 3:0.494 4:0.505 5:0.512 6:0.521 tok_cos=1.000
[seed0/geo] epoch 23/30 (hops<=5): train_acc=0.5041 val_acc=0.5000 (best 0.5070@ep16) by_graph_hop 2:0.500 3:0.500 4:0.500 5:0.500 6:0.500 tok_cos=1.000
[seed0/geo] epoch 24/30 (hops<=5): train_acc=0.5003 val_acc=0.4998 (best 0.5070@ep16) by_graph_hop 2:0.500 3:0.500 4:0.499 5:0.499 6:0.501 tok_cos=1.000
[seed0/geo] epoch 25/30 (hops<=6): train_acc=0.4926 val_acc=0.5000 (best 0.5070@ep16) by_graph_hop 2:0.500 3:0.500 4:0.500 5:0.500 6:0.500 tok_cos=1.000
[seed0/geo] epoch 26/30 (hops<=6): train_acc=0.5006 val_acc=0.5000 (best 0.5070@ep16) by_graph_hop 2:0.500 3:0.500 4:0.500 5:0.500 6:0.500 tok_cos=1.000
[seed0/geo] epoch 27/30 (hops<=6): train_acc=0.5029 val_acc=0.5000 (best 0.5070@ep16) by_graph_hop 2:0.500 3:0.500 4:0.500 5:0.500 6:0.500 tok_cos=1.000
[seed0/geo] epoch 28/30 (hops<=6): train_acc=0.4954 val_acc=0.5000 (best 0.5070@ep16) by_graph_hop 2:0.500 3:0.500 4:0.500 5:0.500 6:0.500 tok_cos=1.000
[seed0/geo] epoch 29/30 (hops<=6): train_acc=0.4929 val_acc=0.5000 (best 0.5070@ep16) by_graph_hop 2:0.500 3:0.500 4:0.500 5:0.500 6:0.500 tok_cos=1.000
[seed0/geo] epoch 30/30 (hops<=6): train_acc=0.4976 val_acc=0.5000 (best 0.5070@ep16) by_graph_hop 2:0.500 3:0.500 4:0.500 5:0.500 6:0.500 tok_cos=1.000
[seed0/loop] epoch 1/30 (hops<=2): train_acc=0.4813 val_acc=0.5000 (best 0.5000@ep1) by_graph_hop 2:0.500 3:0.500 4:0.500 5:0.500 6:0.500 tok_cos=0.999
[seed0/loop] epoch 2/30 (hops<=2): train_acc=0.5006 val_acc=0.5000 (best 0.5000@ep1) by_graph_hop 2:0.500 3:0.500 4:0.500 5:0.500 6:0.500 tok_cos=0.999
[seed0/loop] epoch 3/30 (hops<=2): train_acc=0.5144 val_acc=0.5000 (best 0.5000@ep1) by_graph_hop 2:0.500 3:0.500 4:0.500 5:0.500 6:0.500 tok_cos=1.000
[seed0/loop] epoch 4/30 (hops<=2): train_acc=0.5072 val_acc=0.5000 (best 0.5000@ep1) by_graph_hop 2:0.500 3:0.500 4:0.500 5:0.500 6:0.500 tok_cos=1.000
[seed0/loop] epoch 5/30 (hops<=2): train_acc=0.5106 val_acc=0.5000 (best 0.5000@ep1) by_graph_hop 2:0.500 3:0.500 4:0.500 5:0.500 6:0.500 tok_cos=0.999
[seed0/loop] epoch 6/30 (hops<=2): train_acc=0.4972 val_acc=0.5012 (best 0.5012@ep6) by_graph_hop 2:0.499 3:0.496 4:0.500 5:0.510 6:0.501 tok_cos=0.999
[seed0/loop] epoch 7/30 (hops<=3): train_acc=0.4997 val_acc=0.5000 (best 0.5012@ep6) by_graph_hop 2:0.500 3:0.500 4:0.500 5:0.500 6:0.500 tok_cos=1.000
[seed0/loop] epoch 8/30 (hops<=3): train_acc=0.4908 val_acc=0.5048 (best 0.5048@ep8) by_graph_hop 2:0.507 3:0.500 4:0.495 5:0.515 6:0.506 tok_cos=1.000
[seed0/loop] epoch 9/30 (hops<=3): train_acc=0.4888 val_acc=0.5000 (best 0.5048@ep8) by_graph_hop 2:0.500 3:0.500 4:0.500 5:0.500 6:0.500 tok_cos=1.000
[seed0/loop] epoch 10/30 (hops<=3): train_acc=0.5044 val_acc=0.5000 (best 0.5048@ep8) by_graph_hop 2:0.500 3:0.500 4:0.500 5:0.500 6:0.500 tok_cos=1.000
[seed0/loop] epoch 11/30 (hops<=3): train_acc=0.4981 val_acc=0.5002 (best 0.5048@ep8) by_graph_hop 2:0.510 3:0.502 4:0.495 5:0.496 6:0.497 tok_cos=1.000
[seed0/loop] epoch 12/30 (hops<=3): train_acc=0.5094 val_acc=0.4948 (best 0.5048@ep8) by_graph_hop 2:0.471 3:0.500 4:0.500 5:0.510 6:0.492 tok_cos=0.999
[seed0/loop] epoch 13/30 (hops<=4): train_acc=0.5074 val_acc=0.5000 (best 0.5048@ep8) by_graph_hop 2:0.500 3:0.500 4:0.500 5:0.500 6:0.500 tok_cos=1.000
[seed0/loop] epoch 14/30 (hops<=4): train_acc=0.5056 val_acc=0.5015 (best 0.5048@ep8) by_graph_hop 2:0.501 3:0.502 4:0.501 5:0.501 6:0.501 tok_cos=1.000
[seed0/loop] epoch 15/30 (hops<=4): train_acc=0.5052 val_acc=0.5000 (best 0.5048@ep8) by_graph_hop 2:0.500 3:0.500 4:0.500 5:0.500 6:0.500 tok_cos=1.000
[seed0/loop] epoch 16/30 (hops<=4): train_acc=0.5072 val_acc=0.5015 (best 0.5048@ep8) by_graph_hop 2:0.504 3:0.496 4:0.497 5:0.506 6:0.504 tok_cos=1.000
[seed0/loop] epoch 17/30 (hops<=4): train_acc=0.5047 val_acc=0.5000 (best 0.5048@ep8) by_graph_hop 2:0.500 3:0.500 4:0.500 5:0.500 6:0.500 tok_cos=1.000
[seed0/loop] epoch 18/30 (hops<=4): train_acc=0.5097 val_acc=0.5058 (best 0.5058@ep18) by_graph_hop 2:0.512 3:0.507 4:0.506 5:0.509 6:0.494 tok_cos=1.000
[seed0/loop] epoch 19/30 (hops<=5): train_acc=0.5040 val_acc=0.5010 (best 0.5058@ep18) by_graph_hop 2:0.502 3:0.502 4:0.500 5:0.500 6:0.500 tok_cos=1.000
[seed0/loop] epoch 20/30 (hops<=5): train_acc=0.5027 val_acc=0.5028 (best 0.5058@ep18) by_graph_hop 2:0.496 3:0.489 4:0.500 5:0.514 6:0.515 tok_cos=1.000
[seed0/loop] epoch 21/30 (hops<=5): train_acc=0.5094 val_acc=0.5000 (best 0.5058@ep18) by_graph_hop 2:0.500 3:0.500 4:0.500 5:0.500 6:0.500 tok_cos=1.000
[seed0/loop] epoch 22/30 (hops<=5): train_acc=0.5092 val_acc=0.5000 (best 0.5058@ep18) by_graph_hop 2:0.499 3:0.510 4:0.495 5:0.504 6:0.492 tok_cos=0.998
[seed0/loop] epoch 23/30 (hops<=5): train_acc=0.5108 val_acc=0.4930 (best 0.5058@ep18) by_graph_hop 2:0.482 3:0.489 4:0.512 5:0.481 6:0.500 tok_cos=1.000
[seed0/loop] epoch 24/30 (hops<=5): train_acc=0.5163 val_acc=0.5018 (best 0.5058@ep18) by_graph_hop 2:0.495 3:0.506 4:0.509 5:0.495 6:0.504 tok_cos=1.000
[seed0/loop] epoch 25/30 (hops<=6): train_acc=0.5158 val_acc=0.5092 (best 0.5092@ep25) by_graph_hop 2:0.482 3:0.515 4:0.512 5:0.515 6:0.521 tok_cos=1.000
[seed0/loop] epoch 26/30 (hops<=6): train_acc=0.5159 val_acc=0.5075 (best 0.5092@ep25) by_graph_hop 2:0.492 3:0.514 4:0.505 5:0.511 6:0.515 tok_cos=0.998
[seed0/loop] epoch 27/30 (hops<=6): train_acc=0.5267 val_acc=0.5040 (best 0.5092@ep25) by_graph_hop 2:0.494 3:0.515 4:0.502 5:0.519 6:0.490 tok_cos=0.998
[seed0/loop] epoch 28/30 (hops<=6): train_acc=0.5359 val_acc=0.5122 (best 0.5122@ep28) by_graph_hop 2:0.492 3:0.529 4:0.510 5:0.541 6:0.489 tok_cos=0.999
[seed0/loop] epoch 29/30 (hops<=6): train_acc=0.5384 val_acc=0.4960 (best 0.5122@ep28) by_graph_hop 2:0.507 3:0.485 4:0.504 5:0.496 6:0.487 tok_cos=0.998
[seed0/loop] epoch 30/30 (hops<=6): train_acc=0.5273 val_acc=0.5000 (best 0.5122@ep28) by_graph_hop 2:0.500 3:0.500 4:0.500 5:0.500 6:0.500 tok_cos=1.000

=== val accuracy across seeds (mean ± sd) ===
ff    best  0.5190 ± 0.0000 | -1:0.617 2:0.475 3:0.388 4:0.432 5:0.375 6:0.435
ff    final 0.5102 ± 0.0000 | -1:0.544 2:0.512 3:0.458 4:0.468 5:0.458 6:0.487
geo   best  0.5070 ± 0.0000 | -1:0.343 2:0.705 3:0.677 4:0.660 5:0.650 6:0.662
geo   final 0.5000 ± 0.0000 | -1:1.000 2:0.000 3:0.000 4:0.000 5:0.000 6:0.000
loop  best  0.5122 ± 0.0000 | -1:0.584 2:0.415 3:0.463 4:0.420 5:0.468 6:0.438
loop  final 0.5000 ± 0.0000 | -1:1.000 2:0.000 3:0.000 4:0.000 5:0.000 6:0.000
