[seed0/ff] epoch 1/30: train_acc=0.4938 val_acc=0.4993 (best 0.4993@ep1) tok_cos=-0.001
[seed0/ff] epoch 2/30: train_acc=0.4993 val_acc=0.5000 (best 0.5000@ep2) tok_cos=-0.004
[seed0/ff] epoch 3/30: train_acc=0.4989 val_acc=0.5018 (best 0.5018@ep3) tok_cos=-0.002
[seed0/ff] epoch 4/30: train_acc=0.4997 val_acc=0.4988 (best 0.5018@ep3) tok_cos=-0.003
[seed0/ff] epoch 5/30: train_acc=0.5034 val_acc=0.5002 (best 0.5018@ep3) tok_cos=0.029
[seed0/ff] epoch 6/30: train_acc=0.4963 val_acc=0.5000 (best 0.5018@ep3) tok_cos=0.062
[seed0/ff] epoch 7/30: train_acc=0.4932 val_acc=0.5000 (best 0.5018@ep3) tok_cos=0.391
[seed0/ff] epoch 8/30: train_acc=0.4946 val_acc=0.5000 (best 0.5018@ep3) tok_cos=0.360
[seed0/ff] epoch 9/30: train_acc=0.5004 val_acc=0.5000 (best 0.5018@ep3) tok_cos=0.323
[seed0/ff] epoch 10/30: train_acc=0.5033 val_acc=0.5000 (best 0.5018@ep3) tok_cos=0.157
[seed0/ff] epoch 11/30: train_acc=0.4948 val_acc=0.5000 (best 0.5018@ep3) tok_cos=0.202
[seed0/ff] epoch 12/30: train_acc=0.4902 val_acc=0.5000 (best 0.5018@ep3) tok_cos=0.201
[seed0/ff] epoch 13/30: train_acc=0.4973 val_acc=0.5000 (best 0.5018@ep3) tok_cos=0.276
[seed0/ff] epoch 14/30: train_acc=0.5026 val_acc=0.5000 (best 0.5018@ep3) tok_cos=0.527
[seed0/ff] epoch 15/30: train_acc=0.4984 val_acc=0.5000 (best 0.5018@ep3) tok_cos=0.724
[seed0/ff] epoch 16/30: train_acc=0.4983 val_acc=0.5000 (best 0.5018@ep3) tok_cos=0.720
[seed0/ff] epoch 17/30: train_acc=0.5016 val_acc=0.5000 (best 0.5018@ep3) tok_cos=0.712
[seed0/ff] epoch 18/30: train_acc=0.4939 val_acc=0.5000 (best 0.5018@ep3) tok_cos=0.549
[seed0/ff] epoch 19/30: train_acc=0.5035 val_acc=0.5000 (best 0.5018@ep3) tok_cos=0.035
[seed0/ff] epoch 20/30: train_acc=0.4954 val_acc=0.5000 (best 0.5018@ep3) tok_cos=-0.001
[seed0/ff] epoch 21/30: train_acc=0.4978 val_acc=0.5000 (best 0.5018@ep3) tok_cos=-0.006
[seed0/ff] epoch 22/30: train_acc=0.5016 val_acc=0.5000 (best 0.5018@ep3) tok_cos=0.073
[seed0/ff] epoch 23/30: train_acc=0.5010 val_acc=0.5000 (best 0.5018@ep3) tok_cos=1.000
[seed0/ff] epoch 24/30: train_acc=0.4996 val_acc=0.5000 (best 0.5018@ep3) tok_cos=1.000
[seed0/ff] epoch 25/30: train_acc=0.4995 val_acc=0.5000 (best 0.5018@ep3) tok_cos=1.000
[seed0/ff] epoch 26/30: train_acc=0.5005 val_acc=0.5000 (best 0.5018@ep3) tok_cos=1.000
[seed0/ff] epoch 27/30: train_acc=0.4973 val_acc=0.5000 (best 0.5018@ep3) tok_cos=1.000
[seed0/ff] epoch 28/30: train_acc=0.5020 val_acc=0.5000 (best 0.5018@ep3) tok_cos=1.000
[seed0/ff] epoch 29/30: train_acc=0.4960 val_acc=0.5000 (best 0.5018@ep3) tok_cos=1.000
[seed0/ff] epoch 30/30: train_acc=0.5028 val_acc=0.5000 (best 0.5018@ep3) tok_cos=1.000
[seed0/geo] epoch 1/30: train_acc=0.4987 val_acc=0.5000 (best 0.5000@ep1) tok_cos=0.997
[seed0/geo] epoch 2/30: train_acc=0.5000 val_acc=0.5000 (best 0.5000@ep1) tok_cos=1.000
[seed0/geo] epoch 3/30: train_acc=0.4946 val_acc=0.5000 (best 0.5000@ep1) tok_cos=1.000
[seed0/geo] epoch 4/30: train_acc=0.4986 val_acc=0.5000 (best 0.5000@ep1) tok_cos=1.000
[seed0/geo] epoch 5/30: train_acc=0.5036 val_acc=0.5000 (best 0.5000@ep1) tok_cos=1.000
[seed0/geo] epoch 6/30: train_acc=0.5069 val_acc=0.5000 (best 0.5000@ep1) tok_cos=1.000
[seed0/geo] epoch 7/30: train_acc=0.4944 val_acc=0.5000 (best 0.5000@ep1) tok_cos=1.000
[seed0/geo] epoch 8/30: train_acc=0.4935 val_acc=0.5000 (best 0.5000@ep1) tok_cos=1.000
[seed0/geo] epoch 9/30: train_acc=0.5000 val_acc=0.5000 (best 0.5000@ep1) tok_cos=1.000
[seed0/geo] epoch 10/30: train_acc=0.4981 val_acc=0.5000 (best 0.5000@ep1) tok_cos=1.000
[seed0/geo] epoch 11/30: train_acc=0.4951 val_acc=0.5000 (best 0.5000@ep1) tok_cos=1.000
[seed0/geo] epoch 12/30: train_acc=0.4968 val_acc=0.5000 (best 0.5000@ep1) tok_cos=1.000
[seed0/geo] epoch 13/30: train_acc=0.4881 val_acc=0.5000 (best 0.5000@ep1) tok_cos=1.000
[seed0/geo] epoch 14/30: train_acc=0.4974 val_acc=0.5000 (best 0.5000@ep1) tok_cos=1.000
[seed0/geo] epoch 15/30: train_acc=0.5032 val_acc=0.5000 (best 0.5000@ep1) tok_cos=1.000
[seed0/geo] epoch 16/30: train_acc=0.4971 val_acc=0.5000 (best 0.5000@ep1) tok_cos=1.000
[seed0/geo] epoch 17/30: train_acc=0.4978 val_acc=0.5000 (best 0.5000@ep1) tok_cos=1.000
[seed0/geo] epoch 18/30: train_acc=0.4941 val_acc=0.5000 (best 0.5000@ep1) tok_cos=1.000
[seed0/geo] epoch 19/30: train_acc=0.4985 val_acc=0.5000 (best 0.5000@ep1) tok_cos=1.000
[seed0/geo] epoch 20/30: train_acc=0.4988 val_acc=0.5000 (best 0.5000@ep1) tok_cos=1.000
[seed0/geo] epoch 21/30: train_acc=0.4989 val_acc=0.5000 (best 0.5000@ep1) tok_cos=1.000
[seed0/geo] epoch 22/30: train_acc=0.5032 val_acc=0.5000 (best 0.5000@ep1) tok_cos=1.000
[seed0/geo] epoch 23/30: train_acc=0.4965 val_acc=0.5000 (best 0.5000@ep1) tok_cos=1.000
[seed0/geo] epoch 24/30: train_acc=0.4975 val_acc=0.5000 (best 0.5000@ep1) tok_cos=1.000
[seed0/geo] epoch 25/30: train_acc=0.4949 val_acc=0.5000 (best 0.5000@ep1) tok_cos=1.000
[seed0/geo] epoch 26/30: train_acc=0.5085 val_acc=0.5000 (best 0.5000@ep1) tok_cos=1.000
[seed0/geo] epoch 27/30: train_acc=0.4976 val_acc=0.5000 (best 0.5000@ep1) tok_cos=1.000
[seed0/geo] epoch 28/30: train_acc=0.4999 val_acc=0.5000 (best 0.5000@ep1) tok_cos=1.000
[seed0/geo] epoch 29/30: train_acc=0.5010 val_acc=0.5000 (best 0.5000@ep1) tok_cos=1.000
[seed0/geo] epoch 30/30: train_acc=0.4995 val_acc=0.5000 (best 0.5000@ep1) tok_cos=1.000
[seed0/loop] epoch 1/30: train_acc=0.4963 val_acc=0.5000 (best 0.5000@ep1) tok_cos=-0.004
[seed0/loop] epoch 2/30: train_acc=0.5018 val_acc=0.5000 (best 0.5000@ep1) tok_cos=0.004
[seed0/loop] epoch 3/30: train_acc=0.4949 val_acc=0.5000 (best 0.5000@ep1) tok_cos=-0.007
[seed0/loop] epoch 4/30: train_acc=0.4990 val_acc=0.5000 (best 0.5000@ep1) tok_cos=0.062
[seed0/loop] epoch 5/30: train_acc=0.5005 val_acc=0.5000 (best 0.5000@ep1) tok_cos=0.202
[seed0/loop] epoch 6/30: train_acc=0.5005 val_acc=0.5025 (best 0.5025@ep6) tok_cos=0.187
[seed0/loop] epoch 7/30: train_acc=0.4933 val_acc=0.5012 (best 0.5025@ep6) tok_cos=0.205
[seed0/loop] epoch 8/30: train_acc=0.4932 val_acc=0.5008 (best 0.5025@ep6) tok_cos=0.186
[seed0/loop] epoch 9/30: train_acc=0.4976 val_acc=0.5000 (best 0.5025@ep6) tok_cos=0.181
[seed0/loop] epoch 10/30: train_acc=0.5010 val_acc=0.5000 (best 0.5025@ep6) tok_cos=0.131
[seed0/loop] epoch 11/30: train_acc=0.4960 val_acc=0.5000 (best 0.5025@ep6) tok_cos=0.082
[seed0/loop] epoch 12/30: train_acc=0.4937 val_acc=0.5000 (best 0.5025@ep6) tok_cos=0.039
[seed0/loop] epoch 13/30: train_acc=0.4979 val_acc=0.5000 (best 0.5025@ep6) tok_cos=0.070
[seed0/loop] epoch 14/30: train_acc=0.5021 val_acc=0.5000 (best 0.5025@ep6) tok_cos=0.110
[seed0/loop] epoch 15/30: train_acc=0.5011 val_acc=0.5000 (best 0.5025@ep6) tok_cos=0.096
[seed0/loop] epoch 16/30: train_acc=0.4980 val_acc=0.5000 (best 0.5025@ep6) tok_cos=0.032
[seed0/loop] epoch 17/30: train_acc=0.5015 val_acc=0.5000 (best 0.5025@ep6) tok_cos=0.042
[seed0/loop] epoch 18/30: train_acc=0.4974 val_acc=0.5005 (best 0.5025@ep6) tok_cos=0.042
[seed0/loop] epoch 19/30: train_acc=0.5029 val_acc=0.5000 (best 0.5025@ep6) tok_cos=0.036
[seed0/loop] epoch 20/30: train_acc=0.4938 val_acc=0.5000 (best 0.5025@ep6) tok_cos=0.044
[seed0/loop] epoch 21/30: train_acc=0.4964 val_acc=0.5000 (best 0.5025@ep6) tok_cos=0.037
[seed0/loop] epoch 22/30: train_acc=0.5001 val_acc=0.5000 (best 0.5025@ep6) tok_cos=0.030
[seed0/loop] epoch 23/30: train_acc=0.4966 val_acc=0.5000 (best 0.5025@ep6) tok_cos=0.057
[seed0/loop] epoch 24/30: train_acc=0.4962 val_acc=0.5000 (best 0.5025@ep6) tok_cos=0.036
[seed0/loop] epoch 25/30: train_acc=0.5016 val_acc=0.5000 (best 0.5025@ep6) tok_cos=0.029
[seed0/loop] epoch 26/30: train_acc=0.5014 val_acc=0.5000 (best 0.5025@ep6) tok_cos=0.018
[seed0/loop] epoch 27/30: train_acc=0.4912 val_acc=0.5000 (best 0.5025@ep6) tok_cos=0.025
[seed0/loop] epoch 28/30: train_acc=0.5036 val_acc=0.5000 (best 0.5025@ep6) tok_cos=0.021
[seed0/loop] epoch 29/30: train_acc=0.4974 val_acc=0.5000 (best 0.5025@ep6) tok_cos=0.031
[seed0/loop] epoch 30/30: train_acc=0.4959 val_acc=0.4978 (best 0.5025@ep6) tok_cos=0.036
[seed1/ff] epoch 1/30: train_acc=0.4992 val_acc=0.5000 (best 0.5000@ep1) tok_cos=0.001
[seed1/ff] epoch 2/30: train_acc=0.5046 val_acc=0.5000 (best 0.5000@ep1) tok_cos=-0.006
[seed1/ff] epoch 3/30: train_acc=0.4951 val_acc=0.5000 (best 0.5000@ep1) tok_cos=-0.006
[seed1/ff] epoch 4/30: train_acc=0.4949 val_acc=0.5000 (best 0.5000@ep1) tok_cos=0.008
[seed1/ff] epoch 5/30: train_acc=0.4994 val_acc=0.4998 (best 0.5000@ep1) tok_cos=0.139
[seed1/ff] epoch 6/30: train_acc=0.5004 val_acc=0.5000 (best 0.5000@ep1) tok_cos=0.291
[seed1/ff] epoch 7/30: train_acc=0.4984 val_acc=0.5000 (best 0.5000@ep1) tok_cos=0.464
[seed1/ff] epoch 8/30: train_acc=0.5001 val_acc=0.5000 (best 0.5000@ep1) tok_cos=0.495
[seed1/ff] epoch 9/30: train_acc=0.5012 val_acc=0.5000 (best 0.5000@ep1) tok_cos=0.328
[seed1/ff] epoch 10/30: train_acc=0.5027 val_acc=0.5000 (best 0.5000@ep1) tok_cos=0.256
[seed1/ff] epoch 11/30: train_acc=0.5026 val_acc=0.5000 (best 0.5000@ep1) tok_cos=0.220
[seed1/ff] epoch 12/30: train_acc=0.4988 val_acc=0.5000 (best 0.5000@ep1) tok_cos=0.346
[seed1/ff] epoch 13/30: train_acc=0.4945 val_acc=0.5000 (best 0.5000@ep1) tok_cos=0.096
[seed1/ff] epoch 14/30: train_acc=0.4948 val_acc=0.4998 (best 0.5000@ep1) tok_cos=0.093
[seed1/ff] epoch 15/30: train_acc=0.5056 val_acc=0.5000 (best 0.5000@ep1) tok_cos=0.157
[seed1/ff] epoch 16/30: train_acc=0.4995 val_acc=0.5000 (best 0.5000@ep1) tok_cos=0.267
[seed1/ff] epoch 17/30: train_acc=0.5003 val_acc=0.5000 (best 0.5000@ep1) tok_cos=0.268
[seed1/ff] epoch 18/30: train_acc=0.4981 val_acc=0.5000 (best 0.5000@ep1) tok_cos=0.181
[seed1/ff] epoch 19/30: train_acc=0.5064 val_acc=0.5000 (best 0.5000@ep1) tok_cos=0.174
[seed1/ff] epoch 20/30: train_acc=0.5001 val_acc=0.5000 (best 0.5000@ep1) tok_cos=0.123
[seed1/ff] epoch 21/30: train_acc=0.4980 val_acc=0.5000 (best 0.5000@ep1) tok_cos=0.122
[seed1/ff] epoch 22/30: train_acc=0.5079 val_acc=0.5000 (best 0.5000@ep1) tok_cos=0.068
[seed1/ff] epoch 23/30: train_acc=0.4995 val_acc=0.5000 (best 0.5000@ep1) tok_cos=0.065
[seed1/ff] epoch 24/30: train_acc=0.5000 val_acc=0.5000 (best 0.5000@ep1) tok_cos=0.036
[seed1/ff] epoch 25/30: train_acc=0.4976 val_acc=0.5000 (best 0.5000@ep1) tok_cos=0.024
[seed1/ff] epoch 26/30: train_acc=0.4942 val_acc=0.5000 (best 0.5000@ep1) tok_cos=0.023
[seed1/ff] epoch 27/30: train_acc=0.4985 val_acc=0.5000 (best 0.5000@ep1) tok_cos=0.076
[seed1/ff] epoch 28/30: train_acc=0.4959 val_acc=0.5000 (best 0.5000@ep1) tok_cos=0.072
[seed1/ff] epoch 29/30: train_acc=0.4982 val_acc=0.5000 (best 0.5000@ep1) tok_cos=0.075
[seed1/ff] epoch 30/30: train_acc=0.4943 val_acc=0.5000 (best 0.5000@ep1) tok_cos=0.072
[seed1/geo] epoch 1/30: train_acc=0.4980 val_acc=0.5000 (best 0.5000@ep1) tok_cos=1.000
[seed1/geo] epoch 2/30: train_acc=0.4979 val_acc=0.5000 (best 0.5000@ep1) tok_cos=1.000
[seed1/geo] epoch 3/30: train_acc=0.4984 val_acc=0.5000 (best 0.5000@ep1) tok_cos=1.000
[seed1/geo] epoch 4/30: train_acc=0.5034 val_acc=0.5000 (best 0.5000@ep1) tok_cos=1.000
[seed1/geo] epoch 5/30: train_acc=0.4951 val_acc=0.5000 (best 0.5000@ep1) tok_cos=1.000
[seed1/geo] epoch 6/30: train_acc=0.5008 val_acc=0.5000 (best 0.5000@ep1) tok_cos=1.000
[seed1/geo] epoch 7/30: train_acc=0.4944 val_acc=0.5000 (best 0.5000@ep1) tok_cos=1.000
[seed1/geo] epoch 8/30: train_acc=0.5010 val_acc=0.5000 (best 0.5000@ep1) tok_cos=1.000
[seed1/geo] epoch 9/30: train_acc=0.4984 val_acc=0.5000 (best 0.5000@ep1) tok_cos=1.000
[seed1/geo] epoch 10/30: train_acc=0.5012 val_acc=0.5000 (best 0.5000@ep1) tok_cos=1.000
[seed1/geo] epoch 11/30: train_acc=0.5011 val_acc=0.5000 (best 0.5000@ep1) tok_cos=1.000
[seed1/geo] epoch 12/30: train_acc=0.4980 val_acc=0.5000 (best 0.5000@ep1) tok_cos=1.000
[seed1/geo] epoch 13/30: train_acc=0.4934 val_acc=0.5000 (best 0.5000@ep1) tok_cos=1.000
[seed1/geo] epoch 14/30: train_acc=0.4980 val_acc=0.5000 (best 0.5000@ep1) tok_cos=1.000
[seed1/geo] epoch 15/30: train_acc=0.5043 val_acc=0.5000 (best 0.5000@ep1) tok_cos=1.000
[seed1/geo] epoch 16/30: train_acc=0.5006 val_acc=0.5000 (best 0.5000@ep1) tok_cos=1.000
[seed1/geo] epoch 17/30: train_acc=0.4983 val_acc=0.5000 (best 0.5000@ep1) tok_cos=1.000
[seed1/geo] epoch 18/30: train_acc=0.4943 val_acc=0.5000 (best 0.5000@ep1) tok_cos=1.000
[seed1/geo] epoch 19/30: train_acc=0.4959 val_acc=0.5000 (best 0.5000@ep1) tok_cos=1.000
[seed1/geo] epoch 20/30: train_acc=0.5002 val_acc=0.5000 (best 0.5000@ep1) tok_cos=1.000
[seed1/geo] epoch 21/30: train_acc=0.4983 val_acc=0.5000 (best 0.5000@ep1) tok_cos=1.000
[seed1/geo] epoch 22/30: train_acc=0.4965 val_acc=0.5000 (best 0.5000@ep1) tok_cos=1.000
[seed1/geo] epoch 23/30: train_acc=0.4986 val_acc=0.5000 (best 0.5000@ep1) tok_cos=1.000
[seed1/geo] epoch 24/30: train_acc=0.4989 val_acc=0.5000 (best 0.5000@ep1) tok_cos=1.000
[seed1/geo] epoch 25/30: train_acc=0.4971 val_acc=0.5000 (best 0.5000@ep1) tok_cos=1.000
[seed1/geo] epoch 26/30: train_acc=0.4974 val_acc=0.5000 (best 0.5000@ep1) tok_cos=1.000
[seed1/geo] epoch 27/30: train_acc=0.5001 val_acc=0.5000 (best 0.5000@ep1) tok_cos=1.000
[seed1/geo] epoch 28/30: train_acc=0.5010 val_acc=0.5000 (best 0.5000@ep1) tok_cos=1.000
[seed1/geo] epoch 29/30: train_acc=0.4984 val_acc=0.5000 (best 0.5000@ep1) tok_cos=1.000
[seed1/geo] epoch 30/30: train_acc=0.4939 val_acc=0.5000 (best 0.5000@ep1) tok_cos=1.000
[seed1/loop] epoch 1/30: train_acc=0.5060 val_acc=0.5000 (best 0.5000@ep1) tok_cos=0.013
[seed1/loop] epoch 2/30: train_acc=0.4981 val_acc=0.5000 (best 0.5000@ep1) tok_cos=0.947
[seed1/loop] epoch 3/30: train_acc=0.4943 val_acc=0.5000 (best 0.5000@ep1) tok_cos=1.000
[seed1/loop] epoch 4/30: train_acc=0.4990 val_acc=0.5000 (best 0.5000@ep1) tok_cos=1.000
[seed1/loop] epoch 5/30: train_acc=0.5005 val_acc=0.5000 (best 0.5000@ep1) tok_cos=1.000
[seed1/loop] epoch 6/30: train_acc=0.5013 val_acc=0.5000 (best 0.5000@ep1) tok_cos=1.000
[seed1/loop] epoch 7/30: train_acc=0.5012 val_acc=0.5000 (best 0.5000@ep1) tok_cos=1.000
[seed1/loop] epoch 8/30: train_acc=0.5012 val_acc=0.5000 (best 0.5000@ep1) tok_cos=1.000
[seed1/loop] epoch 9/30: train_acc=0.4986 val_acc=0.5000 (best 0.5000@ep1) tok_cos=1.000
[seed1/loop] epoch 10/30: train_acc=0.5008 val_acc=0.5000 (best 0.5000@ep1) tok_cos=1.000
[seed1/loop] epoch 11/30: train_acc=0.5011 val_acc=0.5000 (best 0.5000@ep1) tok_cos=1.000
[seed1/loop] epoch 12/30: train_acc=0.4990 val_acc=0.5000 (best 0.5000@ep1) tok_cos=1.000
[seed1/loop] epoch 13/30: train_acc=0.4949 val_acc=0.5000 (best 0.5000@ep1) tok_cos=1.000
[seed1/loop] epoch 14/30: train_acc=0.4918 val_acc=0.5000 (best 0.5000@ep1) tok_cos=1.000
[seed1/loop] epoch 15/30: train_acc=0.5042 val_acc=0.5000 (best 0.5000@ep1) tok_cos=1.000
[seed1/loop] epoch 16/30: train_acc=0.4971 val_acc=0.5000 (best 0.5000@ep1) tok_cos=1.000
[seed1/loop] epoch 17/30: train_acc=0.5039 val_acc=0.5000 (best 0.5000@ep1) tok_cos=1.000
[seed1/loop] epoch 18/30: train_acc=0.4946 val_acc=0.5000 (best 0.5000@ep1) tok_cos=1.000
[seed1/loop] epoch 19/30: train_acc=0.5058 val_acc=0.5000 (best 0.5000@ep1) tok_cos=1.000
[seed1/loop] epoch 20/30: train_acc=0.5002 val_acc=0.5000 (best 0.5000@ep1) tok_cos=1.000
[seed1/loop] epoch 21/30: train_acc=0.4971 val_acc=0.5000 (best 0.5000@ep1) tok_cos=1.000
[seed1/loop] epoch 22/30: train_acc=0.5058 val_acc=0.5000 (best 0.5000@ep1) tok_cos=1.000
[seed1/loop] epoch 23/30: train_acc=0.4993 val_acc=0.5000 (best 0.5000@ep1) tok_cos=1.000
[seed1/loop] epoch 24/30: train_acc=0.5021 val_acc=0.5000 (best 0.5000@ep1) tok_cos=1.000
[seed1/loop] epoch 25/30: train_acc=0.4955 val_acc=0.5000 (best 0.5000@ep1) tok_cos=1.000
[seed1/loop] epoch 26/30: train_acc=0.4948 val_acc=0.5000 (best 0.5000@ep1) tok_cos=1.000
[seed1/loop] epoch 27/30: train_acc=0.4960 val_acc=0.5000 (best 0.5000@ep1) tok_cos=1.000
[seed1/loop] epoch 28/30: train_acc=0.4968 val_acc=0.5000 (best 0.5000@ep1) tok_cos=1.000
[seed1/loop] epoch 29/30: train_acc=0.5001 val_acc=0.5000 (best 0.5000@ep1) tok_cos=1.000
[seed1/loop] epoch 30/30: train_acc=0.4931 val_acc=0.5000 (best 0.5000@ep1) tok_cos=1.000
[seed2/ff] epoch 1/30: train_acc=0.4936 val_acc=0.5000 (best 0.5000@ep1) tok_cos=0.006
[seed2/ff] epoch 2/30: train_acc=0.4993 val_acc=0.5000 (best 0.5000@ep1) tok_cos=-0.001
[seed2/ff] epoch 3/30: train_acc=0.4961 val_acc=0.4998 (best 0.5000@ep1) tok_cos=-0.004
[seed2/ff] epoch 4/30: train_acc=0.4999 val_acc=0.5000 (best 0.5000@ep1) tok_cos=0.011
[seed2/ff] epoch 5/30: train_acc=0.5030 val_acc=0.5005 (best 0.5005@ep5) tok_cos=0.279
[seed2/ff] epoch 6/30: train_acc=0.4995 val_acc=0.5000 (best 0.5005@ep5) tok_cos=0.429
[seed2/ff] epoch 7/30: train_acc=0.5012 val_acc=0.4998 (best 0.5005@ep5) tok_cos=0.233
[seed2/ff] epoch 8/30: train_acc=0.4973 val_acc=0.5000 (best 0.5005@ep5) tok_cos=0.965
[seed2/ff] epoch 9/30: train_acc=0.5051 val_acc=0.5000 (best 0.5005@ep5) tok_cos=0.966
[seed2/ff] epoch 10/30: train_acc=0.4994 val_acc=0.5000 (best 0.5005@ep5) tok_cos=0.977
[seed2/ff] epoch 11/30: train_acc=0.5015 val_acc=0.5000 (best 0.5005@ep5) tok_cos=0.977
[seed2/ff] epoch 12/30: train_acc=0.4943 val_acc=0.5000 (best 0.5005@ep5) tok_cos=0.973
[seed2/ff] epoch 13/30: train_acc=0.5054 val_acc=0.5000 (best 0.5005@ep5) tok_cos=0.232
[seed2/ff] epoch 14/30: train_acc=0.4978 val_acc=0.5000 (best 0.5005@ep5) tok_cos=0.362
[seed2/ff] epoch 15/30: train_acc=0.4993 val_acc=0.5005 (best 0.5005@ep5) tok_cos=0.380
[seed2/ff] epoch 16/30: train_acc=0.5057 val_acc=0.5000 (best 0.5005@ep5) tok_cos=0.376
[seed2/ff] epoch 17/30: train_acc=0.4963 val_acc=0.5000 (best 0.5005@ep5) tok_cos=0.395
[seed2/ff] epoch 18/30: train_acc=0.4972 val_acc=0.5000 (best 0.5005@ep5) tok_cos=0.350
[seed2/ff] epoch 19/30: train_acc=0.4921 val_acc=0.5000 (best 0.5005@ep5) tok_cos=0.352
[seed2/ff] epoch 20/30: train_acc=0.4913 val_acc=0.5000 (best 0.5005@ep5) tok_cos=0.240
[seed2/ff] epoch 21/30: train_acc=0.4986 val_acc=0.4983 (best 0.5005@ep5) tok_cos=0.251
[seed2/ff] epoch 22/30: train_acc=0.4963 val_acc=0.5000 (best 0.5005@ep5) tok_cos=0.272
[seed2/ff] epoch 23/30: train_acc=0.4951 val_acc=0.5000 (best 0.5005@ep5) tok_cos=0.257
[seed2/ff] epoch 24/30: train_acc=0.5032 val_acc=0.5000 (best 0.5005@ep5) tok_cos=0.357
[seed2/ff] epoch 25/30: train_acc=0.4886 val_acc=0.5000 (best 0.5005@ep5) tok_cos=0.464
[seed2/ff] epoch 26/30: train_acc=0.4991 val_acc=0.5000 (best 0.5005@ep5) tok_cos=0.098
[seed2/ff] epoch 27/30: train_acc=0.4966 val_acc=0.5000 (best 0.5005@ep5) tok_cos=0.020
[seed2/ff] epoch 28/30: train_acc=0.4994 val_acc=0.5000 (best 0.5005@ep5) tok_cos=0.013
[seed2/ff] epoch 29/30: train_acc=0.4982 val_acc=0.5000 (best 0.5005@ep5) tok_cos=0.015
[seed2/ff] epoch 30/30: train_acc=0.4974 val_acc=0.5000 (best 0.5005@ep5) tok_cos=-0.003
[seed2/geo] epoch 1/30: train_acc=0.5040 val_acc=0.5000 (best 0.5000@ep1) tok_cos=1.000
[seed2/geo] epoch 2/30: train_acc=0.4956 val_acc=0.5000 (best 0.5000@ep1) tok_cos=1.000
[seed2/geo] epoch 3/30: train_acc=0.5006 val_acc=0.5000 (best 0.5000@ep1) tok_cos=1.000
[seed2/geo] epoch 4/30: train_acc=0.4995 val_acc=0.5000 (best 0.5000@ep1) tok_cos=1.000
[seed2/geo] epoch 5/30: train_acc=0.4931 val_acc=0.5000 (best 0.5000@ep1) tok_cos=1.000
[seed2/geo] epoch 6/30: train_acc=0.5031 val_acc=0.5000 (best 0.5000@ep1) tok_cos=1.000
[seed2/geo] epoch 7/30: train_acc=0.4999 val_acc=0.5000 (best 0.5000@ep1) tok_cos=1.000
[seed2/geo] epoch 8/30: train_acc=0.4986 val_acc=0.5000 (best 0.5000@ep1) tok_cos=1.000
[seed2/geo] epoch 9/30: train_acc=0.5015 val_acc=0.5000 (best 0.5000@ep1) tok_cos=1.000
[seed2/geo] epoch 10/30: train_acc=0.4946 val_acc=0.5000 (best 0.5000@ep1) tok_cos=1.000
[seed2/geo] epoch 11/30: train_acc=0.5018 val_acc=0.5000 (best 0.5000@ep1) tok_cos=1.000
[seed2/geo] epoch 12/30: train_acc=0.4996 val_acc=0.5000 (best 0.5000@ep1) tok_cos=1.000
[seed2/geo] epoch 13/30: train_acc=0.5001 val_acc=0.5000 (best 0.5000@ep1) tok_cos=1.000
[seed2/geo] epoch 14/30: train_acc=0.4974 val_acc=0.5000 (best 0.5000@ep1) tok_cos=1.000
[seed2/geo] epoch 15/30: train_acc=0.5005 val_acc=0.5000 (best 0.5000@ep1) tok_cos=1.000
[seed2/geo] epoch 16/30: train_acc=0.4986 val_acc=0.5000 (best 0.5000@ep1) tok_cos=1.000
[seed2/geo] epoch 17/30: train_acc=0.5005 val_acc=0.5000 (best 0.5000@ep1) tok_cos=1.000
[seed2/geo] epoch 18/30: train_acc=0.4990 val_acc=0.5000 (best 0.5000@ep1) tok_cos=1.000
[seed2/geo] epoch 19/30: train_acc=0.4931 val_acc=0.5000 (best 0.5000@ep1) tok_cos=1.000
[seed2/geo] epoch 20/30: train_acc=0.4970 val_acc=0.5000 (best 0.5000@ep1) tok_cos=1.000
[seed2/geo] epoch 21/30: train_acc=0.4966 val_acc=0.5000 (best 0.5000@ep1) tok_cos=1.000
[seed2/geo] epoch 22/30: train_acc=0.4958 val_acc=0.5000 (best 0.5000@ep1) tok_cos=1.000
[seed2/geo] epoch 23/30: train_acc=0.4981 val_acc=0.5000 (best 0.5000@ep1) tok_cos=1.000
[seed2/geo] epoch 24/30: train_acc=0.4974 val_acc=0.5000 (best 0.5000@ep1) tok_cos=1.000
[seed2/geo] epoch 25/30: train_acc=0.4989 val_acc=0.5000 (best 0.5000@ep1) tok_cos=1.000
[seed2/geo] epoch 26/30: train_acc=0.4985 val_acc=0.5000 (best 0.5000@ep1) tok_cos=1.000
[seed2/geo] epoch 27/30: train_acc=0.4968 val_acc=0.5000 (best 0.5000@ep1) tok_cos=1.000
[seed2/geo] epoch 28/30: train_acc=0.4954 val_acc=0.5000 (best 0.5000@ep1) tok_cos=1.000
[seed2/geo] epoch 29/30: train_acc=0.4955 val_acc=0.5000 (best 0.5000@ep1) tok_cos=1.000
[seed2/geo] epoch 30/30: train_acc=0.5006 val_acc=0.5000 (best 0.5000@ep1) tok_cos=1.000
[seed2/loop] epoch 1/30: train_acc=0.5004 val_acc=0.5000 (best 0.5000@ep1) tok_cos=0.003
[seed2/loop] epoch 2/30: train_acc=0.4983 val_acc=0.4998 (best 0.5000@ep1) tok_cos=0.039
[seed2/loop] epoch 3/30: train_acc=0.5008 val_acc=0.5000 (best 0.5000@ep1) tok_cos=0.042
[seed2/loop] epoch 4/30: train_acc=0.4974 val_acc=0.4988 (best 0.5000@ep1) tok_cos=0.027
[seed2/loop] epoch 5/30: train_acc=0.5003 val_acc=0.5000 (best 0.5000@ep1) tok_cos=1.000
[seed2/loop] epoch 6/30: train_acc=0.4975 val_acc=0.5000 (best 0.5000@ep1) tok_cos=1.000
[seed2/loop] epoch 7/30: train_acc=0.4980 val_acc=0.5000 (best 0.5000@ep1) tok_cos=1.000
[seed2/loop] epoch 8/30: train_acc=0.4944 val_acc=0.5000 (best 0.5000@ep1) tok_cos=1.000
[seed2/loop] epoch 9/30: train_acc=0.5012 val_acc=0.5000 (best 0.5000@ep1) tok_cos=1.000
[seed2/loop] epoch 10/30: train_acc=0.5002 val_acc=0.5000 (best 0.5000@ep1) tok_cos=1.000
[seed2/loop] epoch 11/30: train_acc=0.4993 val_acc=0.5000 (best 0.5000@ep1) tok_cos=1.000
[seed2/loop] epoch 12/30: train_acc=0.4954 val_acc=0.5000 (best 0.5000@ep1) tok_cos=1.000
[seed2/loop] epoch 13/30: train_acc=0.4983 val_acc=0.5000 (best 0.5000@ep1) tok_cos=1.000
[seed2/loop] epoch 14/30: train_acc=0.4973 val_acc=0.5000 (best 0.5000@ep1) tok_cos=1.000
[seed2/loop] epoch 15/30: train_acc=0.4980 val_acc=0.5000 (best 0.5000@ep1) tok_cos=1.000
[seed2/loop] epoch 16/30: train_acc=0.5035 val_acc=0.5000 (best 0.5000@ep1) tok_cos=1.000
[seed2/loop] epoch 17/30: train_acc=0.4935 val_acc=0.5000 (best 0.5000@ep1) tok_cos=1.000
[seed2/loop] epoch 18/30: train_acc=0.4991 val_acc=0.5000 (best 0.5000@ep1) tok_cos=1.000
[seed2/loop] epoch 19/30: train_acc=0.4945 val_acc=0.5000 (best 0.5000@ep1) tok_cos=1.000
[seed2/loop] epoch 20/30: train_acc=0.4948 val_acc=0.5000 (best 0.5000@ep1) tok_cos=1.000
[seed2/loop] epoch 21/30: train_acc=0.4930 val_acc=0.5000 (best 0.5000@ep1) tok_cos=1.000
[seed2/loop] epoch 22/30: train_acc=0.4929 val_acc=0.5000 (best 0.5000@ep1) tok_cos=1.000
[seed2/loop] epoch 23/30: train_acc=0.4980 val_acc=0.5000 (best 0.5000@ep1) tok_cos=1.000
[seed2/loop] epoch 24/30: train_acc=0.5028 val_acc=0.5000 (best 0.5000@ep1) tok_cos=1.000
[seed2/loop] epoch 25/30: train_acc=0.4923 val_acc=0.5000 (best 0.5000@ep1) tok_cos=1.000
[seed2/loop] epoch 26/30: train_acc=0.4989 val_acc=0.5000 (best 0.5000@ep1) tok_cos=1.000
[seed2/loop] epoch 27/30: train_acc=0.4949 val_acc=0.5000 (best 0.5000@ep1) tok_cos=1.000
[seed2/loop] epoch 28/30: train_acc=0.5015 val_acc=0.5000 (best 0.5000@ep1) tok_cos=1.000
[seed2/loop] epoch 29/30: train_acc=0.4985 val_acc=0.5000 (best 0.5000@ep1) tok_cos=1.000
[seed2/loop] epoch 30/30: train_acc=0.4949 val_acc=0.5000 (best 0.5000@ep1) tok_cos=1.000

=== val accuracy across seeds (mean ± sd) ===
ff    best  0.5008 ± 0.0009 | -1:0.156 2:0.892 3:0.844 4:0.832 5:0.824 6:0.835
ff    final 0.5000 ± 0.0000 | -1:0.667 2:0.333 3:0.333 4:0.333 5:0.333 6:0.333
geo   best  0.5000 ± 0.0000 | -1:0.333 2:0.667 3:0.667 4:0.667 5:0.667 6:0.667
geo   final 0.5000 ± 0.0000 | -1:0.000 2:1.000 3:1.000 4:1.000 5:1.000 6:1.000
loop  best  0.5008 ± 0.0014 | -1:0.350 2:0.648 3:0.650 4:0.652 5:0.654 6:0.653
loop  final 0.4992 ± 0.0013 | -1:0.653 2:0.341 3:0.345 4:0.347 5:0.348 6:0.347
