[seed0/unlooped] epoch 1/30: train_acc=0.8920 val_acc=1.0000 (best 1.0000@ep1)
[seed0/unlooped] epoch 2/30: train_acc=1.0000 val_acc=1.0000 (best 1.0000@ep1)
[seed0/unlooped] epoch 3/30: train_acc=1.0000 val_acc=1.0000 (best 1.0000@ep1)
[seed0/unlooped] epoch 4/30: train_acc=1.0000 val_acc=1.0000 (best 1.0000@ep1)
[seed0/unlooped] epoch 5/30: train_acc=1.0000 val_acc=1.0000 (best 1.0000@ep1)
[seed0/unlooped] epoch 6/30: train_acc=1.0000 val_acc=1.0000 (best 1.0000@ep1)
[seed0/unlooped] epoch 7/30: train_acc=1.0000 val_acc=1.0000 (best 1.0000@ep1)
[seed0/unlooped] epoch 8/30: train_acc=1.0000 val_acc=1.0000 (best 1.0000@ep1)
[seed0/unlooped] epoch 9/30: train_acc=1.0000 val_acc=1.0000 (best 1.0000@ep1)
[seed0/unlooped] epoch 10/30: train_acc=1.0000 val_acc=1.0000 (best 1.0000@ep1)
[seed0/unlooped] epoch 11/30: train_acc=1.0000 val_acc=1.0000 (best 1.0000@ep1)
[seed0/unlooped] epoch 12/30: train_acc=1.0000 val_acc=1.0000 (best 1.0000@ep1)
[seed0/unlooped] epoch 13/30: train_acc=1.0000 val_acc=1.0000 (best 1.0000@ep1)
[seed0/unlooped] epoch 14/30: train_acc=1.0000 val_acc=1.0000 (best 1.0000@ep1)
[seed0/unlooped] epoch 15/30: train_acc=1.0000 val_acc=1.0000 (best 1.0000@ep1)
[seed0/unlooped] epoch 16/30: train_acc=1.0000 val_acc=1.0000 (best 1.0000@ep1)
[seed0/unlooped] epoch 17/30: train_acc=1.0000 val_acc=1.0000 (best 1.0000@ep1)
[seed0/unlooped] epoch 18/30: train_acc=1.0000 val_acc=1.0000 (best 1.0000@ep1)
[seed0/unlooped] epoch 19/30: train_acc=1.0000 val_acc=1.0000 (best 1.0000@ep1)
[seed0/unlooped] epoch 20/30: train_acc=1.0000 val_acc=1.0000 (best 1.0000@ep1)
[seed0/unlooped] epoch 21/30: train_acc=1.0000 val_acc=1.0000 (best 1.0000@ep1)
[seed0/unlooped] epoch 22/30: train_acc=1.0000 val_acc=1.0000 (best 1.0000@ep1)
[seed0/unlooped] epoch 23/30: train_acc=1.0000 val_acc=1.0000 (best 1.0000@ep1)
[seed0/unlooped] epoch 24/30: train_acc=1.0000 val_acc=1.0000 (best 1.0000@ep1)
[seed0/unlooped] epoch 25/30: train_acc=1.0000 val_acc=1.0000 (best 1.0000@ep1)
[seed0/unlooped] epoch 26/30: train_acc=1.0000 val_acc=1.0000 (best 1.0000@ep1)
[seed0/unlooped] epoch 27/30: train_acc=1.0000 val_acc=1.0000 (best 1.0000@ep1)
[seed0/unlooped] epoch 28/30: train_acc=1.0000 val_acc=1.0000 (best 1.0000@ep1)
[seed0/unlooped] epoch 29/30: train_acc=1.0000 val_acc=1.0000 (best 1.0000@ep1)
[seed0/unlooped] epoch 30/30: train_acc=1.0000 val_acc=1.0000 (best 1.0000@ep1)
[seed0/looped] epoch 1/30: train_acc=0.8738 val_acc=1.0000 (best 1.0000@ep1)
[seed0/looped] epoch 2/30: train_acc=1.0000 val_acc=1.0000 (best 1.0000@ep1)
[seed0/looped] epoch 3/30: train_acc=1.0000 val_acc=1.0000 (best 1.0000@ep1)
[seed0/looped] epoch 4/30: train_acc=1.0000 val_acc=1.0000 (best 1.0000@ep1)
[seed0/looped] epoch 5/30: train_acc=1.0000 val_acc=1.0000 (best 1.0000@ep1)
[seed0/looped] epoch 6/30: train_acc=1.0000 val_acc=1.0000 (best 1.0000@ep1)
[seed0/looped] epoch 7/30: train_acc=1.0000 val_acc=1.0000 (best 1.0000@ep1)
[seed0/looped] epoch 8/30: train_acc=1.0000 val_acc=1.0000 (best 1.0000@ep1)
[seed0/looped] epoch 9/30: train_acc=1.0000 val_acc=1.0000 (best 1.0000@ep1)
[seed0/looped] epoch 10/30: train_acc=1.0000 val_acc=1.0000 (best 1.0000@ep1)
[seed0/looped] epoch 11/30: train_acc=1.0000 val_acc=1.0000 (best 1.0000@ep1)
[seed0/looped] epoch 12/30: train_acc=1.0000 val_acc=1.0000 (best 1.0000@ep1)
[seed0/looped] epoch 13/30: train_acc=1.0000 val_acc=1.0000 (best 1.0000@ep1)
[seed0/looped] epoch 14/30: train_acc=1.0000 val_acc=1.0000 (best 1.0000@ep1)
[seed0/looped] epoch 15/30: train_acc=1.0000 val_acc=1.0000 (best 1.0000@ep1)
[seed0/looped] epoch 16/30: train_acc=1.0000 val_acc=1.0000 (best 1.0000@ep1)
[seed0/looped] epoch 17/30: train_acc=1.0000 val_acc=1.0000 (best 1.0000@ep1)
[seed0/looped] epoch 18/30: train_acc=1.0000 val_acc=1.0000 (best 1.0000@ep1)
[seed0/looped] epoch 19/30: train_acc=1.0000 val_acc=1.0000 (best 1.0000@ep1)
[seed0/looped] epoch 20/30: train_acc=1.0000 val_acc=1.0000 (best 1.0000@ep1)
[seed0/looped] epoch 21/30: train_acc=1.0000 val_acc=1.0000 (best 1.0000@ep1)
[seed0/looped] epoch 22/30: train_acc=1.0000 val_acc=1.0000 (best 1.0000@ep1)
[seed0/looped] epoch 23/30: train_acc=1.0000 val_acc=1.0000 (best 1.0000@ep1)
[seed0/looped] epoch 24/30: train_acc=1.0000 val_acc=1.0000 (best 1.0000@ep1)
[seed0/looped] epoch 25/30: train_acc=1.0000 val_acc=1.0000 (best 1.0000@ep1)
[seed0/looped] epoch 26/30: train_acc=1.0000 val_acc=1.0000 (best 1.0000@ep1)
[seed0/looped] epoch 27/30: train_acc=1.0000 val_acc=1.0000 (best 1.0000@ep1)
[seed0/looped] epoch 28/30: train_acc=1.0000 val_acc=1.0000 (best 1.0000@ep1)
[seed0/looped] epoch 29/30: train_acc=1.0000 val_acc=1.0000 (best 1.0000@ep1)
[seed0/looped] epoch 30/30: train_acc=1.0000 val_acc=1.0000 (best 1.0000@ep1)
[seed1/unlooped] epoch 1/30: train_acc=0.6806 val_acc=0.6983 (best 0.6983@ep1)
[seed1/unlooped] epoch 2/30: train_acc=0.6992 val_acc=0.6983 (best 0.6983@ep1)
[seed1/unlooped] epoch 3/30: train_acc=0.6993 val_acc=0.6983 (best 0.6983@ep1)
[seed1/unlooped] epoch 4/30: train_acc=0.7100 val_acc=0.7183 (best 0.7183@ep4)
[seed1/unlooped] epoch 5/30: train_acc=0.7146 val_acc=0.7135 (best 0.7183@ep4)
[seed1/unlooped] epoch 6/30: train_acc=0.7111 val_acc=0.7135 (best 0.7183@ep4)
[seed1/unlooped] epoch 7/30: train_acc=0.7114 val_acc=0.7135 (best 0.7183@ep4)
[seed1/unlooped] epoch 8/30: train_acc=0.7115 val_acc=0.7135 (best 0.7183@ep4)
[seed1/unlooped] epoch 9/30: train_acc=0.7134 val_acc=0.7200 (best 0.7200@ep9)
[seed1/unlooped] epoch 10/30: train_acc=0.7173 val_acc=0.7200 (best 0.7200@ep9)
[seed1/unlooped] epoch 11/30: train_acc=0.7159 val_acc=0.7200 (best 0.7200@ep9)
[seed1/unlooped] epoch 12/30: train_acc=0.7879 val_acc=0.8982 (best 0.8982@ep12)
[seed1/unlooped] epoch 13/30: train_acc=0.8960 val_acc=0.9035 (best 0.9035@ep13)
[seed1/unlooped] epoch 14/30: train_acc=0.9013 val_acc=0.9060 (best 0.9060@ep14)
[seed1/unlooped] epoch 15/30: train_acc=0.9033 val_acc=0.9000 (best 0.9060@ep14)
[seed1/unlooped] epoch 16/30: train_acc=0.9041 val_acc=0.9042 (best 0.9060@ep14)
[seed1/unlooped] epoch 17/30: train_acc=0.9066 val_acc=0.9125 (best 0.9125@ep17)
[seed1/unlooped] epoch 18/30: train_acc=0.9096 val_acc=0.9073 (best 0.9125@ep17)
[seed1/unlooped] epoch 19/30: train_acc=0.9109 val_acc=0.9150 (best 0.9150@ep19)
[seed1/unlooped] epoch 20/30: train_acc=0.9106 val_acc=0.9137 (best 0.9150@ep19)
[seed1/unlooped] epoch 21/30: train_acc=0.7249 val_acc=0.7127 (best 0.9150@ep19)
[seed1/unlooped] epoch 22/30: train_acc=0.7065 val_acc=0.7135 (best 0.9150@ep19)
[seed1/unlooped] epoch 23/30: train_acc=0.7123 val_acc=0.7135 (best 0.9150@ep19)
[seed1/unlooped] epoch 24/30: train_acc=0.7097 val_acc=0.7135 (best 0.9150@ep19)
[seed1/unlooped] epoch 25/30: train_acc=0.7094 val_acc=0.6957 (best 0.9150@ep19)
[seed1/unlooped] epoch 26/30: train_acc=0.7099 val_acc=0.7195 (best 0.9150@ep19)
[seed1/unlooped] epoch 27/30: train_acc=0.7146 val_acc=0.7195 (best 0.9150@ep19)
[seed1/unlooped] epoch 28/30: train_acc=0.7157 val_acc=0.7200 (best 0.9150@ep19)
[seed1/unlooped] epoch 29/30: train_acc=0.7166 val_acc=0.7200 (best 0.9150@ep19)
[seed1/unlooped] epoch 30/30: train_acc=0.7160 val_acc=0.7200 (best 0.9150@ep19)
[seed1/looped] epoch 1/30: train_acc=0.9601 val_acc=1.0000 (best 1.0000@ep1)
[seed1/looped] epoch 2/30: train_acc=1.0000 val_acc=1.0000 (best 1.0000@ep1)
[seed1/looped] epoch 3/30: train_acc=1.0000 val_acc=1.0000 (best 1.0000@ep1)
[seed1/looped] epoch 4/30: train_acc=1.0000 val_acc=1.0000 (best 1.0000@ep1)
[seed1/looped] epoch 5/30: train_acc=1.0000 val_acc=1.0000 (best 1.0000@ep1)
[seed1/looped] epoch 6/30: train_acc=1.0000 val_acc=1.0000 (best 1.0000@ep1)
[seed1/looped] epoch 7/30: train_acc=1.0000 val_acc=1.0000 (best 1.0000@ep1)
[seed1/looped] epoch 8/30: train_acc=1.0000 val_acc=1.0000 (best 1.0000@ep1)
[seed1/looped] epoch 9/30: train_acc=1.0000 val_acc=1.0000 (best 1.0000@ep1)
[seed1/looped] epoch 10/30: train_acc=1.0000 val_acc=1.0000 (best 1.0000@ep1)
[seed1/looped] epoch 11/30: train_acc=1.0000 val_acc=1.0000 (best 1.0000@ep1)
[seed1/looped] epoch 12/30: train_acc=1.0000 val_acc=1.0000 (best 1.0000@ep1)
[seed1/looped] epoch 13/30: train_acc=1.0000 val_acc=1.0000 (best 1.0000@ep1)
[seed1/looped] epoch 14/30: train_acc=1.0000 val_acc=1.0000 (best 1.0000@ep1)
[seed1/looped] epoch 15/30: train_acc=1.0000 val_acc=1.0000 (best 1.0000@ep1)
[seed1/looped] epoch 16/30: train_acc=1.0000 val_acc=1.0000 (best 1.0000@ep1)
[seed1/looped] epoch 17/30: train_acc=1.0000 val_acc=1.0000 (best 1.0000@ep1)
[seed1/looped] epoch 18/30: train_acc=1.0000 val_acc=1.0000 (best 1.0000@ep1)
[seed1/looped] epoch 19/30: train_acc=1.0000 val_acc=1.0000 (best 1.0000@ep1)
[seed1/looped] epoch 20/30: train_acc=1.0000 val_acc=1.0000 (best 1.0000@ep1)
[seed1/looped] epoch 21/30: train_acc=1.0000 val_acc=1.0000 (best 1.0000@ep1)
[seed1/looped] epoch 22/30: train_acc=1.0000 val_acc=1.0000 (best 1.0000@ep1)
[seed1/looped] epoch 23/30: train_acc=1.0000 val_acc=1.0000 (best 1.0000@ep1)
[seed1/looped] epoch 24/30: train_acc=1.0000 val_acc=1.0000 (best 1.0000@ep1)
[seed1/looped] epoch 25/30: train_acc=1.0000 val_acc=1.0000 (best 1.0000@ep1)
[seed1/looped] epoch 26/30: train_acc=1.0000 val_acc=1.0000 (best 1.0000@ep1)
[seed1/looped] epoch 27/30: train_acc=1.0000 val_acc=1.0000 (best 1.0000@ep1)
[seed1/looped] epoch 28/30: train_acc=1.0000 val_acc=1.0000 (best 1.0000@ep1)
[seed1/looped] epoch 29/30: train_acc=1.0000 val_acc=1.0000 (best 1.0000@ep1)
[seed1/looped] epoch 30/30: train_acc=1.0000 val_acc=1.0000 (best 1.0000@ep1)
[seed2/unlooped] epoch 1/30: train_acc=0.8994 val_acc=1.0000 (best 1.0000@ep1)
[seed2/unlooped] epoch 2/30: train_acc=1.0000 val_acc=1.0000 (best 1.0000@ep1)
[seed2/unlooped] epoch 3/30: train_acc=1.0000 val_acc=1.0000 (best 1.0000@ep1)
[seed2/unlooped] epoch 4/30: train_acc=1.0000 val_acc=1.0000 (best 1.0000@ep1)
[seed2/unlooped] epoch 5/30: train_acc=1.0000 val_acc=1.0000 (best 1.0000@ep1)
[seed2/unlooped] epoch 6/30: train_acc=1.0000 val_acc=1.0000 (best 1.0000@ep1)
[seed2/unlooped] epoch 7/30: train_acc=1.0000 val_acc=1.0000 (best 1.0000@ep1)
[seed2/unlooped] epoch 8/30: train_acc=1.0000 val_acc=1.0000 (best 1.0000@ep1)
[seed2/unlooped] epoch 9/30: train_acc=1.0000 val_acc=1.0000 (best 1.0000@ep1)
[seed2/unlooped] epoch 10/30: train_acc=1.0000 val_acc=1.0000 (best 1.0000@ep1)
[seed2/unlooped] epoch 11/30: train_acc=1.0000 val_acc=1.0000 (best 1.0000@ep1)
[seed2/unlooped] epoch 12/30: train_acc=1.0000 val_acc=1.0000 (best 1.0000@ep1)
[seed2/unlooped] epoch 13/30: train_acc=1.0000 val_acc=1.0000 (best 1.0000@ep1)
[seed2/unlooped] epoch 14/30: train_acc=1.0000 val_acc=1.0000 (best 1.0000@ep1)
[seed2/unlooped] epoch 15/30: train_acc=1.0000 val_acc=1.0000 (best 1.0000@ep1)
[seed2/unlooped] epoch 16/30: train_acc=1.0000 val_acc=1.0000 (best 1.0000@ep1)
[seed2/unlooped] epoch 17/30: train_acc=1.0000 val_acc=1.0000 (best 1.0000@ep1)
[seed2/unlooped] epoch 18/30: train_acc=1.0000 val_acc=1.0000 (best 1.0000@ep1)
[seed2/unlooped] epoch 19/30: train_acc=1.0000 val_acc=1.0000 (best 1.0000@ep1)
[seed2/unlooped] epoch 20/30: train_acc=1.0000 val_acc=1.0000 (best 1.0000@ep1)
[seed2/unlooped] epoch 21/30: train_acc=1.0000 val_acc=1.0000 (best 1.0000@ep1)
[seed2/unlooped] epoch 22/30: train_acc=1.0000 val_acc=1.0000 (best 1.0000@ep1)
[seed2/unlooped] epoch 23/30: train_acc=1.0000 val_acc=1.0000 (best 1.0000@ep1)
[seed2/unlooped] epoch 24/30: train_acc=1.0000 val_acc=1.0000 (best 1.0000@ep1)
[seed2/unlooped] epoch 25/30: train_acc=1.0000 val_acc=1.0000 (best 1.0000@ep1)
[seed2/unlooped] epoch 26/30: train_acc=1.0000 val_acc=1.0000 (best 1.0000@ep1)
[seed2/unlooped] epoch 27/30: train_acc=1.0000 val_acc=1.0000 (best 1.0000@ep1)
[seed2/unlooped] epoch 28/30: train_acc=1.0000 val_acc=1.0000 (best 1.0000@ep1)
[seed2/unlooped] epoch 29/30: train_acc=1.0000 val_acc=1.0000 (best 1.0000@ep1)
[seed2/unlooped] epoch 30/30: train_acc=1.0000 val_acc=1.0000 (best 1.0000@ep1)
[seed2/looped] epoch 1/30: train_acc=0.7451 val_acc=1.0000 (best 1.0000@ep1)
[seed2/looped] epoch 2/30: train_acc=1.0000 val_acc=1.0000 (best 1.0000@ep1)
[seed2/looped] epoch 3/30: train_acc=1.0000 val_acc=1.0000 (best 1.0000@ep1)
[seed2/looped] epoch 4/30: train_acc=1.0000 val_acc=1.0000 (best 1.0000@ep1)
[seed2/looped] epoch 5/30: train_acc=1.0000 val_acc=1.0000 (best 1.0000@ep1)
[seed2/looped] epoch 6/30: train_acc=1.0000 val_acc=1.0000 (best 1.0000@ep1)
[seed2/looped] epoch 7/30: train_acc=1.0000 val_acc=1.0000 (best 1.0000@ep1)
[seed2/looped] epoch 8/30: train_acc=1.0000 val_acc=1.0000 (best 1.0000@ep1)
[seed2/looped] epoch 9/30: train_acc=1.0000 val_acc=1.0000 (best 1.0000@ep1)
[seed2/looped] epoch 10/30: train_acc=1.0000 val_acc=1.0000 (best 1.0000@ep1)
[seed2/looped] epoch 11/30: train_acc=1.0000 val_acc=1.0000 (best 1.0000@ep1)
[seed2/looped] epoch 12/30: train_acc=1.0000 val_acc=1.0000 (best 1.0000@ep1)
[seed2/looped] epoch 13/30: train_acc=1.0000 val_acc=1.0000 (best 1.0000@ep1)
[seed2/looped] epoch 14/30: train_acc=1.0000 val_acc=1.0000 (best 1.0000@ep1)
[seed2/looped] epoch 15/30: train_acc=1.0000 val_acc=1.0000 (best 1.0000@ep1)
[seed2/looped] epoch 16/30: train_acc=1.0000 val_acc=1.0000 (best 1.0000@ep1)
[seed2/looped] epoch 17/30: train_acc=1.0000 val_acc=1.0000 (best 1.0000@ep1)
[seed2/looped] epoch 18/30: train_acc=1.0000 val_acc=1.0000 (best 1.0000@ep1)
[seed2/looped] epoch 19/30: train_acc=1.0000 val_acc=1.0000 (best 1.0000@ep1)
[seed2/looped] epoch 20/30: train_acc=1.0000 val_acc=1.0000 (best 1.0000@ep1)
[seed2/looped] epoch 21/30: train_acc=1.0000 val_acc=1.0000 (best 1.0000@ep1)
[seed2/looped] epoch 22/30: train_acc=1.0000 val_acc=1.0000 (best 1.0000@ep1)
[seed2/looped] epoch 23/30: train_acc=1.0000 val_acc=1.0000 (best 1.0000@ep1)
[seed2/looped] epoch 24/30: train_acc=1.0000 val_acc=1.0000 (best 1.0000@ep1)
[seed2/looped] epoch 25/30: train_acc=1.0000 val_acc=1.0000 (best 1.0000@ep1)
[seed2/looped] epoch 26/30: train_acc=1.0000 val_acc=1.0000 (best 1.0000@ep1)
[seed2/looped] epoch 27/30: train_acc=1.0000 val_acc=1.0000 (best 1.0000@ep1)
[seed2/looped] epoch 28/30: train_acc=1.0000 val_acc=1.0000 (best 1.0000@ep1)
[seed2/looped] epoch 29/30: train_acc=1.0000 val_acc=1.0000 (best 1.0000@ep1)
[seed2/looped] epoch 30/30: train_acc=1.0000 val_acc=1.0000 (best 1.0000@ep1)

=== mean over seeds (best checkpoint) ===
unlooped  ID val 0.9717 | long paths T=6:0.523
looped    ID val 1.0000 | long paths T=6:0.500 T=16:0.833 T=32:0.832 T=48:0.831
