[seed2/loop] epoch 1/30: train_acc=0.5061 val_acc=0.5000 long16=0.497 long48=0.497 (best 0.5000@ep1)
[seed2/loop] epoch 2/30: train_acc=0.4971 val_acc=0.5000 long16=0.497 long48=0.497 (best 0.5000@ep1)
[seed2/loop] epoch 3/30: train_acc=0.4966 val_acc=0.5000 long16=0.502 long48=0.502 (best 0.5000@ep1)
[seed2/loop] epoch 4/30: train_acc=0.5032 val_acc=0.5000 long16=0.497 long48=0.497 (best 0.5000@ep1)
[seed2/loop] epoch 5/30: train_acc=0.5014 val_acc=0.5000 long16=0.502 long48=0.502 (best 0.5000@ep1)
[seed2/loop] epoch 6/30: train_acc=0.4998 val_acc=0.5000 long16=0.497 long48=0.497 (best 0.5000@ep1)
[seed2/loop] epoch 7/30: train_acc=0.4970 val_acc=0.5000 long16=0.497 long48=0.497 (best 0.5000@ep1)
[seed2/loop] epoch 8/30: train_acc=0.4958 val_acc=0.5000 long16=0.497 long48=0.497 (best 0.5000@ep1)
[seed2/loop] epoch 9/30: train_acc=0.4926 val_acc=0.5000 long16=0.497 long48=0.497 (best 0.5000@ep1)
[seed2/loop] epoch 10/30: train_acc=0.4994 val_acc=0.5000 long16=0.497 long48=0.497 (best 0.5000@ep1)
[seed2/loop] epoch 11/30: train_acc=0.4946 val_acc=0.5000 long16=0.502 long48=0.502 (best 0.5000@ep1)
[seed2/loop] epoch 12/30: train_acc=0.4988 val_acc=0.5000 long16=0.502 long48=0.502 (best 0.5000@ep1)
[seed2/loop] epoch 13/30: train_acc=0.4936 val_acc=0.5000 long16=0.497 long48=0.497 (best 0.5000@ep1)
[seed2/loop] epoch 14/30: train_acc=0.4975 val_acc=0.5000 long16=0.502 long48=0.502 (best 0.5000@ep1)
[seed2/loop] epoch 15/30: train_acc=0.4931 val_acc=0.5000 long16=0.502 long48=0.502 (best 0.5000@ep1)
[seed2/loop] epoch 16/30: train_acc=0.4923 val_acc=0.5000 long16=0.497 long48=0.497 (best 0.5000@ep1)
[seed2/loop] epoch 17/30: train_acc=0.4968 val_acc=0.5000 long16=0.497 long48=0.497 (best 0.5000@ep1)
[seed2/loop] epoch 18/30: train_acc=0.4995 val_acc=0.5000 long16=0.497 long48=0.497 (best 0.5000@ep1)
[seed2/loop] epoch 19/30: train_acc=0.4924 val_acc=0.5000 long16=0.502 long48=0.502 (best 0.5000@ep1)
[seed2/loop] epoch 20/30: train_acc=0.4993 val_acc=0.5000 long16=0.502 long48=0.502 (best 0.5000@ep1)
[seed2/loop] epoch 21/30: train_acc=0.4993 val_acc=0.5000 long16=0.468 long48=0.468 (best 0.5000@ep1)
[seed2/loop] epoch 22/30: train_acc=0.4939 val_acc=0.5000 long16=0.497 long48=0.497 (best 0.5000@ep1)
[seed2/loop] epoch 23/30: train_acc=0.5004 val_acc=0.5000 long16=0.468 long48=0.468 (best 0.5000@ep1)
[seed2/loop] epoch 24/30: train_acc=0.4980 val_acc=0.5000 long16=0.502 long48=0.502 (best 0.5000@ep1)
[seed2/loop] epoch 25/30: train_acc=0.5002 val_acc=0.5000 long16=0.502 long48=0.502 (best 0.5000@ep1)
[seed2/loop] epoch 26/30: train_acc=0.5005 val_acc=0.5000 long16=0.468 long48=0.468 (best 0.5000@ep1)
[seed2/loop] epoch 27/30: train_acc=0.4970 val_acc=0.5000 long16=0.497 long48=0.497 (best 0.5000@ep1)
[seed2/loop] epoch 28/30: train_acc=0.4981 val_acc=0.5000 long16=0.497 long48=0.497 (best 0.5000@ep1)
[seed2/loop] epoch 29/30: train_acc=0.4931 val_acc=0.5000 long16=0.502 long48=0.502 (best 0.5000@ep1)
[seed2/loop] epoch 30/30: train_acc=0.4955 val_acc=0.5000 long16=0.502 long48=0.502 (best 0.5000@ep1)
[seed2/loop_r10] epoch 1/30: train_acc=0.8746 val_acc=1.0000 long16=1.000 long48=1.000 (best 1.0000@ep1)
[seed2/loop_r10] epoch 2/30: train_acc=1.0000 val_acc=1.0000 long16=1.000 long48=1.000 (best 1.0000@ep1)
[seed2/loop_r10] epoch 3/30: train_acc=1.0000 val_acc=1.0000 long16=1.000 long48=1.000 (best 1.0000@ep1)
[seed2/loop_r10] epoch 4/30: train_acc=1.0000 val_acc=1.0000 long16=1.000 long48=0.527 (best 1.0000@ep1)
[seed2/loop_r10] epoch 5/30: train_acc=1.0000 val_acc=1.0000 long16=1.000 long48=0.527 (best 1.0000@ep1)
[seed2/loop_r10] epoch 6/30: train_acc=1.0000 val_acc=1.0000 long16=1.000 long48=0.505 (best 1.0000@ep1)
[seed2/loop_r10] epoch 7/30: train_acc=1.0000 val_acc=1.0000 long16=1.000 long48=0.502 (best 1.0000@ep1)
[seed2/loop_r10] epoch 8/30: train_acc=1.0000 val_acc=1.0000 long16=1.000 long48=0.517 (best 1.0000@ep1)
[seed2/loop_r10] epoch 9/30: train_acc=1.0000 val_acc=1.0000 long16=1.000 long48=0.547 (best 1.0000@ep1)
[seed2/loop_r10] epoch 10/30: train_acc=1.0000 val_acc=1.0000 long16=1.000 long48=0.505 (best 1.0000@ep1)
[seed2/loop_r10] epoch 11/30: train_acc=1.0000 val_acc=1.0000 long16=1.000 long48=0.502 (best 1.0000@ep1)
[seed2/loop_r10] epoch 12/30: train_acc=1.0000 val_acc=1.0000 long16=1.000 long48=0.502 (best 1.0000@ep1)
[seed2/loop_r10] epoch 13/30: train_acc=1.0000 val_acc=1.0000 long16=1.000 long48=0.497 (best 1.0000@ep1)
[seed2/loop_r10] epoch 14/30: train_acc=1.0000 val_acc=1.0000 long16=1.000 long48=0.497 (best 1.0000@ep1)
[seed2/loop_r10] epoch 15/30: train_acc=1.0000 val_acc=1.0000 long16=1.000 long48=0.497 (best 1.0000@ep1)
[seed2/loop_r10] epoch 16/30: train_acc=1.0000 val_acc=1.0000 long16=1.000 long48=0.497 (best 1.0000@ep1)
[seed2/loop_r10] epoch 17/30: train_acc=1.0000 val_acc=1.0000 long16=1.000 long48=0.497 (best 1.0000@ep1)
[seed2/loop_r10] epoch 18/30: train_acc=1.0000 val_acc=1.0000 long16=1.000 long48=0.497 (best 1.0000@ep1)
[seed2/loop_r10] epoch 19/30: train_acc=1.0000 val_acc=1.0000 long16=1.000 long48=0.497 (best 1.0000@ep1)
[seed2/loop_r10] epoch 20/30: train_acc=1.0000 val_acc=1.0000 long16=1.000 long48=0.497 (best 1.0000@ep1)
[seed2/loop_r10] epoch 21/30: train_acc=1.0000 val_acc=1.0000 long16=1.000 long48=0.497 (best 1.0000@ep1)
[seed2/loop_r10] epoch 22/30: train_acc=1.0000 val_acc=1.0000 long16=1.000 long48=0.497 (best 1.0000@ep1)
[seed2/loop_r10] epoch 23/30: train_acc=1.0000 val_acc=1.0000 long16=1.000 long48=0.497 (best 1.0000@ep1)
[seed2/loop_r10] epoch 24/30: train_acc=1.0000 val_acc=1.0000 long16=1.000 long48=0.497 (best 1.0000@ep1)
[seed2/loop_r10] epoch 25/30: train_acc=1.0000 val_acc=1.0000 long16=1.000 long48=0.497 (best 1.0000@ep1)
[seed2/loop_r10] epoch 26/30: train_acc=1.0000 val_acc=1.0000 long16=1.000 long48=0.497 (best 1.0000@ep1)
[seed2/loop_r10] epoch 27/30: train_acc=1.0000 val_acc=1.0000 long16=1.000 long48=0.497 (best 1.0000@ep1)
[seed2/loop_r10] epoch 28/30: train_acc=1.0000 val_acc=1.0000 long16=1.000 long48=0.497 (best 1.0000@ep1)
[seed2/loop_r10] epoch 29/30: train_acc=1.0000 val_acc=1.0000 long16=1.000 long48=0.497 (best 1.0000@ep1)
[seed2/loop_r10] epoch 30/30: train_acc=1.0000 val_acc=1.0000 long16=1.000 long48=0.497 (best 1.0000@ep1)
[seed2/loop_r18] epoch 1/30: train_acc=0.4996 val_acc=0.5000 long16=0.502 long48=0.502 (best 0.5000@ep1)
[seed2/loop_r18] epoch 2/30: train_acc=0.4991 val_acc=0.5000 long16=0.497 long48=0.497 (best 0.5000@ep1)
[seed2/loop_r18] epoch 3/30: train_acc=0.4949 val_acc=0.5000 long16=0.502 long48=0.502 (best 0.5000@ep1)
[seed2/loop_r18] epoch 4/30: train_acc=0.5035 val_acc=0.5000 long16=0.497 long48=0.497 (best 0.5000@ep1)
[seed2/loop_r18] epoch 5/30: train_acc=0.5008 val_acc=0.5000 long16=0.502 long48=0.502 (best 0.5000@ep1)
[seed2/loop_r18] epoch 6/30: train_acc=0.4998 val_acc=0.5000 long16=0.497 long48=0.497 (best 0.5000@ep1)
[seed2/loop_r18] epoch 7/30: train_acc=0.4970 val_acc=0.5000 long16=0.497 long48=0.497 (best 0.5000@ep1)
[seed2/loop_r18] epoch 8/30: train_acc=0.4958 val_acc=0.5000 long16=0.497 long48=0.497 (best 0.5000@ep1)
[seed2/loop_r18] epoch 9/30: train_acc=0.4926 val_acc=0.5000 long16=0.497 long48=0.497 (best 0.5000@ep1)
[seed2/loop_r18] epoch 10/30: train_acc=0.4994 val_acc=0.5000 long16=0.497 long48=0.497 (best 0.5000@ep1)
[seed2/loop_r18] epoch 11/30: train_acc=0.4946 val_acc=0.5000 long16=0.502 long48=0.502 (best 0.5000@ep1)
[seed2/loop_r18] epoch 12/30: train_acc=0.4988 val_acc=0.5000 long16=0.502 long48=0.502 (best 0.5000@ep1)
[seed2/loop_r18] epoch 13/30: train_acc=0.4936 val_acc=0.5000 long16=0.497 long48=0.497 (best 0.5000@ep1)
[seed2/loop_r18] epoch 14/30: train_acc=0.4975 val_acc=0.5000 long16=0.502 long48=0.502 (best 0.5000@ep1)
[seed2/loop_r18] epoch 15/30: train_acc=0.4931 val_acc=0.5000 long16=0.502 long48=0.502 (best 0.5000@ep1)
[seed2/loop_r18] epoch 16/30: train_acc=0.4923 val_acc=0.5000 long16=0.497 long48=0.497 (best 0.5000@ep1)
[seed2/loop_r18] epoch 17/30: train_acc=0.4968 val_acc=0.5000 long16=0.497 long48=0.497 (best 0.5000@ep1)
[seed2/loop_r18] epoch 18/30: train_acc=0.4995 val_acc=0.5000 long16=0.497 long48=0.497 (best 0.5000@ep1)
[seed2/loop_r18] epoch 19/30: train_acc=0.4924 val_acc=0.5000 long16=0.502 long48=0.502 (best 0.5000@ep1)
[seed2/loop_r18] epoch 20/30: train_acc=0.4993 val_acc=0.5000 long16=0.502 long48=0.502 (best 0.5000@ep1)
[seed2/loop_r18] epoch 21/30: train_acc=0.4993 val_acc=0.5000 long16=0.502 long48=0.502 (best 0.5000@ep1)
[seed2/loop_r18] epoch 22/30: train_acc=0.4939 val_acc=0.5000 long16=0.497 long48=0.497 (best 0.5000@ep1)
[seed2/loop_r18] epoch 23/30: train_acc=0.5004 val_acc=0.5000 long16=0.502 long48=0.502 (best 0.5000@ep1)
[seed2/loop_r18] epoch 24/30: train_acc=0.4980 val_acc=0.5000 long16=0.502 long48=0.502 (best 0.5000@ep1)
[seed2/loop_r18] epoch 25/30: train_acc=0.5002 val_acc=0.5000 long16=0.502 long48=0.502 (best 0.5000@ep1)
[seed2/loop_r18] epoch 26/30: train_acc=0.5005 val_acc=0.5000 long16=0.502 long48=0.502 (best 0.5000@ep1)
[seed2/loop_r18] epoch 27/30: train_acc=0.4970 val_acc=0.5000 long16=0.497 long48=0.497 (best 0.5000@ep1)
[seed2/loop_r18] epoch 28/30: train_acc=0.4981 val_acc=0.5000 long16=0.497 long48=0.497 (best 0.5000@ep1)
[seed2/loop_r18] epoch 29/30: train_acc=0.4931 val_acc=0.5000 long16=0.502 long48=0.502 (best 0.5000@ep1)
[seed2/loop_r18] epoch 30/30: train_acc=0.4955 val_acc=0.5000 long16=0.502 long48=0.502 (best 0.5000@ep1)
[seed2/geo] epoch 1/30: train_acc=0.7682 val_acc=1.0000 long16=1.000 long48=0.497 (best 1.0000@ep1)
[seed2/geo] epoch 2/30: train_acc=1.0000 val_acc=1.0000 long16=1.000 long48=0.497 (best 1.0000@ep1)
[seed2/geo] epoch 3/30: train_acc=1.0000 val_acc=1.0000 long16=1.000 long48=0.497 (best 1.0000@ep1)
[seed2/geo] epoch 4/30: train_acc=1.0000 val_acc=1.0000 long16=0.565 long48=0.497 (best 1.0000@ep1)
[seed2/geo] epoch 5/30: train_acc=1.0000 val_acc=1.0000 long16=0.497 long48=0.497 (best 1.0000@ep1)
[seed2/geo] epoch 6/30: train_acc=1.0000 val_acc=1.0000 long16=0.765 long48=0.497 (best 1.0000@ep1)
[seed2/geo] epoch 7/30: train_acc=1.0000 val_acc=1.0000 long16=0.497 long48=0.497 (best 1.0000@ep1)
[seed2/geo] epoch 8/30: train_acc=1.0000 val_acc=1.0000 long16=0.497 long48=0.497 (best 1.0000@ep1)
[seed2/geo] epoch 9/30: train_acc=1.0000 val_acc=1.0000 long16=0.497 long48=0.497 (best 1.0000@ep1)
[seed2/geo] epoch 10/30: train_acc=1.0000 val_acc=1.0000 long16=0.497 long48=0.497 (best 1.0000@ep1)
[seed2/geo] epoch 11/30: train_acc=1.0000 val_acc=1.0000 long16=1.000 long48=1.000 (best 1.0000@ep1)
[seed2/geo] epoch 12/30: train_acc=1.0000 val_acc=1.0000 long16=1.000 long48=1.000 (best 1.0000@ep1)
[seed2/geo] epoch 13/30: train_acc=1.0000 val_acc=1.0000 long16=1.000 long48=1.000 (best 1.0000@ep1)
[seed2/geo] epoch 14/30: train_acc=1.0000 val_acc=1.0000 long16=1.000 long48=1.000 (best 1.0000@ep1)
[seed2/geo] epoch 15/30: train_acc=1.0000 val_acc=1.0000 long16=1.000 long48=1.000 (best 1.0000@ep1)
[seed2/geo] epoch 16/30: train_acc=1.0000 val_acc=1.0000 long16=1.000 long48=1.000 (best 1.0000@ep1)
[seed2/geo] epoch 17/30: train_acc=1.0000 val_acc=1.0000 long16=1.000 long48=1.000 (best 1.0000@ep1)
[seed2/geo] epoch 18/30: train_acc=1.0000 val_acc=1.0000 long16=1.000 long48=1.000 (best 1.0000@ep1)
[seed2/geo] epoch 19/30: train_acc=1.0000 val_acc=1.0000 long16=1.000 long48=1.000 (best 1.0000@ep1)
[seed2/geo] epoch 20/30: train_acc=1.0000 val_acc=1.0000 long16=1.000 long48=1.000 (best 1.0000@ep1)
[seed2/geo] epoch 21/30: train_acc=1.0000 val_acc=1.0000 long16=1.000 long48=0.497 (best 1.0000@ep1)
[seed2/geo] epoch 22/30: train_acc=1.0000 val_acc=1.0000 long16=0.497 long48=0.497 (best 1.0000@ep1)
[seed2/geo] epoch 23/30: train_acc=1.0000 val_acc=1.0000 long16=0.497 long48=0.497 (best 1.0000@ep1)
[seed2/geo] epoch 24/30: train_acc=1.0000 val_acc=1.0000 long16=1.000 long48=1.000 (best 1.0000@ep1)
[seed2/geo] epoch 25/30: train_acc=1.0000 val_acc=1.0000 long16=1.000 long48=1.000 (best 1.0000@ep1)
[seed2/geo] epoch 26/30: train_acc=1.0000 val_acc=1.0000 long16=1.000 long48=1.000 (best 1.0000@ep1)
[seed2/geo] epoch 27/30: train_acc=1.0000 val_acc=1.0000 long16=1.000 long48=1.000 (best 1.0000@ep1)
[seed2/geo] epoch 28/30: train_acc=1.0000 val_acc=1.0000 long16=1.000 long48=1.000 (best 1.0000@ep1)
[seed2/geo] epoch 29/30: train_acc=1.0000 val_acc=1.0000 long16=1.000 long48=0.728 (best 1.0000@ep1)
[seed2/geo] epoch 30/30: train_acc=1.0000 val_acc=1.0000 long16=1.000 long48=0.497 (best 1.0000@ep1)
[seed2/geo_r10] epoch 1/30: train_acc=0.5096 val_acc=0.5000 long16=0.497 long48=0.497 (best 0.5000@ep1)
[seed2/geo_r10] epoch 2/30: train_acc=0.4970 val_acc=0.5000 long16=0.497 long48=0.497 (best 0.5000@ep1)
[seed2/geo_r10] epoch 3/30: train_acc=0.4936 val_acc=0.5000 long16=0.502 long48=0.502 (best 0.5000@ep1)
[seed2/geo_r10] epoch 4/30: train_acc=0.5035 val_acc=0.5000 long16=0.497 long48=0.497 (best 0.5000@ep1)
[seed2/geo_r10] epoch 5/30: train_acc=0.5008 val_acc=0.5000 long16=0.502 long48=0.502 (best 0.5000@ep1)
[seed2/geo_r10] epoch 6/30: train_acc=0.4998 val_acc=0.5000 long16=0.497 long48=0.497 (best 0.5000@ep1)
[seed2/geo_r10] epoch 7/30: train_acc=0.4970 val_acc=0.5000 long16=0.497 long48=0.497 (best 0.5000@ep1)
[seed2/geo_r10] epoch 8/30: train_acc=0.4958 val_acc=0.5000 long16=0.497 long48=0.497 (best 0.5000@ep1)
[seed2/geo_r10] epoch 9/30: train_acc=0.4926 val_acc=0.5000 long16=0.497 long48=0.497 (best 0.5000@ep1)
[seed2/geo_r10] epoch 10/30: train_acc=0.4994 val_acc=0.5000 long16=0.497 long48=0.497 (best 0.5000@ep1)
[seed2/geo_r10] epoch 11/30: train_acc=0.4946 val_acc=0.5000 long16=0.502 long48=0.502 (best 0.5000@ep1)
[seed2/geo_r10] epoch 12/30: train_acc=0.4988 val_acc=0.5000 long16=0.502 long48=0.502 (best 0.5000@ep1)
[seed2/geo_r10] epoch 13/30: train_acc=0.4936 val_acc=0.5000 long16=0.497 long48=0.497 (best 0.5000@ep1)
[seed2/geo_r10] epoch 14/30: train_acc=0.4975 val_acc=0.5000 long16=0.502 long48=0.502 (best 0.5000@ep1)
[seed2/geo_r10] epoch 15/30: train_acc=0.4931 val_acc=0.5000 long16=0.502 long48=0.502 (best 0.5000@ep1)
[seed2/geo_r10] epoch 16/30: train_acc=0.4923 val_acc=0.5000 long16=0.497 long48=0.497 (best 0.5000@ep1)
[seed2/geo_r10] epoch 17/30: train_acc=0.4968 val_acc=0.5000 long16=0.497 long48=0.497 (best 0.5000@ep1)
[seed2/geo_r10] epoch 18/30: train_acc=0.4995 val_acc=0.5000 long16=0.497 long48=0.497 (best 0.5000@ep1)
[seed2/geo_r10] epoch 19/30: train_acc=0.4924 val_acc=0.5000 long16=0.502 long48=0.502 (best 0.5000@ep1)
[seed2/geo_r10] epoch 20/30: train_acc=0.4993 val_acc=0.5000 long16=0.502 long48=0.502 (best 0.5000@ep1)
[seed2/geo_r10] epoch 21/30: train_acc=0.4993 val_acc=0.5000 long16=0.502 long48=0.502 (best 0.5000@ep1)
[seed2/geo_r10] epoch 22/30: train_acc=0.4939 val_acc=0.5000 long16=0.497 long48=0.497 (best 0.5000@ep1)
[seed2/geo_r10] epoch 23/30: train_acc=0.5004 val_acc=0.5000 long16=0.502 long48=0.502 (best 0.5000@ep1)
[seed2/geo_r10] epoch 24/30: train_acc=0.4980 val_acc=0.5000 long16=0.502 long48=0.502 (best 0.5000@ep1)
[seed2/geo_r10] epoch 25/30: train_acc=0.5002 val_acc=0.5000 long16=0.502 long48=0.502 (best 0.5000@ep1)
[seed2/geo_r10] epoch 26/30: train_acc=0.5005 val_acc=0.5000 long16=0.502 long48=0.502 (best 0.5000@ep1)
[seed2/geo_r10] epoch 27/30: train_acc=0.4970 val_acc=0.5000 long16=0.497 long48=0.497 (best 0.5000@ep1)
[seed2/geo_r10] epoch 28/30: train_acc=0.4981 val_acc=0.5000 long16=0.497 long48=0.497 (best 0.5000@ep1)
[seed2/geo_r10] epoch 29/30: train_acc=0.4931 val_acc=0.5000 long16=0.502 long48=0.502 (best 0.5000@ep1)
[seed2/geo_r10] epoch 30/30: train_acc=0.4955 val_acc=0.5000 long16=0.502 long48=0.502 (best 0.5000@ep1)
[seed2/geo_r18] epoch 1/30: train_acc=0.5033 val_acc=0.5000 long16=0.502 long48=0.502 (best 0.5000@ep1)
[seed2/geo_r18] epoch 2/30: train_acc=0.4999 val_acc=0.5000 long16=0.497 long48=0.497 (best 0.5000@ep1)
[seed2/geo_r18] epoch 3/30: train_acc=0.4953 val_acc=0.5000 long16=0.502 long48=0.502 (best 0.5000@ep1)
[seed2/geo_r18] epoch 4/30: train_acc=0.5035 val_acc=0.5000 long16=0.497 long48=0.497 (best 0.5000@ep1)
[seed2/geo_r18] epoch 5/30: train_acc=0.5008 val_acc=0.5000 long16=0.502 long48=0.502 (best 0.5000@ep1)
[seed2/geo_r18] epoch 6/30: train_acc=0.4998 val_acc=0.5000 long16=0.497 long48=0.497 (best 0.5000@ep1)
[seed2/geo_r18] epoch 7/30: train_acc=0.4970 val_acc=0.5000 long16=0.497 long48=0.497 (best 0.5000@ep1)
[seed2/geo_r18] epoch 8/30: train_acc=0.4958 val_acc=0.5000 long16=0.497 long48=0.497 (best 0.5000@ep1)
[seed2/geo_r18] epoch 9/30: train_acc=0.4926 val_acc=0.5000 long16=0.497 long48=0.497 (best 0.5000@ep1)
[seed2/geo_r18] epoch 10/30: train_acc=0.4994 val_acc=0.5000 long16=0.497 long48=0.497 (best 0.5000@ep1)
[seed2/geo_r18] epoch 11/30: train_acc=0.4946 val_acc=0.5000 long16=0.502 long48=0.502 (best 0.5000@ep1)
[seed2/geo_r18] epoch 12/30: train_acc=0.4988 val_acc=0.5000 long16=0.502 long48=0.502 (best 0.5000@ep1)
[seed2/geo_r18] epoch 13/30: train_acc=0.4936 val_acc=0.5000 long16=0.497 long48=0.497 (best 0.5000@ep1)
[seed2/geo_r18] epoch 14/30: train_acc=0.4975 val_acc=0.5000 long16=0.502 long48=0.502 (best 0.5000@ep1)
[seed2/geo_r18] epoch 15/30: train_acc=0.4931 val_acc=0.5000 long16=0.502 long48=0.502 (best 0.5000@ep1)
[seed2/geo_r18] epoch 16/30: train_acc=0.4923 val_acc=0.5000 long16=0.497 long48=0.497 (best 0.5000@ep1)
[seed2/geo_r18] epoch 17/30: train_acc=0.4968 val_acc=0.5000 long16=0.497 long48=0.497 (best 0.5000@ep1)
[seed2/geo_r18] epoch 18/30: train_acc=0.4995 val_acc=0.5000 long16=0.497 long48=0.497 (best 0.5000@ep1)
[seed2/geo_r18] epoch 19/30: train_acc=0.4924 val_acc=0.5000 long16=0.502 long48=0.502 (best 0.5000@ep1)
[seed2/geo_r18] epoch 20/30: train_acc=0.4993 val_acc=0.5000 long16=0.502 long48=0.502 (best 0.5000@ep1)
[seed2/geo_r18] epoch 21/30: train_acc=0.4993 val_acc=0.5000 long16=0.502 long48=0.502 (best 0.5000@ep1)
[seed2/geo_r18] epoch 22/30: train_acc=0.4939 val_acc=0.5000 long16=0.497 long48=0.497 (best 0.5000@ep1)
[seed2/geo_r18] epoch 23/30: train_acc=0.5004 val_acc=0.5000 long16=0.502 long48=0.502 (best 0.5000@ep1)
[seed2/geo_r18] epoch 24/30: train_acc=0.4980 val_acc=0.5000 long16=0.502 long48=0.502 (best 0.5000@ep1)
[seed2/geo_r18] epoch 25/30: train_acc=0.5002 val_acc=0.5000 long16=0.502 long48=0.502 (best 0.5000@ep1)
[seed2/geo_r18] epoch 26/30: train_acc=0.5005 val_acc=0.5000 long16=0.502 long48=0.502 (best 0.5000@ep1)
[seed2/geo_r18] epoch 27/30: train_acc=0.4970 val_acc=0.5000 long16=0.497 long48=0.497 (best 0.5000@ep1)
[seed2/geo_r18] epoch 28/30: train_acc=0.4981 val_acc=0.5000 long16=0.497 long48=0.497 (best 0.5000@ep1)
[seed2/geo_r18] epoch 29/30: train_acc=0.4931 val_acc=0.5000 long16=0.502 long48=0.502 (best 0.5000@ep1)
[seed2/geo_r18] epoch 30/30: train_acc=0.4955 val_acc=0.5000 long16=0.502 long48=0.502 (best 0.5000@ep1)
[seed2/geo_tau] epoch 1/30: train_acc=0.4960 val_acc=0.5000 long16=0.502 long48=0.502 (best 0.5000@ep1)
[seed2/geo_tau] epoch 2/30: train_acc=0.5019 val_acc=0.5000 long16=0.502 long48=0.502 (best 0.5000@ep1)
[seed2/geo_tau] epoch 3/30: train_acc=0.4973 val_acc=0.5000 long16=0.502 long48=0.502 (best 0.5000@ep1)
[seed2/geo_tau] epoch 4/30: train_acc=0.4994 val_acc=0.5000 long16=0.502 long48=0.502 (best 0.5000@ep1)
[seed2/geo_tau] epoch 5/30: train_acc=0.4991 val_acc=0.5000 long16=0.502 long48=0.502 (best 0.5000@ep1)
[seed2/geo_tau] epoch 6/30: train_acc=0.4951 val_acc=0.5000 long16=0.502 long48=0.502 (best 0.5000@ep1)
[seed2/geo_tau] epoch 7/30: train_acc=0.4936 val_acc=0.5000 long16=0.502 long48=0.502 (best 0.5000@ep1)
[seed2/geo_tau] epoch 8/30: train_acc=0.5006 val_acc=0.5000 long16=0.502 long48=0.502 (best 0.5000@ep1)
[seed2/geo_tau] epoch 9/30: train_acc=0.4961 val_acc=0.5000 long16=0.502 long48=0.502 (best 0.5000@ep1)
[seed2/geo_tau] epoch 10/30: train_acc=0.4971 val_acc=0.5000 long16=0.502 long48=0.502 (best 0.5000@ep1)
[seed2/geo_tau] epoch 11/30: train_acc=0.5006 val_acc=0.5000 long16=0.502 long48=0.502 (best 0.5000@ep1)
[seed2/geo_tau] epoch 12/30: train_acc=0.5010 val_acc=0.5000 long16=0.502 long48=0.502 (best 0.5000@ep1)
[seed2/geo_tau] epoch 13/30: train_acc=0.4946 val_acc=0.5000 long16=0.502 long48=0.502 (best 0.5000@ep1)
[seed2/geo_tau] epoch 14/30: train_acc=0.4978 val_acc=0.5000 long16=0.502 long48=0.502 (best 0.5000@ep1)
[seed2/geo_tau] epoch 15/30: train_acc=0.5038 val_acc=0.5000 long16=0.532 long48=0.532 (best 0.5000@ep1)
[seed2/geo_tau] epoch 16/30: train_acc=0.4950 val_acc=0.5000 long16=0.502 long48=0.502 (best 0.5000@ep1)
[seed2/geo_tau] epoch 17/30: train_acc=0.4998 val_acc=0.5000 long16=0.502 long48=0.502 (best 0.5000@ep1)
[seed2/geo_tau] epoch 18/30: train_acc=0.4991 val_acc=0.5000 long16=0.532 long48=0.502 (best 0.5000@ep1)
[seed2/geo_tau] epoch 19/30: train_acc=0.5054 val_acc=0.5000 long16=0.502 long48=0.502 (best 0.5000@ep1)
[seed2/geo_tau] epoch 20/30: train_acc=0.5038 val_acc=0.5000 long16=0.497 long48=0.497 (best 0.5000@ep1)
[seed2/geo_tau] epoch 21/30: train_acc=0.5001 val_acc=0.5000 long16=0.497 long48=0.497 (best 0.5000@ep1)
[seed2/geo_tau] epoch 22/30: train_acc=0.4953 val_acc=0.5000 long16=0.497 long48=0.497 (best 0.5000@ep1)
[seed2/geo_tau] epoch 23/30: train_acc=0.4919 val_acc=0.5000 long16=0.497 long48=0.497 (best 0.5000@ep1)
[seed2/geo_tau] epoch 24/30: train_acc=0.4984 val_acc=0.5000 long16=0.497 long48=0.497 (best 0.5000@ep1)
[seed2/geo_tau] epoch 25/30: train_acc=0.5006 val_acc=0.5000 long16=0.502 long48=0.502 (best 0.5000@ep1)
[seed2/geo_tau] epoch 26/30: train_acc=0.4910 val_acc=0.5000 long16=0.497 long48=0.497 (best 0.5000@ep1)
[seed2/geo_tau] epoch 27/30: train_acc=0.4941 val_acc=0.5000 long16=0.497 long48=0.497 (best 0.5000@ep1)
[seed2/geo_tau] epoch 28/30: train_acc=0.4959 val_acc=0.5000 long16=0.497 long48=0.497 (best 0.5000@ep1)
[seed2/geo_tau] epoch 29/30: train_acc=0.5019 val_acc=0.5000 long16=0.502 long48=0.502 (best 0.5000@ep1)
[seed2/geo_tau] epoch 30/30: train_acc=0.4951 val_acc=0.5000 long16=0.497 long48=0.497 (best 0.5000@ep1)
[seed2/sheaf] epoch 1/30: train_acc=0.9376 val_acc=1.0000 long16=0.635 long48=0.635 (best 1.0000@ep1)
[seed2/sheaf] epoch 2/30: train_acc=1.0000 val_acc=1.0000 long16=0.640 long48=0.640 (best 1.0000@ep1)
[seed2/sheaf] epoch 3/30: train_acc=1.0000 val_acc=1.0000 long16=0.635 long48=0.635 (best 1.0000@ep1)
[seed2/sheaf] epoch 4/30: train_acc=1.0000 val_acc=1.0000 long16=0.635 long48=0.635 (best 1.0000@ep1)
[seed2/sheaf] epoch 5/30: train_acc=1.0000 val_acc=1.0000 long16=0.632 long48=0.632 (best 1.0000@ep1)
[seed2/sheaf] epoch 6/30: train_acc=1.0000 val_acc=1.0000 long16=0.630 long48=0.630 (best 1.0000@ep1)
[seed2/sheaf] epoch 7/30: train_acc=1.0000 val_acc=1.0000 long16=0.630 long48=0.630 (best 1.0000@ep1)
[seed2/sheaf] epoch 8/30: train_acc=1.0000 val_acc=1.0000 long16=0.627 long48=0.627 (best 1.0000@ep1)
[seed2/sheaf] epoch 9/30: train_acc=1.0000 val_acc=1.0000 long16=0.625 long48=0.625 (best 1.0000@ep1)
[seed2/sheaf] epoch 10/30: train_acc=1.0000 val_acc=1.0000 long16=0.623 long48=0.623 (best 1.0000@ep1)
[seed2/sheaf] epoch 11/30: train_acc=1.0000 val_acc=1.0000 long16=0.623 long48=0.623 (best 1.0000@ep1)
[seed2/sheaf] epoch 12/30: train_acc=1.0000 val_acc=1.0000 long16=0.623 long48=0.623 (best 1.0000@ep1)
[seed2/sheaf] epoch 13/30: train_acc=1.0000 val_acc=1.0000 long16=0.620 long48=0.620 (best 1.0000@ep1)
[seed2/sheaf] epoch 14/30: train_acc=1.0000 val_acc=1.0000 long16=0.620 long48=0.620 (best 1.0000@ep1)
[seed2/sheaf] epoch 15/30: train_acc=1.0000 val_acc=1.0000 long16=0.620 long48=0.620 (best 1.0000@ep1)
[seed2/sheaf] epoch 16/30: train_acc=1.0000 val_acc=1.0000 long16=0.620 long48=0.620 (best 1.0000@ep1)
[seed2/sheaf] epoch 17/30: train_acc=1.0000 val_acc=1.0000 long16=0.620 long48=0.620 (best 1.0000@ep1)
[seed2/sheaf] epoch 18/30: train_acc=1.0000 val_acc=1.0000 long16=0.623 long48=0.623 (best 1.0000@ep1)
[seed2/sheaf] epoch 19/30: train_acc=1.0000 val_acc=1.0000 long16=0.623 long48=0.623 (best 1.0000@ep1)
[seed2/sheaf] epoch 20/30: train_acc=1.0000 val_acc=1.0000 long16=0.623 long48=0.623 (best 1.0000@ep1)
[seed2/sheaf] epoch 21/30: train_acc=1.0000 val_acc=1.0000 long16=0.623 long48=0.623 (best 1.0000@ep1)
[seed2/sheaf] epoch 22/30: train_acc=1.0000 val_acc=1.0000 long16=0.615 long48=0.615 (best 1.0000@ep1)
[seed2/sheaf] epoch 23/30: train_acc=1.0000 val_acc=1.0000 long16=0.615 long48=0.615 (best 1.0000@ep1)
[seed2/sheaf] epoch 24/30: train_acc=1.0000 val_acc=1.0000 long16=0.615 long48=0.615 (best 1.0000@ep1)
[seed2/sheaf] epoch 25/30: train_acc=1.0000 val_acc=1.0000 long16=0.615 long48=0.615 (best 1.0000@ep1)
[seed2/sheaf] epoch 26/30: train_acc=1.0000 val_acc=1.0000 long16=0.615 long48=0.615 (best 1.0000@ep1)
[seed2/sheaf] epoch 27/30: train_acc=1.0000 val_acc=1.0000 long16=0.615 long48=0.615 (best 1.0000@ep1)
[seed2/sheaf] epoch 28/30: train_acc=1.0000 val_acc=1.0000 long16=0.623 long48=0.623 (best 1.0000@ep1)
[seed2/sheaf] epoch 29/30: train_acc=1.0000 val_acc=1.0000 long16=0.623 long48=0.623 (best 1.0000@ep1)
[seed2/sheaf] epoch 30/30: train_acc=1.0000 val_acc=1.0000 long16=0.623 long48=0.623 (best 1.0000@ep1)
[seed2/sheaf_sealed] epoch 1/30: train_acc=1.0000 val_acc=1.0000 long16=1.000 long48=1.000 (best 1.0000@ep1)
[seed2/sheaf_sealed] epoch 2/30: train_acc=1.0000 val_acc=1.0000 long16=1.000 long48=1.000 (best 1.0000@ep1)
[seed2/sheaf_sealed] epoch 3/30: train_acc=1.0000 val_acc=1.0000 long16=1.000 long48=1.000 (best 1.0000@ep1)
[seed2/sheaf_sealed] epoch 4/30: train_acc=1.0000 val_acc=1.0000 long16=1.000 long48=1.000 (best 1.0000@ep1)
[seed2/sheaf_sealed] epoch 5/30: train_acc=1.0000 val_acc=1.0000 long16=1.000 long48=1.000 (best 1.0000@ep1)
[seed2/sheaf_sealed] epoch 6/30: train_acc=1.0000 val_acc=1.0000 long16=1.000 long48=1.000 (best 1.0000@ep1)
[seed2/sheaf_sealed] epoch 7/30: train_acc=1.0000 val_acc=1.0000 long16=1.000 long48=1.000 (best 1.0000@ep1)
[seed2/sheaf_sealed] epoch 8/30: train_acc=1.0000 val_acc=1.0000 long16=1.000 long48=1.000 (best 1.0000@ep1)
[seed2/sheaf_sealed] epoch 9/30: train_acc=1.0000 val_acc=1.0000 long16=1.000 long48=1.000 (best 1.0000@ep1)
[seed2/sheaf_sealed] epoch 10/30: train_acc=1.0000 val_acc=1.0000 long16=1.000 long48=1.000 (best 1.0000@ep1)
[seed2/sheaf_sealed] epoch 11/30: train_acc=1.0000 val_acc=1.0000 long16=1.000 long48=1.000 (best 1.0000@ep1)
[seed2/sheaf_sealed] epoch 12/30: train_acc=1.0000 val_acc=1.0000 long16=1.000 long48=1.000 (best 1.0000@ep1)
[seed2/sheaf_sealed] epoch 13/30: train_acc=1.0000 val_acc=1.0000 long16=1.000 long48=1.000 (best 1.0000@ep1)
[seed2/sheaf_sealed] epoch 14/30: train_acc=1.0000 val_acc=1.0000 long16=1.000 long48=1.000 (best 1.0000@ep1)
[seed2/sheaf_sealed] epoch 15/30: train_acc=1.0000 val_acc=1.0000 long16=1.000 long48=1.000 (best 1.0000@ep1)
[seed2/sheaf_sealed] epoch 16/30: train_acc=1.0000 val_acc=1.0000 long16=1.000 long48=1.000 (best 1.0000@ep1)
[seed2/sheaf_sealed] epoch 17/30: train_acc=1.0000 val_acc=1.0000 long16=1.000 long48=1.000 (best 1.0000@ep1)
[seed2/sheaf_sealed] epoch 18/30: train_acc=1.0000 val_acc=1.0000 long16=1.000 long48=1.000 (best 1.0000@ep1)
[seed2/sheaf_sealed] epoch 19/30: train_acc=1.0000 val_acc=1.0000 long16=1.000 long48=1.000 (best 1.0000@ep1)
[seed2/sheaf_sealed] epoch 20/30: train_acc=1.0000 val_acc=1.0000 long16=1.000 long48=1.000 (best 1.0000@ep1)
[seed2/sheaf_sealed] epoch 21/30: train_acc=1.0000 val_acc=1.0000 long16=1.000 long48=1.000 (best 1.0000@ep1)
[seed2/sheaf_sealed] epoch 22/30: train_acc=1.0000 val_acc=1.0000 long16=1.000 long48=1.000 (best 1.0000@ep1)
[seed2/sheaf_sealed] epoch 23/30: train_acc=1.0000 val_acc=1.0000 long16=1.000 long48=1.000 (best 1.0000@ep1)
[seed2/sheaf_sealed] epoch 24/30: train_acc=1.0000 val_acc=1.0000 long16=1.000 long48=1.000 (best 1.0000@ep1)
[seed2/sheaf_sealed] epoch 25/30: train_acc=1.0000 val_acc=1.0000 long16=1.000 long48=1.000 (best 1.0000@ep1)
[seed2/sheaf_sealed] epoch 26/30: train_acc=1.0000 val_acc=1.0000 long16=1.000 long48=1.000 (best 1.0000@ep1)
[seed2/sheaf_sealed] epoch 27/30: train_acc=1.0000 val_acc=1.0000 long16=1.000 long48=1.000 (best 1.0000@ep1)
[seed2/sheaf_sealed] epoch 28/30: train_acc=1.0000 val_acc=1.0000 long16=1.000 long48=1.000 (best 1.0000@ep1)
[seed2/sheaf_sealed] epoch 29/30: train_acc=1.0000 val_acc=1.0000 long16=1.000 long48=1.000 (best 1.0000@ep1)
[seed2/sheaf_sealed] epoch 30/30: train_acc=1.0000 val_acc=1.0000 long16=1.000 long48=1.000 (best 1.0000@ep1)

=== stable seeds (long paths >= 0.99 at every step count 16-192) ===
loop          untrained 0.500 | stable best 0/1 final 0/1 | final ID 0.5000 | T=6:0.500 T=16:0.500 T=32:0.500 T=48:0.500 T=96:0.500 T=192:0.500
loop_r10      untrained 0.500 | stable best 0/1 final 0/1 | final ID 1.0000 | T=6:0.500 T=16:1.000 T=32:0.518 T=48:0.500 T=96:0.500 T=192:0.500
loop_r18      untrained 0.500 | stable best 0/1 final 0/1 | final ID 0.5000 | T=6:0.500 T=16:0.500 T=32:0.500 T=48:0.500 T=96:0.500 T=192:0.500
geo           untrained 0.500 | stable best 0/1 final 0/1 | final ID 1.0000 | T=6:0.500 T=16:1.000 T=32:0.500 T=48:0.500 T=96:0.500 T=192:0.500
geo_r10       untrained 0.500 | stable best 0/1 final 0/1 | final ID 0.5000 | T=6:0.500 T=16:0.500 T=32:0.500 T=48:0.500 T=96:0.500 T=192:0.500
geo_r18       untrained 0.500 | stable best 0/1 final 0/1 | final ID 0.5000 | T=6:0.500 T=16:0.500 T=32:0.500 T=48:0.500 T=96:0.500 T=192:0.500
geo_tau       untrained 0.500 | stable best 0/1 final 0/1 | final ID 0.5000 | T=6:0.500 T=16:0.500 T=32:0.500 T=48:0.500 T=96:0.500 T=192:0.500
sheaf         untrained 0.499 | stable best 0/1 final 0/1 | final ID 1.0000 | T=6:0.500 T=16:0.631 T=32:0.631 T=48:0.631 T=96:0.631 T=192:0.631
sheaf_sealed  untrained 1.000 | stable best 1/1 final 1/1 | final ID 1.0000 | T=6:0.500 T=16:1.000 T=32:1.000 T=48:1.000 T=96:1.000 T=192:1.000
