[seed3/loop] epoch 1/30: train_acc=0.5087 val_acc=0.5000 long16=0.497 long48=0.497 (best 0.5000@ep1)
[seed3/loop] epoch 2/30: train_acc=0.4973 val_acc=0.5000 long16=0.497 long48=0.497 (best 0.5000@ep1)
[seed3/loop] epoch 3/30: train_acc=0.4938 val_acc=0.5000 long16=0.497 long48=0.497 (best 0.5000@ep1)
[seed3/loop] epoch 4/30: train_acc=0.4984 val_acc=0.5000 long16=0.502 long48=0.502 (best 0.5000@ep1)
[seed3/loop] epoch 5/30: train_acc=0.4999 val_acc=0.5000 long16=0.502 long48=0.502 (best 0.5000@ep1)
[seed3/loop] epoch 6/30: train_acc=0.4958 val_acc=0.5000 long16=0.502 long48=0.502 (best 0.5000@ep1)
[seed3/loop] epoch 7/30: train_acc=0.4926 val_acc=0.5000 long16=0.502 long48=0.502 (best 0.5000@ep1)
[seed3/loop] epoch 8/30: train_acc=0.4976 val_acc=0.5000 long16=0.497 long48=0.497 (best 0.5000@ep1)
[seed3/loop] epoch 9/30: train_acc=0.5000 val_acc=0.5000 long16=0.497 long48=0.497 (best 0.5000@ep1)
[seed3/loop] epoch 10/30: train_acc=0.4964 val_acc=0.5000 long16=0.497 long48=0.497 (best 0.5000@ep1)
[seed3/loop] epoch 11/30: train_acc=0.5032 val_acc=0.5000 long16=0.502 long48=0.502 (best 0.5000@ep1)
[seed3/loop] epoch 12/30: train_acc=0.4983 val_acc=0.5000 long16=0.502 long48=0.502 (best 0.5000@ep1)
[seed3/loop] epoch 13/30: train_acc=0.4990 val_acc=0.5000 long16=0.502 long48=0.502 (best 0.5000@ep1)
[seed3/loop] epoch 14/30: train_acc=0.4985 val_acc=0.5000 long16=0.502 long48=0.502 (best 0.5000@ep1)
[seed3/loop] epoch 15/30: train_acc=0.4981 val_acc=0.5000 long16=0.502 long48=0.502 (best 0.5000@ep1)
[seed3/loop] epoch 16/30: train_acc=0.4963 val_acc=0.5000 long16=0.497 long48=0.497 (best 0.5000@ep1)
[seed3/loop] epoch 17/30: train_acc=0.5005 val_acc=0.5000 long16=0.497 long48=0.497 (best 0.5000@ep1)
[seed3/loop] epoch 18/30: train_acc=0.4971 val_acc=0.5000 long16=0.502 long48=0.502 (best 0.5000@ep1)
[seed3/loop] epoch 19/30: train_acc=0.5016 val_acc=0.5000 long16=0.497 long48=0.497 (best 0.5000@ep1)
[seed3/loop] epoch 20/30: train_acc=0.4965 val_acc=0.5000 long16=0.502 long48=0.502 (best 0.5000@ep1)
[seed3/loop] epoch 21/30: train_acc=0.4969 val_acc=0.5000 long16=0.497 long48=0.497 (best 0.5000@ep1)
[seed3/loop] epoch 22/30: train_acc=0.4938 val_acc=0.5000 long16=0.497 long48=0.497 (best 0.5000@ep1)
[seed3/loop] epoch 23/30: train_acc=0.4945 val_acc=0.5000 long16=0.497 long48=0.497 (best 0.5000@ep1)
[seed3/loop] epoch 24/30: train_acc=0.4984 val_acc=0.5000 long16=0.502 long48=0.502 (best 0.5000@ep1)
[seed3/loop] epoch 25/30: train_acc=0.5020 val_acc=0.5000 long16=0.502 long48=0.502 (best 0.5000@ep1)
[seed3/loop] epoch 26/30: train_acc=0.4966 val_acc=0.5000 long16=0.502 long48=0.502 (best 0.5000@ep1)
[seed3/loop] epoch 27/30: train_acc=0.4944 val_acc=0.5000 long16=0.502 long48=0.502 (best 0.5000@ep1)
[seed3/loop] epoch 28/30: train_acc=0.4980 val_acc=0.5000 long16=0.502 long48=0.502 (best 0.5000@ep1)
[seed3/loop] epoch 29/30: train_acc=0.4995 val_acc=0.5000 long16=0.502 long48=0.502 (best 0.5000@ep1)
[seed3/loop] epoch 30/30: train_acc=0.5021 val_acc=0.5000 long16=0.497 long48=0.497 (best 0.5000@ep1)
[seed3/loop_r10] epoch 1/30: train_acc=0.7593 val_acc=1.0000 long16=1.000 long48=1.000 (best 1.0000@ep1)
[seed3/loop_r10] epoch 2/30: train_acc=1.0000 val_acc=1.0000 long16=1.000 long48=1.000 (best 1.0000@ep1)
[seed3/loop_r10] epoch 3/30: train_acc=1.0000 val_acc=1.0000 long16=1.000 long48=1.000 (best 1.0000@ep1)
[seed3/loop_r10] epoch 4/30: train_acc=1.0000 val_acc=1.0000 long16=1.000 long48=1.000 (best 1.0000@ep1)
[seed3/loop_r10] epoch 5/30: train_acc=1.0000 val_acc=1.0000 long16=1.000 long48=1.000 (best 1.0000@ep1)
[seed3/loop_r10] epoch 6/30: train_acc=1.0000 val_acc=1.0000 long16=1.000 long48=1.000 (best 1.0000@ep1)
[seed3/loop_r10] epoch 7/30: train_acc=1.0000 val_acc=1.0000 long16=1.000 long48=1.000 (best 1.0000@ep1)
[seed3/loop_r10] epoch 8/30: train_acc=1.0000 val_acc=1.0000 long16=1.000 long48=1.000 (best 1.0000@ep1)
[seed3/loop_r10] epoch 9/30: train_acc=1.0000 val_acc=1.0000 long16=1.000 long48=1.000 (best 1.0000@ep1)
[seed3/loop_r10] epoch 10/30: train_acc=1.0000 val_acc=1.0000 long16=1.000 long48=1.000 (best 1.0000@ep1)
[seed3/loop_r10] epoch 11/30: train_acc=1.0000 val_acc=1.0000 long16=1.000 long48=1.000 (best 1.0000@ep1)
[seed3/loop_r10] epoch 12/30: train_acc=1.0000 val_acc=1.0000 long16=1.000 long48=1.000 (best 1.0000@ep1)
[seed3/loop_r10] epoch 13/30: train_acc=1.0000 val_acc=1.0000 long16=1.000 long48=1.000 (best 1.0000@ep1)
[seed3/loop_r10] epoch 14/30: train_acc=1.0000 val_acc=1.0000 long16=1.000 long48=1.000 (best 1.0000@ep1)
[seed3/loop_r10] epoch 15/30: train_acc=1.0000 val_acc=1.0000 long16=1.000 long48=1.000 (best 1.0000@ep1)
[seed3/loop_r10] epoch 16/30: train_acc=1.0000 val_acc=1.0000 long16=1.000 long48=1.000 (best 1.0000@ep1)
[seed3/loop_r10] epoch 17/30: train_acc=1.0000 val_acc=1.0000 long16=1.000 long48=1.000 (best 1.0000@ep1)
[seed3/loop_r10] epoch 18/30: train_acc=1.0000 val_acc=1.0000 long16=1.000 long48=1.000 (best 1.0000@ep1)
[seed3/loop_r10] epoch 19/30: train_acc=1.0000 val_acc=1.0000 long16=1.000 long48=1.000 (best 1.0000@ep1)
[seed3/loop_r10] epoch 20/30: train_acc=1.0000 val_acc=1.0000 long16=1.000 long48=1.000 (best 1.0000@ep1)
[seed3/loop_r10] epoch 21/30: train_acc=1.0000 val_acc=1.0000 long16=1.000 long48=1.000 (best 1.0000@ep1)
[seed3/loop_r10] epoch 22/30: train_acc=1.0000 val_acc=1.0000 long16=1.000 long48=1.000 (best 1.0000@ep1)
[seed3/loop_r10] epoch 23/30: train_acc=1.0000 val_acc=1.0000 long16=1.000 long48=1.000 (best 1.0000@ep1)
[seed3/loop_r10] epoch 24/30: train_acc=1.0000 val_acc=1.0000 long16=1.000 long48=1.000 (best 1.0000@ep1)
[seed3/loop_r10] epoch 25/30: train_acc=1.0000 val_acc=1.0000 long16=1.000 long48=1.000 (best 1.0000@ep1)
[seed3/loop_r10] epoch 26/30: train_acc=1.0000 val_acc=1.0000 long16=1.000 long48=1.000 (best 1.0000@ep1)
[seed3/loop_r10] epoch 27/30: train_acc=1.0000 val_acc=1.0000 long16=1.000 long48=1.000 (best 1.0000@ep1)
[seed3/loop_r10] epoch 28/30: train_acc=1.0000 val_acc=1.0000 long16=1.000 long48=1.000 (best 1.0000@ep1)
[seed3/loop_r10] epoch 29/30: train_acc=1.0000 val_acc=1.0000 long16=1.000 long48=1.000 (best 1.0000@ep1)
[seed3/loop_r10] epoch 30/30: train_acc=1.0000 val_acc=1.0000 long16=1.000 long48=1.000 (best 1.0000@ep1)
[seed3/loop_r18] epoch 1/30: train_acc=0.5022 val_acc=0.5000 long16=0.497 long48=0.497 (best 0.5000@ep1)
[seed3/loop_r18] epoch 2/30: train_acc=0.4971 val_acc=0.5000 long16=0.497 long48=0.497 (best 0.5000@ep1)
[seed3/loop_r18] epoch 3/30: train_acc=0.4954 val_acc=0.5000 long16=0.497 long48=0.497 (best 0.5000@ep1)
[seed3/loop_r18] epoch 4/30: train_acc=0.4984 val_acc=0.5000 long16=0.502 long48=0.502 (best 0.5000@ep1)
[seed3/loop_r18] epoch 5/30: train_acc=0.4999 val_acc=0.5000 long16=0.502 long48=0.502 (best 0.5000@ep1)
[seed3/loop_r18] epoch 6/30: train_acc=0.4958 val_acc=0.5000 long16=0.502 long48=0.502 (best 0.5000@ep1)
[seed3/loop_r18] epoch 7/30: train_acc=0.4926 val_acc=0.5000 long16=0.502 long48=0.502 (best 0.5000@ep1)
[seed3/loop_r18] epoch 8/30: train_acc=0.4976 val_acc=0.5000 long16=0.497 long48=0.497 (best 0.5000@ep1)
[seed3/loop_r18] epoch 9/30: train_acc=0.5000 val_acc=0.5000 long16=0.497 long48=0.497 (best 0.5000@ep1)
[seed3/loop_r18] epoch 10/30: train_acc=0.4964 val_acc=0.5000 long16=0.497 long48=0.497 (best 0.5000@ep1)
[seed3/loop_r18] epoch 11/30: train_acc=0.5032 val_acc=0.5000 long16=0.502 long48=0.502 (best 0.5000@ep1)
[seed3/loop_r18] epoch 12/30: train_acc=0.4983 val_acc=0.5000 long16=0.502 long48=0.502 (best 0.5000@ep1)
[seed3/loop_r18] epoch 13/30: train_acc=0.4990 val_acc=0.5000 long16=0.502 long48=0.502 (best 0.5000@ep1)
[seed3/loop_r18] epoch 14/30: train_acc=0.4985 val_acc=0.5000 long16=0.502 long48=0.502 (best 0.5000@ep1)
[seed3/loop_r18] epoch 15/30: train_acc=0.4981 val_acc=0.5000 long16=0.502 long48=0.502 (best 0.5000@ep1)
[seed3/loop_r18] epoch 16/30: train_acc=0.4963 val_acc=0.5000 long16=0.497 long48=0.497 (best 0.5000@ep1)
[seed3/loop_r18] epoch 17/30: train_acc=0.5005 val_acc=0.5000 long16=0.497 long48=0.497 (best 0.5000@ep1)
[seed3/loop_r18] epoch 18/30: train_acc=0.4971 val_acc=0.5000 long16=0.502 long48=0.502 (best 0.5000@ep1)
[seed3/loop_r18] epoch 19/30: train_acc=0.5008 val_acc=0.5000 long16=0.497 long48=0.497 (best 0.5000@ep1)
[seed3/loop_r18] epoch 20/30: train_acc=0.4960 val_acc=0.5000 long16=0.502 long48=0.502 (best 0.5000@ep1)
[seed3/loop_r18] epoch 21/30: train_acc=0.4969 val_acc=0.5000 long16=0.497 long48=0.497 (best 0.5000@ep1)
[seed3/loop_r18] epoch 22/30: train_acc=0.4938 val_acc=0.5000 long16=0.497 long48=0.497 (best 0.5000@ep1)
[seed3/loop_r18] epoch 23/30: train_acc=0.4945 val_acc=0.5000 long16=0.497 long48=0.497 (best 0.5000@ep1)
[seed3/loop_r18] epoch 24/30: train_acc=0.4984 val_acc=0.5000 long16=0.502 long48=0.502 (best 0.5000@ep1)
[seed3/loop_r18] epoch 25/30: train_acc=0.5020 val_acc=0.5000 long16=0.502 long48=0.502 (best 0.5000@ep1)
[seed3/loop_r18] epoch 26/30: train_acc=0.4966 val_acc=0.5000 long16=0.502 long48=0.502 (best 0.5000@ep1)
[seed3/loop_r18] epoch 27/30: train_acc=0.4944 val_acc=0.5000 long16=0.502 long48=0.502 (best 0.5000@ep1)
[seed3/loop_r18] epoch 28/30: train_acc=0.4980 val_acc=0.5000 long16=0.502 long48=0.502 (best 0.5000@ep1)
[seed3/loop_r18] epoch 29/30: train_acc=0.4995 val_acc=0.5000 long16=0.502 long48=0.502 (best 0.5000@ep1)
[seed3/loop_r18] epoch 30/30: train_acc=0.5021 val_acc=0.5000 long16=0.497 long48=0.497 (best 0.5000@ep1)
[seed3/geo] epoch 1/30: train_acc=0.5101 val_acc=0.5000 long16=0.497 long48=0.497 (best 0.5000@ep1)
[seed3/geo] epoch 2/30: train_acc=0.4979 val_acc=0.5000 long16=0.497 long48=0.497 (best 0.5000@ep1)
[seed3/geo] epoch 3/30: train_acc=0.4953 val_acc=0.5000 long16=0.497 long48=0.497 (best 0.5000@ep1)
[seed3/geo] epoch 4/30: train_acc=0.4984 val_acc=0.5000 long16=0.502 long48=0.502 (best 0.5000@ep1)
[seed3/geo] epoch 5/30: train_acc=0.4999 val_acc=0.5000 long16=0.502 long48=0.502 (best 0.5000@ep1)
[seed3/geo] epoch 6/30: train_acc=0.4958 val_acc=0.5000 long16=0.502 long48=0.502 (best 0.5000@ep1)
[seed3/geo] epoch 7/30: train_acc=0.4926 val_acc=0.5000 long16=0.502 long48=0.502 (best 0.5000@ep1)
[seed3/geo] epoch 8/30: train_acc=0.4976 val_acc=0.5000 long16=0.497 long48=0.497 (best 0.5000@ep1)
[seed3/geo] epoch 9/30: train_acc=0.5000 val_acc=0.5000 long16=0.497 long48=0.497 (best 0.5000@ep1)
[seed3/geo] epoch 10/30: train_acc=0.4964 val_acc=0.5000 long16=0.497 long48=0.497 (best 0.5000@ep1)
[seed3/geo] epoch 11/30: train_acc=0.5032 val_acc=0.5000 long16=0.502 long48=0.502 (best 0.5000@ep1)
[seed3/geo] epoch 12/30: train_acc=0.4983 val_acc=0.5000 long16=0.502 long48=0.502 (best 0.5000@ep1)
[seed3/geo] epoch 13/30: train_acc=0.4990 val_acc=0.5000 long16=0.502 long48=0.502 (best 0.5000@ep1)
[seed3/geo] epoch 14/30: train_acc=0.4985 val_acc=0.5000 long16=0.502 long48=0.502 (best 0.5000@ep1)
[seed3/geo] epoch 15/30: train_acc=0.4981 val_acc=0.5000 long16=0.502 long48=0.502 (best 0.5000@ep1)
[seed3/geo] epoch 16/30: train_acc=0.4963 val_acc=0.5000 long16=0.497 long48=0.497 (best 0.5000@ep1)
[seed3/geo] epoch 17/30: train_acc=0.5005 val_acc=0.5000 long16=0.497 long48=0.497 (best 0.5000@ep1)
[seed3/geo] epoch 18/30: train_acc=0.4971 val_acc=0.5000 long16=0.502 long48=0.502 (best 0.5000@ep1)
[seed3/geo] epoch 19/30: train_acc=0.5016 val_acc=0.5000 long16=0.497 long48=0.497 (best 0.5000@ep1)
[seed3/geo] epoch 20/30: train_acc=0.4965 val_acc=0.5000 long16=0.502 long48=0.502 (best 0.5000@ep1)
[seed3/geo] epoch 21/30: train_acc=0.4969 val_acc=0.5000 long16=0.497 long48=0.497 (best 0.5000@ep1)
[seed3/geo] epoch 22/30: train_acc=0.4938 val_acc=0.5000 long16=0.497 long48=0.497 (best 0.5000@ep1)
[seed3/geo] epoch 23/30: train_acc=0.4945 val_acc=0.5000 long16=0.497 long48=0.497 (best 0.5000@ep1)
[seed3/geo] epoch 24/30: train_acc=0.4984 val_acc=0.5000 long16=0.502 long48=0.468 (best 0.5000@ep1)
[seed3/geo] epoch 25/30: train_acc=0.5020 val_acc=0.5000 long16=0.502 long48=0.502 (best 0.5000@ep1)
[seed3/geo] epoch 26/30: train_acc=0.4966 val_acc=0.5000 long16=0.502 long48=0.468 (best 0.5000@ep1)
[seed3/geo] epoch 27/30: train_acc=0.4944 val_acc=0.5000 long16=0.502 long48=0.502 (best 0.5000@ep1)
[seed3/geo] epoch 28/30: train_acc=0.4980 val_acc=0.5000 long16=0.502 long48=0.492 (best 0.5000@ep1)
[seed3/geo] epoch 29/30: train_acc=0.4995 val_acc=0.5000 long16=0.502 long48=0.502 (best 0.5000@ep1)
[seed3/geo] epoch 30/30: train_acc=0.5021 val_acc=0.5000 long16=0.497 long48=0.497 (best 0.5000@ep1)
[seed3/geo_r10] epoch 1/30: train_acc=0.5938 val_acc=1.0000 long16=1.000 long48=0.497 (best 1.0000@ep1)
[seed3/geo_r10] epoch 2/30: train_acc=1.0000 val_acc=1.0000 long16=1.000 long48=0.497 (best 1.0000@ep1)
[seed3/geo_r10] epoch 3/30: train_acc=1.0000 val_acc=1.0000 long16=1.000 long48=0.497 (best 1.0000@ep1)
[seed3/geo_r10] epoch 4/30: train_acc=1.0000 val_acc=1.0000 long16=1.000 long48=0.497 (best 1.0000@ep1)
[seed3/geo_r10] epoch 5/30: train_acc=1.0000 val_acc=1.0000 long16=1.000 long48=0.502 (best 1.0000@ep1)
[seed3/geo_r10] epoch 6/30: train_acc=1.0000 val_acc=1.0000 long16=1.000 long48=0.502 (best 1.0000@ep1)
[seed3/geo_r10] epoch 7/30: train_acc=1.0000 val_acc=1.0000 long16=1.000 long48=0.502 (best 1.0000@ep1)
[seed3/geo_r10] epoch 8/30: train_acc=1.0000 val_acc=1.0000 long16=1.000 long48=0.502 (best 1.0000@ep1)
[seed3/geo_r10] epoch 9/30: train_acc=1.0000 val_acc=1.0000 long16=1.000 long48=0.502 (best 1.0000@ep1)
[seed3/geo_r10] epoch 10/30: train_acc=1.0000 val_acc=1.0000 long16=1.000 long48=0.502 (best 1.0000@ep1)
[seed3/geo_r10] epoch 11/30: train_acc=1.0000 val_acc=1.0000 long16=1.000 long48=0.502 (best 1.0000@ep1)
[seed3/geo_r10] epoch 12/30: train_acc=1.0000 val_acc=1.0000 long16=1.000 long48=0.502 (best 1.0000@ep1)
[seed3/geo_r10] epoch 13/30: train_acc=1.0000 val_acc=1.0000 long16=1.000 long48=0.505 (best 1.0000@ep1)
[seed3/geo_r10] epoch 14/30: train_acc=1.0000 val_acc=1.0000 long16=1.000 long48=0.505 (best 1.0000@ep1)
[seed3/geo_r10] epoch 15/30: train_acc=1.0000 val_acc=1.0000 long16=1.000 long48=0.510 (best 1.0000@ep1)
[seed3/geo_r10] epoch 16/30: train_acc=1.0000 val_acc=1.0000 long16=1.000 long48=0.512 (best 1.0000@ep1)
[seed3/geo_r10] epoch 17/30: train_acc=1.0000 val_acc=1.0000 long16=1.000 long48=0.517 (best 1.0000@ep1)
[seed3/geo_r10] epoch 18/30: train_acc=1.0000 val_acc=1.0000 long16=1.000 long48=0.525 (best 1.0000@ep1)
[seed3/geo_r10] epoch 19/30: train_acc=1.0000 val_acc=1.0000 long16=1.000 long48=0.537 (best 1.0000@ep1)
[seed3/geo_r10] epoch 20/30: train_acc=1.0000 val_acc=1.0000 long16=1.000 long48=0.540 (best 1.0000@ep1)
[seed3/geo_r10] epoch 21/30: train_acc=1.0000 val_acc=1.0000 long16=1.000 long48=0.570 (best 1.0000@ep1)
[seed3/geo_r10] epoch 22/30: train_acc=1.0000 val_acc=1.0000 long16=1.000 long48=0.610 (best 1.0000@ep1)
[seed3/geo_r10] epoch 23/30: train_acc=1.0000 val_acc=1.0000 long16=1.000 long48=0.685 (best 1.0000@ep1)
[seed3/geo_r10] epoch 24/30: train_acc=1.0000 val_acc=1.0000 long16=1.000 long48=0.820 (best 1.0000@ep1)
[seed3/geo_r10] epoch 25/30: train_acc=1.0000 val_acc=1.0000 long16=1.000 long48=1.000 (best 1.0000@ep1)
[seed3/geo_r10] epoch 26/30: train_acc=1.0000 val_acc=1.0000 long16=1.000 long48=1.000 (best 1.0000@ep1)
[seed3/geo_r10] epoch 27/30: train_acc=1.0000 val_acc=1.0000 long16=1.000 long48=1.000 (best 1.0000@ep1)
[seed3/geo_r10] epoch 28/30: train_acc=1.0000 val_acc=1.0000 long16=1.000 long48=1.000 (best 1.0000@ep1)
[seed3/geo_r10] epoch 29/30: train_acc=1.0000 val_acc=1.0000 long16=1.000 long48=1.000 (best 1.0000@ep1)
[seed3/geo_r10] epoch 30/30: train_acc=1.0000 val_acc=1.0000 long16=1.000 long48=1.000 (best 1.0000@ep1)
[seed3/geo_r18] epoch 1/30: train_acc=0.4983 val_acc=0.5000 long16=0.497 long48=0.497 (best 0.5000@ep1)
[seed3/geo_r18] epoch 2/30: train_acc=0.4985 val_acc=0.5000 long16=0.497 long48=0.497 (best 0.5000@ep1)
[seed3/geo_r18] epoch 3/30: train_acc=0.4954 val_acc=0.5000 long16=0.497 long48=0.497 (best 0.5000@ep1)
[seed3/geo_r18] epoch 4/30: train_acc=0.4984 val_acc=0.5000 long16=0.502 long48=0.502 (best 0.5000@ep1)
[seed3/geo_r18] epoch 5/30: train_acc=0.4999 val_acc=0.5000 long16=0.502 long48=0.502 (best 0.5000@ep1)
[seed3/geo_r18] epoch 6/30: train_acc=0.4958 val_acc=0.5000 long16=0.502 long48=0.502 (best 0.5000@ep1)
[seed3/geo_r18] epoch 7/30: train_acc=0.4926 val_acc=0.5000 long16=0.502 long48=0.502 (best 0.5000@ep1)
[seed3/geo_r18] epoch 8/30: train_acc=0.4976 val_acc=0.5000 long16=0.497 long48=0.497 (best 0.5000@ep1)
[seed3/geo_r18] epoch 9/30: train_acc=0.5000 val_acc=0.5000 long16=0.497 long48=0.497 (best 0.5000@ep1)
[seed3/geo_r18] epoch 10/30: train_acc=0.4964 val_acc=0.5000 long16=0.497 long48=0.497 (best 0.5000@ep1)
[seed3/geo_r18] epoch 11/30: train_acc=0.5032 val_acc=0.5000 long16=0.502 long48=0.502 (best 0.5000@ep1)
[seed3/geo_r18] epoch 12/30: train_acc=0.4983 val_acc=0.5000 long16=0.502 long48=0.502 (best 0.5000@ep1)
[seed3/geo_r18] epoch 13/30: train_acc=0.4990 val_acc=0.5000 long16=0.502 long48=0.502 (best 0.5000@ep1)
[seed3/geo_r18] epoch 14/30: train_acc=0.4985 val_acc=0.5000 long16=0.502 long48=0.502 (best 0.5000@ep1)
[seed3/geo_r18] epoch 15/30: train_acc=0.4981 val_acc=0.5000 long16=0.502 long48=0.502 (best 0.5000@ep1)
[seed3/geo_r18] epoch 16/30: train_acc=0.4963 val_acc=0.5000 long16=0.497 long48=0.497 (best 0.5000@ep1)
[seed3/geo_r18] epoch 17/30: train_acc=0.5005 val_acc=0.5000 long16=0.497 long48=0.497 (best 0.5000@ep1)
[seed3/geo_r18] epoch 18/30: train_acc=0.4971 val_acc=0.5000 long16=0.502 long48=0.502 (best 0.5000@ep1)
[seed3/geo_r18] epoch 19/30: train_acc=0.5016 val_acc=0.5000 long16=0.497 long48=0.497 (best 0.5000@ep1)
[seed3/geo_r18] epoch 20/30: train_acc=0.4965 val_acc=0.5000 long16=0.502 long48=0.502 (best 0.5000@ep1)
[seed3/geo_r18] epoch 21/30: train_acc=0.4969 val_acc=0.5000 long16=0.497 long48=0.497 (best 0.5000@ep1)
[seed3/geo_r18] epoch 22/30: train_acc=0.4938 val_acc=0.5000 long16=0.497 long48=0.497 (best 0.5000@ep1)
[seed3/geo_r18] epoch 23/30: train_acc=0.4945 val_acc=0.5000 long16=0.497 long48=0.497 (best 0.5000@ep1)
[seed3/geo_r18] epoch 24/30: train_acc=0.4984 val_acc=0.5000 long16=0.502 long48=0.502 (best 0.5000@ep1)
[seed3/geo_r18] epoch 25/30: train_acc=0.5020 val_acc=0.5000 long16=0.502 long48=0.502 (best 0.5000@ep1)
[seed3/geo_r18] epoch 26/30: train_acc=0.4966 val_acc=0.5000 long16=0.502 long48=0.502 (best 0.5000@ep1)
[seed3/geo_r18] epoch 27/30: train_acc=0.4944 val_acc=0.5000 long16=0.502 long48=0.502 (best 0.5000@ep1)
[seed3/geo_r18] epoch 28/30: train_acc=0.4980 val_acc=0.5000 long16=0.502 long48=0.502 (best 0.5000@ep1)
[seed3/geo_r18] epoch 29/30: train_acc=0.4995 val_acc=0.5000 long16=0.502 long48=0.502 (best 0.5000@ep1)
[seed3/geo_r18] epoch 30/30: train_acc=0.5021 val_acc=0.5000 long16=0.497 long48=0.497 (best 0.5000@ep1)
[seed3/geo_tau] epoch 1/30: train_acc=0.4969 val_acc=0.5000 long16=0.502 long48=0.502 (best 0.5000@ep1)
[seed3/geo_tau] epoch 2/30: train_acc=0.5020 val_acc=0.5000 long16=0.502 long48=0.502 (best 0.5000@ep1)
[seed3/geo_tau] epoch 3/30: train_acc=0.5051 val_acc=0.5000 long16=0.502 long48=0.502 (best 0.5000@ep1)
[seed3/geo_tau] epoch 4/30: train_acc=0.5040 val_acc=0.5000 long16=0.502 long48=0.502 (best 0.5000@ep1)
[seed3/geo_tau] epoch 5/30: train_acc=0.4991 val_acc=0.5000 long16=0.502 long48=0.502 (best 0.5000@ep1)
[seed3/geo_tau] epoch 6/30: train_acc=0.5029 val_acc=0.5000 long16=0.532 long48=0.502 (best 0.5000@ep1)
[seed3/geo_tau] epoch 7/30: train_acc=0.4999 val_acc=0.5000 long16=0.497 long48=0.497 (best 0.5000@ep1)
[seed3/geo_tau] epoch 8/30: train_acc=0.4984 val_acc=0.5000 long16=0.502 long48=0.502 (best 0.5000@ep1)
[seed3/geo_tau] epoch 9/30: train_acc=0.4949 val_acc=0.5000 long16=0.532 long48=0.502 (best 0.5000@ep1)
[seed3/geo_tau] epoch 10/30: train_acc=0.4941 val_acc=0.5000 long16=0.502 long48=0.502 (best 0.5000@ep1)
[seed3/geo_tau] epoch 11/30: train_acc=0.4943 val_acc=0.5000 long16=0.497 long48=0.497 (best 0.5000@ep1)
[seed3/geo_tau] epoch 12/30: train_acc=0.5009 val_acc=0.5000 long16=0.497 long48=0.497 (best 0.5000@ep1)
[seed3/geo_tau] epoch 13/30: train_acc=0.5036 val_acc=0.5000 long16=0.497 long48=0.497 (best 0.5000@ep1)
[seed3/geo_tau] epoch 14/30: train_acc=0.5020 val_acc=0.5000 long16=0.502 long48=0.502 (best 0.5000@ep1)
[seed3/geo_tau] epoch 15/30: train_acc=0.4926 val_acc=0.5000 long16=0.502 long48=0.502 (best 0.5000@ep1)
[seed3/geo_tau] epoch 16/30: train_acc=0.4995 val_acc=0.5000 long16=0.502 long48=0.502 (best 0.5000@ep1)
[seed3/geo_tau] epoch 17/30: train_acc=0.4990 val_acc=0.5000 long16=0.532 long48=0.502 (best 0.5000@ep1)
[seed3/geo_tau] epoch 18/30: train_acc=0.4981 val_acc=0.5000 long16=0.502 long48=0.502 (best 0.5000@ep1)
[seed3/geo_tau] epoch 19/30: train_acc=0.5004 val_acc=0.5000 long16=0.502 long48=0.502 (best 0.5000@ep1)
[seed3/geo_tau] epoch 20/30: train_acc=0.4959 val_acc=0.5000 long16=0.502 long48=0.502 (best 0.5000@ep1)
[seed3/geo_tau] epoch 21/30: train_acc=0.4994 val_acc=0.5000 long16=0.502 long48=0.502 (best 0.5000@ep1)
[seed3/geo_tau] epoch 22/30: train_acc=0.4936 val_acc=0.5000 long16=0.502 long48=0.502 (best 0.5000@ep1)
[seed3/geo_tau] epoch 23/30: train_acc=0.5038 val_acc=0.5000 long16=0.502 long48=0.502 (best 0.5000@ep1)
[seed3/geo_tau] epoch 24/30: train_acc=0.4994 val_acc=0.5000 long16=0.502 long48=0.502 (best 0.5000@ep1)
[seed3/geo_tau] epoch 25/30: train_acc=0.4960 val_acc=0.5000 long16=0.502 long48=0.502 (best 0.5000@ep1)
[seed3/geo_tau] epoch 26/30: train_acc=0.4949 val_acc=0.5000 long16=0.532 long48=0.502 (best 0.5000@ep1)
[seed3/geo_tau] epoch 27/30: train_acc=0.4940 val_acc=0.5000 long16=0.532 long48=0.502 (best 0.5000@ep1)
[seed3/geo_tau] epoch 28/30: train_acc=0.4973 val_acc=0.5000 long16=0.502 long48=0.502 (best 0.5000@ep1)
[seed3/geo_tau] epoch 29/30: train_acc=0.4919 val_acc=0.5000 long16=0.532 long48=0.502 (best 0.5000@ep1)
[seed3/geo_tau] epoch 30/30: train_acc=0.4979 val_acc=0.5000 long16=0.502 long48=0.502 (best 0.5000@ep1)
[seed3/sheaf] epoch 1/30: train_acc=0.9854 val_acc=1.0000 long16=0.833 long48=0.833 (best 1.0000@ep1)
[seed3/sheaf] epoch 2/30: train_acc=1.0000 val_acc=1.0000 long16=0.830 long48=0.830 (best 1.0000@ep1)
[seed3/sheaf] epoch 3/30: train_acc=1.0000 val_acc=1.0000 long16=0.825 long48=0.828 (best 1.0000@ep1)
[seed3/sheaf] epoch 4/30: train_acc=1.0000 val_acc=1.0000 long16=0.825 long48=0.828 (best 1.0000@ep1)
[seed3/sheaf] epoch 5/30: train_acc=1.0000 val_acc=1.0000 long16=0.825 long48=0.828 (best 1.0000@ep1)
[seed3/sheaf] epoch 6/30: train_acc=1.0000 val_acc=1.0000 long16=0.818 long48=0.820 (best 1.0000@ep1)
[seed3/sheaf] epoch 7/30: train_acc=1.0000 val_acc=1.0000 long16=0.810 long48=0.818 (best 1.0000@ep1)
[seed3/sheaf] epoch 8/30: train_acc=1.0000 val_acc=1.0000 long16=0.805 long48=0.815 (best 1.0000@ep1)
[seed3/sheaf] epoch 9/30: train_acc=1.0000 val_acc=1.0000 long16=0.807 long48=0.818 (best 1.0000@ep1)
[seed3/sheaf] epoch 10/30: train_acc=1.0000 val_acc=1.0000 long16=0.805 long48=0.818 (best 1.0000@ep1)
[seed3/sheaf] epoch 11/30: train_acc=1.0000 val_acc=1.0000 long16=0.802 long48=0.818 (best 1.0000@ep1)
[seed3/sheaf] epoch 12/30: train_acc=1.0000 val_acc=1.0000 long16=0.800 long48=0.815 (best 1.0000@ep1)
[seed3/sheaf] epoch 13/30: train_acc=1.0000 val_acc=1.0000 long16=0.800 long48=0.815 (best 1.0000@ep1)
[seed3/sheaf] epoch 14/30: train_acc=1.0000 val_acc=1.0000 long16=0.800 long48=0.815 (best 1.0000@ep1)
[seed3/sheaf] epoch 15/30: train_acc=1.0000 val_acc=1.0000 long16=0.797 long48=0.810 (best 1.0000@ep1)
[seed3/sheaf] epoch 16/30: train_acc=1.0000 val_acc=1.0000 long16=0.797 long48=0.810 (best 1.0000@ep1)
[seed3/sheaf] epoch 17/30: train_acc=1.0000 val_acc=1.0000 long16=0.797 long48=0.810 (best 1.0000@ep1)
[seed3/sheaf] epoch 18/30: train_acc=1.0000 val_acc=1.0000 long16=0.797 long48=0.810 (best 1.0000@ep1)
[seed3/sheaf] epoch 19/30: train_acc=1.0000 val_acc=1.0000 long16=0.797 long48=0.810 (best 1.0000@ep1)
[seed3/sheaf] epoch 20/30: train_acc=1.0000 val_acc=1.0000 long16=0.797 long48=0.810 (best 1.0000@ep1)
[seed3/sheaf] epoch 21/30: train_acc=1.0000 val_acc=1.0000 long16=0.797 long48=0.810 (best 1.0000@ep1)
[seed3/sheaf] epoch 22/30: train_acc=1.0000 val_acc=1.0000 long16=0.797 long48=0.810 (best 1.0000@ep1)
[seed3/sheaf] epoch 23/30: train_acc=1.0000 val_acc=1.0000 long16=0.797 long48=0.810 (best 1.0000@ep1)
[seed3/sheaf] epoch 24/30: train_acc=1.0000 val_acc=1.0000 long16=0.797 long48=0.810 (best 1.0000@ep1)
[seed3/sheaf] epoch 25/30: train_acc=1.0000 val_acc=1.0000 long16=0.797 long48=0.810 (best 1.0000@ep1)
[seed3/sheaf] epoch 26/30: train_acc=1.0000 val_acc=1.0000 long16=0.792 long48=0.805 (best 1.0000@ep1)
[seed3/sheaf] epoch 27/30: train_acc=1.0000 val_acc=1.0000 long16=0.792 long48=0.805 (best 1.0000@ep1)
[seed3/sheaf] epoch 28/30: train_acc=1.0000 val_acc=1.0000 long16=0.795 long48=0.807 (best 1.0000@ep1)
[seed3/sheaf] epoch 29/30: train_acc=1.0000 val_acc=1.0000 long16=0.795 long48=0.807 (best 1.0000@ep1)
[seed3/sheaf] epoch 30/30: train_acc=1.0000 val_acc=1.0000 long16=0.795 long48=0.807 (best 1.0000@ep1)
[seed3/sheaf_sealed] epoch 1/30: train_acc=1.0000 val_acc=1.0000 long16=1.000 long48=1.000 (best 1.0000@ep1)
[seed3/sheaf_sealed] epoch 2/30: train_acc=1.0000 val_acc=1.0000 long16=1.000 long48=1.000 (best 1.0000@ep1)
[seed3/sheaf_sealed] epoch 3/30: train_acc=1.0000 val_acc=1.0000 long16=1.000 long48=1.000 (best 1.0000@ep1)
[seed3/sheaf_sealed] epoch 4/30: train_acc=1.0000 val_acc=1.0000 long16=1.000 long48=1.000 (best 1.0000@ep1)
[seed3/sheaf_sealed] epoch 5/30: train_acc=1.0000 val_acc=1.0000 long16=1.000 long48=1.000 (best 1.0000@ep1)
[seed3/sheaf_sealed] epoch 6/30: train_acc=1.0000 val_acc=1.0000 long16=1.000 long48=1.000 (best 1.0000@ep1)
[seed3/sheaf_sealed] epoch 7/30: train_acc=1.0000 val_acc=1.0000 long16=1.000 long48=1.000 (best 1.0000@ep1)
[seed3/sheaf_sealed] epoch 8/30: train_acc=1.0000 val_acc=1.0000 long16=1.000 long48=1.000 (best 1.0000@ep1)
[seed3/sheaf_sealed] epoch 9/30: train_acc=1.0000 val_acc=1.0000 long16=1.000 long48=1.000 (best 1.0000@ep1)
[seed3/sheaf_sealed] epoch 10/30: train_acc=1.0000 val_acc=1.0000 long16=1.000 long48=1.000 (best 1.0000@ep1)
[seed3/sheaf_sealed] epoch 11/30: train_acc=1.0000 val_acc=1.0000 long16=1.000 long48=1.000 (best 1.0000@ep1)
[seed3/sheaf_sealed] epoch 12/30: train_acc=1.0000 val_acc=1.0000 long16=1.000 long48=1.000 (best 1.0000@ep1)
[seed3/sheaf_sealed] epoch 13/30: train_acc=1.0000 val_acc=1.0000 long16=1.000 long48=1.000 (best 1.0000@ep1)
[seed3/sheaf_sealed] epoch 14/30: train_acc=1.0000 val_acc=1.0000 long16=1.000 long48=1.000 (best 1.0000@ep1)
[seed3/sheaf_sealed] epoch 15/30: train_acc=1.0000 val_acc=1.0000 long16=1.000 long48=1.000 (best 1.0000@ep1)
[seed3/sheaf_sealed] epoch 16/30: train_acc=1.0000 val_acc=1.0000 long16=1.000 long48=1.000 (best 1.0000@ep1)
[seed3/sheaf_sealed] epoch 17/30: train_acc=1.0000 val_acc=1.0000 long16=1.000 long48=1.000 (best 1.0000@ep1)
[seed3/sheaf_sealed] epoch 18/30: train_acc=1.0000 val_acc=1.0000 long16=1.000 long48=1.000 (best 1.0000@ep1)
[seed3/sheaf_sealed] epoch 19/30: train_acc=1.0000 val_acc=1.0000 long16=1.000 long48=1.000 (best 1.0000@ep1)
[seed3/sheaf_sealed] epoch 20/30: train_acc=1.0000 val_acc=1.0000 long16=1.000 long48=1.000 (best 1.0000@ep1)
[seed3/sheaf_sealed] epoch 21/30: train_acc=1.0000 val_acc=1.0000 long16=1.000 long48=1.000 (best 1.0000@ep1)
[seed3/sheaf_sealed] epoch 22/30: train_acc=1.0000 val_acc=1.0000 long16=1.000 long48=1.000 (best 1.0000@ep1)
[seed3/sheaf_sealed] epoch 23/30: train_acc=1.0000 val_acc=1.0000 long16=1.000 long48=1.000 (best 1.0000@ep1)
[seed3/sheaf_sealed] epoch 24/30: train_acc=1.0000 val_acc=1.0000 long16=1.000 long48=1.000 (best 1.0000@ep1)
[seed3/sheaf_sealed] epoch 25/30: train_acc=1.0000 val_acc=1.0000 long16=1.000 long48=1.000 (best 1.0000@ep1)
[seed3/sheaf_sealed] epoch 26/30: train_acc=1.0000 val_acc=1.0000 long16=1.000 long48=1.000 (best 1.0000@ep1)
[seed3/sheaf_sealed] epoch 27/30: train_acc=1.0000 val_acc=1.0000 long16=1.000 long48=1.000 (best 1.0000@ep1)
[seed3/sheaf_sealed] epoch 28/30: train_acc=1.0000 val_acc=1.0000 long16=1.000 long48=1.000 (best 1.0000@ep1)
[seed3/sheaf_sealed] epoch 29/30: train_acc=1.0000 val_acc=1.0000 long16=1.000 long48=1.000 (best 1.0000@ep1)
[seed3/sheaf_sealed] epoch 30/30: train_acc=1.0000 val_acc=1.0000 long16=1.000 long48=1.000 (best 1.0000@ep1)

=== stable seeds (long paths >= 0.99 at every step count 16-192) ===
loop          untrained 0.500 | stable best 0/1 final 0/1 | final ID 0.5000 | T=6:0.500 T=16:0.500 T=32:0.500 T=48:0.500 T=96:0.500 T=192:0.500
loop_r10      untrained 0.500 | stable best 1/1 final 1/1 | final ID 1.0000 | T=6:0.500 T=16:1.000 T=32:1.000 T=48:1.000 T=96:1.000 T=192:1.000
loop_r18      untrained 0.500 | stable best 0/1 final 0/1 | final ID 0.5000 | T=6:0.500 T=16:0.500 T=32:0.500 T=48:0.500 T=96:0.500 T=192:0.500
geo           untrained 0.500 | stable best 0/1 final 0/1 | final ID 0.5000 | T=6:0.500 T=16:0.500 T=32:0.500 T=48:0.500 T=96:0.500 T=192:0.500
geo_r10       untrained 0.500 | stable best 0/1 final 0/1 | final ID 1.0000 | T=6:0.500 T=16:1.000 T=32:1.000 T=48:1.000 T=96:0.500 T=192:0.500
geo_r18       untrained 0.500 | stable best 0/1 final 0/1 | final ID 0.5000 | T=6:0.500 T=16:0.500 T=32:0.500 T=48:0.500 T=96:0.500 T=192:0.500
geo_tau       untrained 0.500 | stable best 0/1 final 0/1 | final ID 0.5000 | T=6:0.500 T=16:0.500 T=32:0.500 T=48:0.500 T=96:0.500 T=192:0.500
sheaf         untrained 0.500 | stable best 0/1 final 0/1 | final ID 1.0000 | T=6:0.500 T=16:0.799 T=32:0.810 T=48:0.810 T=96:0.810 T=192:0.810
sheaf_sealed  untrained 1.000 | stable best 1/1 final 1/1 | final ID 1.0000 | T=6:0.500 T=16:0.999 T=32:1.000 T=48:1.000 T=96:1.000 T=192:1.000
