[seed8/loop/cold] epoch 1/5: train_acc=0.8713 val_acc=1.0000
[seed8/loop/cold] epoch 2/5: train_acc=1.0000 val_acc=1.0000
[seed8/loop/cold] epoch 3/5: train_acc=1.0000 val_acc=1.0000
[seed8/loop/cold] epoch 4/5: train_acc=1.0000 val_acc=1.0000
[seed8/loop/cold] epoch 5/5: train_acc=1.0000 val_acc=1.0000
[seed8/loop/paired_warm] epoch 1/5: train_acc=0.9148 val_acc=1.0000
[seed8/loop/paired_warm] epoch 2/5: train_acc=1.0000 val_acc=1.0000
[seed8/loop/paired_warm] epoch 3/5: train_acc=1.0000 val_acc=1.0000
[seed8/loop/paired_warm] epoch 4/5: train_acc=1.0000 val_acc=1.0000
[seed8/loop/paired_warm] epoch 5/5: train_acc=1.0000 val_acc=1.0000
[seed8/loop/curriculum] epoch 1/5: train_acc=0.9016 val_acc=0.6000
[seed8/loop/curriculum] epoch 2/5: train_acc=0.9980 val_acc=1.0000
[seed8/loop/curriculum] epoch 3/5: train_acc=1.0000 val_acc=1.0000
[seed8/loop/curriculum] epoch 4/5: train_acc=1.0000 val_acc=1.0000
[seed8/loop/curriculum] epoch 5/5: train_acc=1.0000 val_acc=1.0000
[seed8/geo/cold] epoch 1/5: train_acc=0.5016 val_acc=0.5000
[seed8/geo/cold] epoch 2/5: train_acc=0.4988 val_acc=0.5000
[seed8/geo/cold] epoch 3/5: train_acc=0.4885 val_acc=0.5000
[seed8/geo/cold] epoch 4/5: train_acc=0.5028 val_acc=0.5000
[seed8/geo/cold] epoch 5/5: train_acc=0.5025 val_acc=0.5000
[seed8/geo/paired_warm] epoch 1/5: train_acc=0.8134 val_acc=1.0000
[seed8/geo/paired_warm] epoch 2/5: train_acc=1.0000 val_acc=1.0000
[seed8/geo/paired_warm] epoch 3/5: train_acc=1.0000 val_acc=1.0000
[seed8/geo/paired_warm] epoch 4/5: train_acc=1.0000 val_acc=1.0000
[seed8/geo/paired_warm] epoch 5/5: train_acc=1.0000 val_acc=1.0000
[seed8/geo/curriculum] epoch 1/5: train_acc=0.8512 val_acc=0.6000
[seed8/geo/curriculum] epoch 2/5: train_acc=0.9966 val_acc=0.7000
[seed8/geo/curriculum] epoch 3/5: train_acc=0.9997 val_acc=1.0000
[seed8/geo/curriculum] epoch 4/5: train_acc=1.0000 val_acc=1.0000
[seed8/geo/curriculum] epoch 5/5: train_acc=1.0000 val_acc=1.0000
[seed8/anchored/cold] epoch 1/5: train_acc=0.9938 val_acc=1.0000
[seed8/anchored/cold] epoch 2/5: train_acc=1.0000 val_acc=1.0000
[seed8/anchored/cold] epoch 3/5: train_acc=1.0000 val_acc=1.0000
[seed8/anchored/cold] epoch 4/5: train_acc=1.0000 val_acc=1.0000
[seed8/anchored/cold] epoch 5/5: train_acc=1.0000 val_acc=1.0000
[seed8/anchored/paired_warm] epoch 1/5: train_acc=0.9932 val_acc=1.0000
[seed8/anchored/paired_warm] epoch 2/5: train_acc=1.0000 val_acc=1.0000
[seed8/anchored/paired_warm] epoch 3/5: train_acc=1.0000 val_acc=1.0000
[seed8/anchored/paired_warm] epoch 4/5: train_acc=1.0000 val_acc=1.0000
[seed8/anchored/paired_warm] epoch 5/5: train_acc=1.0000 val_acc=1.0000
[seed8/anchored/curriculum] epoch 1/5: train_acc=0.9856 val_acc=1.0000
[seed8/anchored/curriculum] epoch 2/5: train_acc=1.0000 val_acc=1.0000
[seed8/anchored/curriculum] epoch 3/5: train_acc=1.0000 val_acc=1.0000
[seed8/anchored/curriculum] epoch 4/5: train_acc=1.0000 val_acc=1.0000
[seed8/anchored/curriculum] epoch 5/5: train_acc=1.0000 val_acc=1.0000
[seed9/loop/cold] epoch 1/5: train_acc=0.8786 val_acc=1.0000
[seed9/loop/cold] epoch 2/5: train_acc=1.0000 val_acc=1.0000
[seed9/loop/cold] epoch 3/5: train_acc=1.0000 val_acc=1.0000
[seed9/loop/cold] epoch 4/5: train_acc=1.0000 val_acc=1.0000
[seed9/loop/cold] epoch 5/5: train_acc=1.0000 val_acc=1.0000
[seed9/loop/paired_warm] epoch 1/5: train_acc=0.7273 val_acc=1.0000
[seed9/loop/paired_warm] epoch 2/5: train_acc=1.0000 val_acc=1.0000
[seed9/loop/paired_warm] epoch 3/5: train_acc=1.0000 val_acc=1.0000
[seed9/loop/paired_warm] epoch 4/5: train_acc=1.0000 val_acc=1.0000
[seed9/loop/paired_warm] epoch 5/5: train_acc=1.0000 val_acc=1.0000
[seed9/loop/curriculum] epoch 1/5: train_acc=0.8819 val_acc=0.6000
[seed9/loop/curriculum] epoch 2/5: train_acc=0.9969 val_acc=1.0000
[seed9/loop/curriculum] epoch 3/5: train_acc=1.0000 val_acc=1.0000
[seed9/loop/curriculum] epoch 4/5: train_acc=1.0000 val_acc=1.0000
[seed9/loop/curriculum] epoch 5/5: train_acc=1.0000 val_acc=1.0000
[seed9/geo/cold] epoch 1/5: train_acc=0.9181 val_acc=1.0000
[seed9/geo/cold] epoch 2/5: train_acc=1.0000 val_acc=1.0000
[seed9/geo/cold] epoch 3/5: train_acc=1.0000 val_acc=1.0000
[seed9/geo/cold] epoch 4/5: train_acc=1.0000 val_acc=1.0000
[seed9/geo/cold] epoch 5/5: train_acc=1.0000 val_acc=1.0000
[seed9/geo/paired_warm] epoch 1/5: train_acc=0.6952 val_acc=0.6543
[seed9/geo/paired_warm] epoch 2/5: train_acc=0.9893 val_acc=1.0000
[seed9/geo/paired_warm] epoch 3/5: train_acc=1.0000 val_acc=1.0000
[seed9/geo/paired_warm] epoch 4/5: train_acc=1.0000 val_acc=1.0000
[seed9/geo/paired_warm] epoch 5/5: train_acc=1.0000 val_acc=1.0000
[seed9/geo/curriculum] epoch 1/5: train_acc=0.8466 val_acc=0.7000
[seed9/geo/curriculum] epoch 2/5: train_acc=1.0000 val_acc=0.8225
[seed9/geo/curriculum] epoch 3/5: train_acc=1.0000 val_acc=0.8025
[seed9/geo/curriculum] epoch 4/5: train_acc=0.9984 val_acc=1.0000
[seed9/geo/curriculum] epoch 5/5: train_acc=1.0000 val_acc=1.0000
[seed9/anchored/cold] epoch 1/5: train_acc=0.9941 val_acc=1.0000
[seed9/anchored/cold] epoch 2/5: train_acc=1.0000 val_acc=1.0000
[seed9/anchored/cold] epoch 3/5: train_acc=1.0000 val_acc=1.0000
[seed9/anchored/cold] epoch 4/5: train_acc=1.0000 val_acc=1.0000
[seed9/anchored/cold] epoch 5/5: train_acc=1.0000 val_acc=1.0000
[seed9/anchored/paired_warm] epoch 1/5: train_acc=0.9851 val_acc=1.0000
[seed9/anchored/paired_warm] epoch 2/5: train_acc=1.0000 val_acc=1.0000
[seed9/anchored/paired_warm] epoch 3/5: train_acc=1.0000 val_acc=1.0000
[seed9/anchored/paired_warm] epoch 4/5: train_acc=1.0000 val_acc=1.0000
[seed9/anchored/paired_warm] epoch 5/5: train_acc=1.0000 val_acc=1.0000
[seed9/anchored/curriculum] epoch 1/5: train_acc=0.9894 val_acc=1.0000
[seed9/anchored/curriculum] epoch 2/5: train_acc=1.0000 val_acc=0.9000
[seed9/anchored/curriculum] epoch 3/5: train_acc=1.0000 val_acc=0.9000
[seed9/anchored/curriculum] epoch 4/5: train_acc=1.0000 val_acc=1.0000
[seed9/anchored/curriculum] epoch 5/5: train_acc=1.0000 val_acc=1.0000
[seed10/loop/cold] epoch 1/5: train_acc=0.5089 val_acc=0.5000
[seed10/loop/cold] epoch 2/5: train_acc=0.4981 val_acc=0.5000
[seed10/loop/cold] epoch 3/5: train_acc=0.5041 val_acc=0.5000
[seed10/loop/cold] epoch 4/5: train_acc=0.4991 val_acc=0.5000
[seed10/loop/cold] epoch 5/5: train_acc=0.5045 val_acc=0.5000
[seed10/loop/paired_warm] epoch 1/5: train_acc=0.8324 val_acc=1.0000
[seed10/loop/paired_warm] epoch 2/5: train_acc=1.0000 val_acc=1.0000
[seed10/loop/paired_warm] epoch 3/5: train_acc=1.0000 val_acc=1.0000
[seed10/loop/paired_warm] epoch 4/5: train_acc=1.0000 val_acc=1.0000
[seed10/loop/paired_warm] epoch 5/5: train_acc=1.0000 val_acc=1.0000
[seed10/loop/curriculum] epoch 1/5: train_acc=0.9294 val_acc=0.6000
[seed10/loop/curriculum] epoch 2/5: train_acc=0.9969 val_acc=0.9670
[seed10/loop/curriculum] epoch 3/5: train_acc=1.0000 val_acc=0.9170
[seed10/loop/curriculum] epoch 4/5: train_acc=1.0000 val_acc=0.9223
[seed10/loop/curriculum] epoch 5/5: train_acc=0.5023 val_acc=0.5000
[seed10/geo/cold] epoch 1/5: train_acc=0.7648 val_acc=1.0000
[seed10/geo/cold] epoch 2/5: train_acc=1.0000 val_acc=1.0000
[seed10/geo/cold] epoch 3/5: train_acc=1.0000 val_acc=1.0000
[seed10/geo/cold] epoch 4/5: train_acc=1.0000 val_acc=1.0000
[seed10/geo/cold] epoch 5/5: train_acc=1.0000 val_acc=1.0000
[seed10/geo/paired_warm] epoch 1/5: train_acc=0.9114 val_acc=1.0000
[seed10/geo/paired_warm] epoch 2/5: train_acc=1.0000 val_acc=1.0000
[seed10/geo/paired_warm] epoch 3/5: train_acc=1.0000 val_acc=1.0000
[seed10/geo/paired_warm] epoch 4/5: train_acc=1.0000 val_acc=1.0000
[seed10/geo/paired_warm] epoch 5/5: train_acc=1.0000 val_acc=1.0000
[seed10/geo/curriculum] epoch 1/5: train_acc=0.8237 val_acc=0.6000
[seed10/geo/curriculum] epoch 2/5: train_acc=0.9719 val_acc=1.0000
[seed10/geo/curriculum] epoch 3/5: train_acc=1.0000 val_acc=1.0000
[seed10/geo/curriculum] epoch 4/5: train_acc=1.0000 val_acc=1.0000
[seed10/geo/curriculum] epoch 5/5: train_acc=1.0000 val_acc=1.0000
[seed10/anchored/cold] epoch 1/5: train_acc=0.9934 val_acc=1.0000
[seed10/anchored/cold] epoch 2/5: train_acc=1.0000 val_acc=1.0000
[seed10/anchored/cold] epoch 3/5: train_acc=1.0000 val_acc=1.0000
[seed10/anchored/cold] epoch 4/5: train_acc=1.0000 val_acc=1.0000
[seed10/anchored/cold] epoch 5/5: train_acc=1.0000 val_acc=1.0000
[seed10/anchored/paired_warm] epoch 1/5: train_acc=0.9938 val_acc=1.0000
[seed10/anchored/paired_warm] epoch 2/5: train_acc=1.0000 val_acc=1.0000
[seed10/anchored/paired_warm] epoch 3/5: train_acc=1.0000 val_acc=1.0000
[seed10/anchored/paired_warm] epoch 4/5: train_acc=1.0000 val_acc=1.0000
[seed10/anchored/paired_warm] epoch 5/5: train_acc=1.0000 val_acc=1.0000
[seed10/anchored/curriculum] epoch 1/5: train_acc=0.9794 val_acc=0.9000
[seed10/anchored/curriculum] epoch 2/5: train_acc=1.0000 val_acc=0.8000
[seed10/anchored/curriculum] epoch 3/5: train_acc=1.0000 val_acc=1.0000
[seed10/anchored/curriculum] epoch 4/5: train_acc=1.0000 val_acc=1.0000
[seed10/anchored/curriculum] epoch 5/5: train_acc=1.0000 val_acc=1.0000
[seed11/loop/cold] epoch 1/5: train_acc=0.8207 val_acc=1.0000
[seed11/loop/cold] epoch 2/5: train_acc=1.0000 val_acc=1.0000
[seed11/loop/cold] epoch 3/5: train_acc=1.0000 val_acc=1.0000
[seed11/loop/cold] epoch 4/5: train_acc=1.0000 val_acc=1.0000
[seed11/loop/cold] epoch 5/5: train_acc=1.0000 val_acc=1.0000
[seed11/loop/paired_warm] epoch 1/5: train_acc=0.9546 val_acc=1.0000
[seed11/loop/paired_warm] epoch 2/5: train_acc=1.0000 val_acc=1.0000
[seed11/loop/paired_warm] epoch 3/5: train_acc=1.0000 val_acc=1.0000
[seed11/loop/paired_warm] epoch 4/5: train_acc=1.0000 val_acc=1.0000
[seed11/loop/paired_warm] epoch 5/5: train_acc=1.0000 val_acc=1.0000
[seed11/loop/curriculum] epoch 1/5: train_acc=0.8750 val_acc=0.6000
[seed11/loop/curriculum] epoch 2/5: train_acc=0.9964 val_acc=0.8038
[seed11/loop/curriculum] epoch 3/5: train_acc=1.0000 val_acc=0.8708
[seed11/loop/curriculum] epoch 4/5: train_acc=0.9988 val_acc=1.0000
[seed11/loop/curriculum] epoch 5/5: train_acc=1.0000 val_acc=1.0000
[seed11/geo/cold] epoch 1/5: train_acc=0.7854 val_acc=1.0000
[seed11/geo/cold] epoch 2/5: train_acc=1.0000 val_acc=1.0000
[seed11/geo/cold] epoch 3/5: train_acc=1.0000 val_acc=1.0000
[seed11/geo/cold] epoch 4/5: train_acc=1.0000 val_acc=1.0000
[seed11/geo/cold] epoch 5/5: train_acc=1.0000 val_acc=1.0000
[seed11/geo/paired_warm] epoch 1/5: train_acc=0.9384 val_acc=1.0000
[seed11/geo/paired_warm] epoch 2/5: train_acc=1.0000 val_acc=1.0000
[seed11/geo/paired_warm] epoch 3/5: train_acc=1.0000 val_acc=1.0000
[seed11/geo/paired_warm] epoch 4/5: train_acc=1.0000 val_acc=1.0000
[seed11/geo/paired_warm] epoch 5/5: train_acc=1.0000 val_acc=1.0000
[seed11/geo/curriculum] epoch 1/5: train_acc=0.8294 val_acc=0.7000
[seed11/geo/curriculum] epoch 2/5: train_acc=1.0000 val_acc=0.9000
[seed11/geo/curriculum] epoch 3/5: train_acc=1.0000 val_acc=0.9000
[seed11/geo/curriculum] epoch 4/5: train_acc=0.9967 val_acc=1.0000
[seed11/geo/curriculum] epoch 5/5: train_acc=1.0000 val_acc=1.0000
[seed11/anchored/cold] epoch 1/5: train_acc=0.9922 val_acc=1.0000
[seed11/anchored/cold] epoch 2/5: train_acc=1.0000 val_acc=1.0000
[seed11/anchored/cold] epoch 3/5: train_acc=1.0000 val_acc=1.0000
[seed11/anchored/cold] epoch 4/5: train_acc=1.0000 val_acc=1.0000
[seed11/anchored/cold] epoch 5/5: train_acc=1.0000 val_acc=1.0000
[seed11/anchored/paired_warm] epoch 1/5: train_acc=0.9923 val_acc=1.0000
[seed11/anchored/paired_warm] epoch 2/5: train_acc=1.0000 val_acc=1.0000
[seed11/anchored/paired_warm] epoch 3/5: train_acc=1.0000 val_acc=1.0000
[seed11/anchored/paired_warm] epoch 4/5: train_acc=1.0000 val_acc=1.0000
[seed11/anchored/paired_warm] epoch 5/5: train_acc=1.0000 val_acc=1.0000
[seed11/anchored/curriculum] epoch 1/5: train_acc=0.9947 val_acc=1.0000
[seed11/anchored/curriculum] epoch 2/5: train_acc=1.0000 val_acc=0.9000
[seed11/anchored/curriculum] epoch 3/5: train_acc=1.0000 val_acc=0.9000
[seed11/anchored/curriculum] epoch 4/5: train_acc=1.0000 val_acc=1.0000
[seed11/anchored/curriculum] epoch 5/5: train_acc=1.0000 val_acc=1.0000

=== take-off (crossed val >= 0.99 within the epoch budget) ===
loop/cold               3/4  [0.30, 0.95] epochs [1, 1, 1] | stable to 192: 0 | long paths T16=0.833 T48=0.665 T192=0.500
loop/paired_warm        4/4  [0.51, 1.00] epochs [1, 1, 1, 1] | stable to 192: 0 | long paths T16=0.875 T48=0.577 T192=0.561
loop/curriculum         3/4  [0.30, 0.95] epochs [2, 2, 4] | stable to 192: 0 | long paths T16=0.758 T48=0.667 T192=0.506
geo/cold                3/4  [0.30, 0.95] epochs [1, 1, 1] | stable to 192: 0 | long paths T16=0.877 T48=0.667 T192=0.500
geo/paired_warm         4/4  [0.51, 1.00] epochs [1, 1, 1, 2] | stable to 192: 1 | long paths T16=0.758 T48=0.739 T192=0.625
geo/curriculum          4/4  [0.51, 1.00] epochs [2, 3, 4, 4] | stable to 192: 1 | long paths T16=0.896 T48=0.875 T192=0.675
anchored/cold           4/4  [0.51, 1.00] epochs [1, 1, 1, 1] | stable to 192: 4 | long paths T16=1.000 T48=1.000 T192=1.000
anchored/paired_warm    4/4  [0.51, 1.00] epochs [1, 1, 1, 1] | stable to 192: 4 | long paths T16=1.000 T48=1.000 T192=1.000
anchored/curriculum     4/4  [0.51, 1.00] epochs [1, 1, 1, 3] | stable to 192: 4 | long paths T16=1.000 T48=1.000 T192=1.000
  p=1.0000  geo/cold vs loop/cold
  p=1.0000  anchored/cold vs loop/cold
  p=1.0000  anchored/cold vs geo/cold
  p=1.0000  geo/paired_warm vs loop/paired_warm
  p=1.0000  anchored/paired_warm vs loop/paired_warm
  p=1.0000  anchored/paired_warm vs geo/paired_warm
  p=1.0000  geo/curriculum vs loop/curriculum
  p=1.0000  anchored/curriculum vs loop/curriculum
  p=1.0000  anchored/curriculum vs geo/curriculum
  p=1.0000  loop/paired_warm vs loop/cold
  p=1.0000  loop/curriculum vs loop/cold
  p=1.0000  geo/paired_warm vs geo/cold
  p=1.0000  geo/curriculum vs geo/cold
  p=1.0000  anchored/paired_warm vs anchored/cold
  p=1.0000  anchored/curriculum vs anchored/cold
