C:\Users\JT-DEV1\Desktop\weee taded\GammaHunter\.venv\Lib\site-packages\torch\_subclasses\functional_tensor.py:368: UserWarning: Failed to initialize NumPy: No module named 'numpy' (Triggered internally at C:\actions-runner\_work\pytorch\pytorch\torch\csrc\utils\tensor_numpy.cpp:84.)
  cpu = _conversion_method_template(device=torch.device("cpu"))

=== take-off (crossed val >= 0.99 within the epoch budget) ===
loop/cold              13/20 [0.43, 0.82] epochs [1, 1, 1, 1, 1, 1, 1, 1, 1, 1, 1, 2, 2] | stable to 192: 1 | long paths T16=0.917 T48=0.821 T192=0.546
loop/paired_warm       17/20 [0.64, 0.95] epochs [1, 1, 1, 1, 1, 1, 1, 1, 1, 1, 1, 1, 1, 1, 2, 2, 2] | stable to 192: 1 | long paths T16=0.706 T48=0.584 T192=0.560
loop/curriculum        11/20 [0.34, 0.74] epochs [2, 2, 2, 2, 3, 3, 3, 4, 4, 4, 5] | stable to 192: 0 | long paths T16=0.764 T48=0.637 T192=0.502
geo/cold               15/20 [0.53, 0.89] epochs [1, 1, 1, 1, 1, 1, 1, 1, 1, 1, 1, 1, 1, 1, 1] | stable to 192: 1 | long paths T16=0.844 T48=0.633 T192=0.533
geo/paired_warm        19/20 [0.76, 0.99] epochs [1, 1, 1, 1, 1, 1, 1, 1, 1, 1, 1, 1, 1, 2, 2, 2, 2, 2, 2] | stable to 192: 3 | long paths T16=0.715 T48=0.620 T192=0.580
geo/curriculum         17/20 [0.64, 0.95] epochs [2, 2, 2, 2, 3, 3, 3, 3, 3, 3, 3, 4, 4, 4, 4, 4, 4] | stable to 192: 1 | long paths T16=0.776 T48=0.649 T192=0.541
anchored/cold          20/20 [0.84, 1.00] epochs [1, 1, 1, 1, 1, 1, 1, 1, 1, 1, 1, 1, 1, 1, 1, 1, 1, 1, 1, 1] | stable to 192: 20 | long paths T16=1.000 T48=1.000 T192=1.000
anchored/paired_warm   20/20 [0.84, 1.00] epochs [1, 1, 1, 1, 1, 1, 1, 1, 1, 1, 1, 1, 1, 1, 1, 1, 1, 1, 1, 1] | stable to 192: 20 | long paths T16=1.000 T48=1.000 T192=1.000
anchored/curriculum    20/20 [0.84, 1.00] epochs [1, 1, 1, 1, 1, 1, 1, 1, 1, 1, 1, 1, 1, 1, 1, 1, 1, 1, 3, 4] | stable to 192: 20 | long paths T16=1.000 T48=1.000 T192=1.000
  Fisher two-sided p (Holm-adjusted) — take-off | stable to 192:
  7.31e-01 (1.00e+00) | 1.00e+00 (1.00e+00)  geo/cold vs loop/cold
  8.32e-03 (1.16e-01) | 3.05e-10 (4.27e-09)  anchored/cold vs loop/cold
  4.71e-02 (6.13e-01) | 3.05e-10 (4.27e-09)  anchored/cold vs geo/cold
  6.05e-01 (1.00e+00) | 6.05e-01 (1.00e+00)  geo/paired_warm vs loop/paired_warm
  2.31e-01 (1.00e+00) | 3.05e-10 (4.27e-09)  anchored/paired_warm vs loop/paired_warm
  1.00e+00 (1.00e+00) | 2.57e-08 (2.57e-07)  anchored/paired_warm vs geo/paired_warm
  8.24e-02 (9.88e-01) | 1.00e+00 (1.00e+00)  geo/curriculum vs loop/curriculum
  1.23e-03 (1.84e-02) | 1.45e-11 (2.18e-10)  anchored/curriculum vs loop/curriculum
  2.31e-01 (1.00e+00) | 3.05e-10 (4.27e-09)  anchored/curriculum vs geo/curriculum
  2.73e-01 (1.00e+00) | 1.00e+00 (1.00e+00)  loop/paired_warm vs loop/cold
  7.48e-01 (1.00e+00) | 1.00e+00 (1.00e+00)  loop/curriculum vs loop/cold
  1.82e-01 (1.00e+00) | 6.05e-01 (1.00e+00)  geo/paired_warm vs geo/cold
  6.95e-01 (1.00e+00) | 1.00e+00 (1.00e+00)  geo/curriculum vs geo/cold
  1.00e+00 (1.00e+00) | 1.00e+00 (1.00e+00)  anchored/paired_warm vs anchored/cold
  1.00e+00 (1.00e+00) | 1.00e+00 (1.00e+00)  anchored/curriculum vs anchored/cold
