[seed0/loop/cold] epoch 1/5: train_acc=0.8586 val_acc=1.0000
[seed0/loop/cold] epoch 2/5: train_acc=1.0000 val_acc=1.0000
[seed0/loop/cold] epoch 3/5: train_acc=1.0000 val_acc=1.0000
[seed0/loop/cold] epoch 4/5: train_acc=1.0000 val_acc=1.0000
[seed0/loop/cold] epoch 5/5: train_acc=1.0000 val_acc=1.0000
[seed0/loop/paired_warm] epoch 1/5: train_acc=0.8738 val_acc=1.0000
[seed0/loop/paired_warm] epoch 2/5: train_acc=1.0000 val_acc=1.0000
[seed0/loop/paired_warm] epoch 3/5: train_acc=1.0000 val_acc=1.0000
[seed0/loop/paired_warm] epoch 4/5: train_acc=1.0000 val_acc=1.0000
[seed0/loop/paired_warm] epoch 5/5: train_acc=1.0000 val_acc=1.0000
[seed0/loop/curriculum] epoch 1/5: train_acc=0.8862 val_acc=0.7235
[seed0/loop/curriculum] epoch 2/5: train_acc=1.0000 val_acc=0.9000
[seed0/loop/curriculum] epoch 3/5: train_acc=1.0000 val_acc=1.0000
[seed0/loop/curriculum] epoch 4/5: train_acc=1.0000 val_acc=1.0000
[seed0/loop/curriculum] epoch 5/5: train_acc=1.0000 val_acc=1.0000
[seed0/geo/cold] epoch 1/5: train_acc=0.8462 val_acc=1.0000
[seed0/geo/cold] epoch 2/5: train_acc=1.0000 val_acc=1.0000
[seed0/geo/cold] epoch 3/5: train_acc=1.0000 val_acc=1.0000
[seed0/geo/cold] epoch 4/5: train_acc=1.0000 val_acc=1.0000
[seed0/geo/cold] epoch 5/5: train_acc=1.0000 val_acc=1.0000
[seed0/geo/paired_warm] epoch 1/5: train_acc=0.7347 val_acc=1.0000
[seed0/geo/paired_warm] epoch 2/5: train_acc=1.0000 val_acc=1.0000
[seed0/geo/paired_warm] epoch 3/5: train_acc=1.0000 val_acc=1.0000
[seed0/geo/paired_warm] epoch 4/5: train_acc=1.0000 val_acc=1.0000
[seed0/geo/paired_warm] epoch 5/5: train_acc=1.0000 val_acc=1.0000
[seed0/geo/curriculum] epoch 1/5: train_acc=0.7881 val_acc=0.6808
[seed0/geo/curriculum] epoch 2/5: train_acc=0.9973 val_acc=0.9000
[seed0/geo/curriculum] epoch 3/5: train_acc=1.0000 val_acc=0.9000
[seed0/geo/curriculum] epoch 4/5: train_acc=1.0000 val_acc=1.0000
[seed0/geo/curriculum] epoch 5/5: train_acc=1.0000 val_acc=1.0000
[seed0/anchored/cold] epoch 1/5: train_acc=0.9931 val_acc=1.0000
[seed0/anchored/cold] epoch 2/5: train_acc=1.0000 val_acc=1.0000
[seed0/anchored/cold] epoch 3/5: train_acc=1.0000 val_acc=1.0000
[seed0/anchored/cold] epoch 4/5: train_acc=1.0000 val_acc=1.0000
[seed0/anchored/cold] epoch 5/5: train_acc=1.0000 val_acc=1.0000
[seed0/anchored/paired_warm] epoch 1/5: train_acc=0.9938 val_acc=1.0000
[seed0/anchored/paired_warm] epoch 2/5: train_acc=1.0000 val_acc=1.0000
[seed0/anchored/paired_warm] epoch 3/5: train_acc=1.0000 val_acc=1.0000
[seed0/anchored/paired_warm] epoch 4/5: train_acc=1.0000 val_acc=1.0000
[seed0/anchored/paired_warm] epoch 5/5: train_acc=1.0000 val_acc=1.0000
[seed0/anchored/curriculum] epoch 1/5: train_acc=0.9859 val_acc=1.0000
[seed0/anchored/curriculum] epoch 2/5: train_acc=1.0000 val_acc=0.9000
[seed0/anchored/curriculum] epoch 3/5: train_acc=1.0000 val_acc=0.9000
[seed0/anchored/curriculum] epoch 4/5: train_acc=1.0000 val_acc=1.0000
[seed0/anchored/curriculum] epoch 5/5: train_acc=1.0000 val_acc=1.0000
[seed1/loop/cold] epoch 1/5: train_acc=0.5004 val_acc=0.5000
[seed1/loop/cold] epoch 2/5: train_acc=0.9502 val_acc=1.0000
[seed1/loop/cold] epoch 3/5: train_acc=1.0000 val_acc=1.0000
[seed1/loop/cold] epoch 4/5: train_acc=1.0000 val_acc=1.0000
[seed1/loop/cold] epoch 5/5: train_acc=1.0000 val_acc=1.0000
[seed1/loop/paired_warm] epoch 1/5: train_acc=0.9601 val_acc=1.0000
[seed1/loop/paired_warm] epoch 2/5: train_acc=1.0000 val_acc=1.0000
[seed1/loop/paired_warm] epoch 3/5: train_acc=1.0000 val_acc=1.0000
[seed1/loop/paired_warm] epoch 4/5: train_acc=1.0000 val_acc=1.0000
[seed1/loop/paired_warm] epoch 5/5: train_acc=1.0000 val_acc=1.0000
[seed1/loop/curriculum] epoch 1/5: train_acc=0.8650 val_acc=0.7000
[seed1/loop/curriculum] epoch 2/5: train_acc=1.0000 val_acc=0.8000
[seed1/loop/curriculum] epoch 3/5: train_acc=1.0000 val_acc=0.9845
[seed1/loop/curriculum] epoch 4/5: train_acc=1.0000 val_acc=0.9743
[seed1/loop/curriculum] epoch 5/5: train_acc=0.5078 val_acc=0.5000
[seed1/geo/cold] epoch 1/5: train_acc=0.7172 val_acc=1.0000
[seed1/geo/cold] epoch 2/5: train_acc=1.0000 val_acc=1.0000
[seed1/geo/cold] epoch 3/5: train_acc=1.0000 val_acc=1.0000
[seed1/geo/cold] epoch 4/5: train_acc=1.0000 val_acc=1.0000
[seed1/geo/cold] epoch 5/5: train_acc=1.0000 val_acc=1.0000
[seed1/geo/paired_warm] epoch 1/5: train_acc=0.6915 val_acc=0.6218
[seed1/geo/paired_warm] epoch 2/5: train_acc=0.9734 val_acc=1.0000
[seed1/geo/paired_warm] epoch 3/5: train_acc=1.0000 val_acc=1.0000
[seed1/geo/paired_warm] epoch 4/5: train_acc=1.0000 val_acc=1.0000
[seed1/geo/paired_warm] epoch 5/5: train_acc=1.0000 val_acc=1.0000
[seed1/geo/curriculum] epoch 1/5: train_acc=0.8237 val_acc=0.6448
[seed1/geo/curriculum] epoch 2/5: train_acc=0.9966 val_acc=0.9988
[seed1/geo/curriculum] epoch 3/5: train_acc=1.0000 val_acc=0.9985
[seed1/geo/curriculum] epoch 4/5: train_acc=1.0000 val_acc=0.9975
[seed1/geo/curriculum] epoch 5/5: train_acc=0.9988 val_acc=1.0000
[seed1/anchored/cold] epoch 1/5: train_acc=0.9862 val_acc=1.0000
[seed1/anchored/cold] epoch 2/5: train_acc=1.0000 val_acc=1.0000
[seed1/anchored/cold] epoch 3/5: train_acc=1.0000 val_acc=1.0000
[seed1/anchored/cold] epoch 4/5: train_acc=1.0000 val_acc=1.0000
[seed1/anchored/cold] epoch 5/5: train_acc=1.0000 val_acc=1.0000
[seed1/anchored/paired_warm] epoch 1/5: train_acc=0.9938 val_acc=1.0000
[seed1/anchored/paired_warm] epoch 2/5: train_acc=1.0000 val_acc=1.0000
[seed1/anchored/paired_warm] epoch 3/5: train_acc=1.0000 val_acc=1.0000
[seed1/anchored/paired_warm] epoch 4/5: train_acc=1.0000 val_acc=1.0000
[seed1/anchored/paired_warm] epoch 5/5: train_acc=1.0000 val_acc=1.0000
[seed1/anchored/curriculum] epoch 1/5: train_acc=0.9475 val_acc=1.0000
[seed1/anchored/curriculum] epoch 2/5: train_acc=1.0000 val_acc=1.0000
[seed1/anchored/curriculum] epoch 3/5: train_acc=1.0000 val_acc=0.9000
[seed1/anchored/curriculum] epoch 4/5: train_acc=1.0000 val_acc=0.9000
[seed1/anchored/curriculum] epoch 5/5: train_acc=0.9998 val_acc=1.0000
[seed2/loop/cold] epoch 1/5: train_acc=0.5061 val_acc=0.5000
[seed2/loop/cold] epoch 2/5: train_acc=0.4971 val_acc=0.5000
[seed2/loop/cold] epoch 3/5: train_acc=0.4966 val_acc=0.5000
[seed2/loop/cold] epoch 4/5: train_acc=0.5032 val_acc=0.5000
[seed2/loop/cold] epoch 5/5: train_acc=0.5014 val_acc=0.5000
[seed2/loop/paired_warm] epoch 1/5: train_acc=0.7451 val_acc=1.0000
[seed2/loop/paired_warm] epoch 2/5: train_acc=1.0000 val_acc=1.0000
[seed2/loop/paired_warm] epoch 3/5: train_acc=0.9998 val_acc=1.0000
[seed2/loop/paired_warm] epoch 4/5: train_acc=1.0000 val_acc=1.0000
[seed2/loop/paired_warm] epoch 5/5: train_acc=1.0000 val_acc=1.0000
[seed2/loop/curriculum] epoch 1/5: train_acc=0.9097 val_acc=0.6000
[seed2/loop/curriculum] epoch 2/5: train_acc=0.9895 val_acc=0.8000
[seed2/loop/curriculum] epoch 3/5: train_acc=1.0000 val_acc=0.8000
[seed2/loop/curriculum] epoch 4/5: train_acc=0.9993 val_acc=1.0000
[seed2/loop/curriculum] epoch 5/5: train_acc=1.0000 val_acc=1.0000
[seed2/geo/cold] epoch 1/5: train_acc=0.7682 val_acc=1.0000
[seed2/geo/cold] epoch 2/5: train_acc=1.0000 val_acc=1.0000
[seed2/geo/cold] epoch 3/5: train_acc=1.0000 val_acc=1.0000
[seed2/geo/cold] epoch 4/5: train_acc=1.0000 val_acc=1.0000
[seed2/geo/cold] epoch 5/5: train_acc=1.0000 val_acc=1.0000
[seed2/geo/paired_warm] epoch 1/5: train_acc=0.6979 val_acc=0.9483
[seed2/geo/paired_warm] epoch 2/5: train_acc=1.0000 val_acc=1.0000
[seed2/geo/paired_warm] epoch 3/5: train_acc=1.0000 val_acc=1.0000
[seed2/geo/paired_warm] epoch 4/5: train_acc=1.0000 val_acc=1.0000
[seed2/geo/paired_warm] epoch 5/5: train_acc=1.0000 val_acc=1.0000
[seed2/geo/curriculum] epoch 1/5: train_acc=0.8825 val_acc=0.6000
[seed2/geo/curriculum] epoch 2/5: train_acc=0.9864 val_acc=1.0000
[seed2/geo/curriculum] epoch 3/5: train_acc=1.0000 val_acc=1.0000
[seed2/geo/curriculum] epoch 4/5: train_acc=1.0000 val_acc=1.0000
[seed2/geo/curriculum] epoch 5/5: train_acc=1.0000 val_acc=1.0000
[seed2/anchored/cold] epoch 1/5: train_acc=0.9932 val_acc=1.0000
[seed2/anchored/cold] epoch 2/5: train_acc=1.0000 val_acc=1.0000
[seed2/anchored/cold] epoch 3/5: train_acc=1.0000 val_acc=1.0000
[seed2/anchored/cold] epoch 4/5: train_acc=1.0000 val_acc=1.0000
[seed2/anchored/cold] epoch 5/5: train_acc=1.0000 val_acc=1.0000
[seed2/anchored/paired_warm] epoch 1/5: train_acc=0.9926 val_acc=1.0000
[seed2/anchored/paired_warm] epoch 2/5: train_acc=1.0000 val_acc=1.0000
[seed2/anchored/paired_warm] epoch 3/5: train_acc=1.0000 val_acc=1.0000
[seed2/anchored/paired_warm] epoch 4/5: train_acc=1.0000 val_acc=1.0000
[seed2/anchored/paired_warm] epoch 5/5: train_acc=1.0000 val_acc=1.0000
[seed2/anchored/curriculum] epoch 1/5: train_acc=0.9850 val_acc=1.0000
[seed2/anchored/curriculum] epoch 2/5: train_acc=1.0000 val_acc=1.0000
[seed2/anchored/curriculum] epoch 3/5: train_acc=1.0000 val_acc=1.0000
[seed2/anchored/curriculum] epoch 4/5: train_acc=1.0000 val_acc=1.0000
[seed2/anchored/curriculum] epoch 5/5: train_acc=1.0000 val_acc=1.0000
[seed3/loop/cold] epoch 1/5: train_acc=0.5087 val_acc=0.5000
[seed3/loop/cold] epoch 2/5: train_acc=0.4973 val_acc=0.5000
[seed3/loop/cold] epoch 3/5: train_acc=0.4938 val_acc=0.5000
[seed3/loop/cold] epoch 4/5: train_acc=0.4984 val_acc=0.5000
[seed3/loop/cold] epoch 5/5: train_acc=0.4999 val_acc=0.5000
[seed3/loop/paired_warm] epoch 1/5: train_acc=0.7026 val_acc=0.6183
[seed3/loop/paired_warm] epoch 2/5: train_acc=0.9439 val_acc=1.0000
[seed3/loop/paired_warm] epoch 3/5: train_acc=1.0000 val_acc=1.0000
[seed3/loop/paired_warm] epoch 4/5: train_acc=1.0000 val_acc=1.0000
[seed3/loop/paired_warm] epoch 5/5: train_acc=1.0000 val_acc=1.0000
[seed3/loop/curriculum] epoch 1/5: train_acc=0.8591 val_acc=0.6115
[seed3/loop/curriculum] epoch 2/5: train_acc=0.9989 val_acc=0.9160
[seed3/loop/curriculum] epoch 3/5: train_acc=1.0000 val_acc=0.9000
[seed3/loop/curriculum] epoch 4/5: train_acc=1.0000 val_acc=0.9000
[seed3/loop/curriculum] epoch 5/5: train_acc=0.9974 val_acc=1.0000
[seed3/geo/cold] epoch 1/5: train_acc=0.5101 val_acc=0.5000
[seed3/geo/cold] epoch 2/5: train_acc=0.4979 val_acc=0.5000
[seed3/geo/cold] epoch 3/5: train_acc=0.4953 val_acc=0.5000
[seed3/geo/cold] epoch 4/5: train_acc=0.4984 val_acc=0.5000
[seed3/geo/cold] epoch 5/5: train_acc=0.4999 val_acc=0.5000
[seed3/geo/paired_warm] epoch 1/5: train_acc=0.9455 val_acc=1.0000
[seed3/geo/paired_warm] epoch 2/5: train_acc=1.0000 val_acc=1.0000
[seed3/geo/paired_warm] epoch 3/5: train_acc=1.0000 val_acc=1.0000
[seed3/geo/paired_warm] epoch 4/5: train_acc=1.0000 val_acc=1.0000
[seed3/geo/paired_warm] epoch 5/5: train_acc=1.0000 val_acc=1.0000
[seed3/geo/curriculum] epoch 1/5: train_acc=0.8097 val_acc=0.6000
[seed3/geo/curriculum] epoch 2/5: train_acc=0.9986 val_acc=0.7000
[seed3/geo/curriculum] epoch 3/5: train_acc=0.9972 val_acc=1.0000
[seed3/geo/curriculum] epoch 4/5: train_acc=1.0000 val_acc=1.0000
[seed3/geo/curriculum] epoch 5/5: train_acc=1.0000 val_acc=1.0000
[seed3/anchored/cold] epoch 1/5: train_acc=0.9924 val_acc=1.0000
[seed3/anchored/cold] epoch 2/5: train_acc=1.0000 val_acc=1.0000
[seed3/anchored/cold] epoch 3/5: train_acc=1.0000 val_acc=1.0000
[seed3/anchored/cold] epoch 4/5: train_acc=1.0000 val_acc=1.0000
[seed3/anchored/cold] epoch 5/5: train_acc=1.0000 val_acc=1.0000
[seed3/anchored/paired_warm] epoch 1/5: train_acc=0.9932 val_acc=1.0000
[seed3/anchored/paired_warm] epoch 2/5: train_acc=1.0000 val_acc=1.0000
[seed3/anchored/paired_warm] epoch 3/5: train_acc=1.0000 val_acc=1.0000
[seed3/anchored/paired_warm] epoch 4/5: train_acc=1.0000 val_acc=1.0000
[seed3/anchored/paired_warm] epoch 5/5: train_acc=1.0000 val_acc=1.0000
[seed3/anchored/curriculum] epoch 1/5: train_acc=0.9875 val_acc=1.0000
[seed3/anchored/curriculum] epoch 2/5: train_acc=1.0000 val_acc=0.9000
[seed3/anchored/curriculum] epoch 3/5: train_acc=1.0000 val_acc=0.9000
[seed3/anchored/curriculum] epoch 4/5: train_acc=1.0000 val_acc=1.0000
[seed3/anchored/curriculum] epoch 5/5: train_acc=1.0000 val_acc=1.0000

=== take-off (crossed val >= 0.99 within the epoch budget) ===
loop/cold               2/4  [0.15, 0.85] epochs [1, 2] | stable to 192: 0 | long paths T16=1.000 T48=1.000 T192=0.551
loop/paired_warm        4/4  [0.51, 1.00] epochs [1, 1, 1, 2] | stable to 192: 0 | long paths T16=0.750 T48=0.657 T192=0.570
loop/curriculum         3/4  [0.30, 0.95] epochs [3, 4, 5] | stable to 192: 0 | long paths T16=0.833 T48=0.667 T192=0.500
geo/cold                3/4  [0.30, 0.95] epochs [1, 1, 1] | stable to 192: 0 | long paths T16=0.684 T48=0.500 T192=0.500
geo/paired_warm         4/4  [0.51, 1.00] epochs [1, 1, 2, 2] | stable to 192: 0 | long paths T16=0.833 T48=0.579 T192=0.504
geo/curriculum          4/4  [0.51, 1.00] epochs [2, 2, 3, 4] | stable to 192: 0 | long paths T16=0.843 T48=0.500 T192=0.500
anchored/cold           4/4  [0.51, 1.00] epochs [1, 1, 1, 1] | stable to 192: 4 | long paths T16=1.000 T48=1.000 T192=1.000
anchored/paired_warm    4/4  [0.51, 1.00] epochs [1, 1, 1, 1] | stable to 192: 4 | long paths T16=1.000 T48=1.000 T192=1.000
anchored/curriculum     4/4  [0.51, 1.00] epochs [1, 1, 1, 1] | stable to 192: 4 | long paths T16=1.000 T48=1.000 T192=1.000
  p=1.0000  geo/cold vs loop/cold
  p=0.4286  anchored/cold vs loop/cold
  p=1.0000  anchored/cold vs geo/cold
  p=1.0000  geo/paired_warm vs loop/paired_warm
  p=1.0000  anchored/paired_warm vs loop/paired_warm
  p=1.0000  anchored/paired_warm vs geo/paired_warm
  p=1.0000  geo/curriculum vs loop/curriculum
  p=1.0000  anchored/curriculum vs loop/curriculum
  p=1.0000  anchored/curriculum vs geo/curriculum
  p=0.4286  loop/paired_warm vs loop/cold
  p=1.0000  loop/curriculum vs loop/cold
  p=1.0000  geo/paired_warm vs geo/cold
  p=1.0000  geo/curriculum vs geo/cold
  p=1.0000  anchored/paired_warm vs anchored/cold
  p=1.0000  anchored/curriculum vs anchored/cold
