[seed16/loop/cold] epoch 1/5: train_acc=0.8011 val_acc=1.0000
[seed16/loop/cold] epoch 2/5: train_acc=1.0000 val_acc=1.0000
[seed16/loop/cold] epoch 3/5: train_acc=1.0000 val_acc=1.0000
[seed16/loop/cold] epoch 4/5: train_acc=1.0000 val_acc=1.0000
[seed16/loop/cold] epoch 5/5: train_acc=1.0000 val_acc=1.0000
[seed16/loop/paired_warm] epoch 1/5: train_acc=0.9339 val_acc=1.0000
[seed16/loop/paired_warm] epoch 2/5: train_acc=1.0000 val_acc=1.0000
[seed16/loop/paired_warm] epoch 3/5: train_acc=1.0000 val_acc=1.0000
[seed16/loop/paired_warm] epoch 4/5: train_acc=1.0000 val_acc=1.0000
[seed16/loop/paired_warm] epoch 5/5: train_acc=1.0000 val_acc=1.0000
[seed16/loop/curriculum] epoch 1/5: train_acc=0.8944 val_acc=0.6000
[seed16/loop/curriculum] epoch 2/5: train_acc=0.9959 val_acc=1.0000
[seed16/loop/curriculum] epoch 3/5: train_acc=1.0000 val_acc=1.0000
[seed16/loop/curriculum] epoch 4/5: train_acc=1.0000 val_acc=1.0000
[seed16/loop/curriculum] epoch 5/5: train_acc=1.0000 val_acc=1.0000
[seed16/geo/cold] epoch 1/5: train_acc=0.8754 val_acc=1.0000
[seed16/geo/cold] epoch 2/5: train_acc=1.0000 val_acc=1.0000
[seed16/geo/cold] epoch 3/5: train_acc=1.0000 val_acc=1.0000
[seed16/geo/cold] epoch 4/5: train_acc=1.0000 val_acc=1.0000
[seed16/geo/cold] epoch 5/5: train_acc=1.0000 val_acc=1.0000
[seed16/geo/paired_warm] epoch 1/5: train_acc=0.9136 val_acc=1.0000
[seed16/geo/paired_warm] epoch 2/5: train_acc=1.0000 val_acc=1.0000
[seed16/geo/paired_warm] epoch 3/5: train_acc=1.0000 val_acc=1.0000
[seed16/geo/paired_warm] epoch 4/5: train_acc=1.0000 val_acc=1.0000
[seed16/geo/paired_warm] epoch 5/5: train_acc=1.0000 val_acc=1.0000
[seed16/geo/curriculum] epoch 1/5: train_acc=0.7822 val_acc=0.6000
[seed16/geo/curriculum] epoch 2/5: train_acc=0.9952 val_acc=0.9055
[seed16/geo/curriculum] epoch 3/5: train_acc=1.0000 val_acc=0.9023
[seed16/geo/curriculum] epoch 4/5: train_acc=1.0000 val_acc=0.9018
[seed16/geo/curriculum] epoch 5/5: train_acc=0.5124 val_acc=0.5000
[seed16/anchored/cold] epoch 1/5: train_acc=0.9912 val_acc=1.0000
[seed16/anchored/cold] epoch 2/5: train_acc=1.0000 val_acc=1.0000
[seed16/anchored/cold] epoch 3/5: train_acc=1.0000 val_acc=1.0000
[seed16/anchored/cold] epoch 4/5: train_acc=1.0000 val_acc=1.0000
[seed16/anchored/cold] epoch 5/5: train_acc=1.0000 val_acc=1.0000
[seed16/anchored/paired_warm] epoch 1/5: train_acc=0.9916 val_acc=1.0000
[seed16/anchored/paired_warm] epoch 2/5: train_acc=1.0000 val_acc=1.0000
[seed16/anchored/paired_warm] epoch 3/5: train_acc=1.0000 val_acc=1.0000
[seed16/anchored/paired_warm] epoch 4/5: train_acc=1.0000 val_acc=1.0000
[seed16/anchored/paired_warm] epoch 5/5: train_acc=1.0000 val_acc=1.0000
[seed16/anchored/curriculum] epoch 1/5: train_acc=0.9775 val_acc=1.0000
[seed16/anchored/curriculum] epoch 2/5: train_acc=1.0000 val_acc=1.0000
[seed16/anchored/curriculum] epoch 3/5: train_acc=1.0000 val_acc=0.9000
[seed16/anchored/curriculum] epoch 4/5: train_acc=1.0000 val_acc=0.9000
[seed16/anchored/curriculum] epoch 5/5: train_acc=0.9998 val_acc=1.0000
[seed17/loop/cold] epoch 1/5: train_acc=0.7956 val_acc=1.0000
[seed17/loop/cold] epoch 2/5: train_acc=1.0000 val_acc=1.0000
[seed17/loop/cold] epoch 3/5: train_acc=1.0000 val_acc=1.0000
[seed17/loop/cold] epoch 4/5: train_acc=1.0000 val_acc=1.0000
[seed17/loop/cold] epoch 5/5: train_acc=1.0000 val_acc=1.0000
[seed17/loop/paired_warm] epoch 1/5: train_acc=0.6973 val_acc=0.6180
[seed17/loop/paired_warm] epoch 2/5: train_acc=0.9159 val_acc=1.0000
[seed17/loop/paired_warm] epoch 3/5: train_acc=1.0000 val_acc=1.0000
[seed17/loop/paired_warm] epoch 4/5: train_acc=1.0000 val_acc=1.0000
[seed17/loop/paired_warm] epoch 5/5: train_acc=1.0000 val_acc=1.0000
[seed17/loop/curriculum] epoch 1/5: train_acc=0.8703 val_acc=0.6000
[seed17/loop/curriculum] epoch 2/5: train_acc=0.9969 val_acc=0.7000
[seed17/loop/curriculum] epoch 3/5: train_acc=0.9979 val_acc=1.0000
[seed17/loop/curriculum] epoch 4/5: train_acc=1.0000 val_acc=1.0000
[seed17/loop/curriculum] epoch 5/5: train_acc=1.0000 val_acc=1.0000
[seed17/geo/cold] epoch 1/5: train_acc=0.7030 val_acc=1.0000
[seed17/geo/cold] epoch 2/5: train_acc=1.0000 val_acc=1.0000
[seed17/geo/cold] epoch 3/5: train_acc=1.0000 val_acc=1.0000
[seed17/geo/cold] epoch 4/5: train_acc=1.0000 val_acc=1.0000
[seed17/geo/cold] epoch 5/5: train_acc=1.0000 val_acc=1.0000
[seed17/geo/paired_warm] epoch 1/5: train_acc=0.6886 val_acc=0.6155
[seed17/geo/paired_warm] epoch 2/5: train_acc=0.7849 val_acc=1.0000
[seed17/geo/paired_warm] epoch 3/5: train_acc=1.0000 val_acc=1.0000
[seed17/geo/paired_warm] epoch 4/5: train_acc=1.0000 val_acc=1.0000
[seed17/geo/paired_warm] epoch 5/5: train_acc=1.0000 val_acc=1.0000
[seed17/geo/curriculum] epoch 1/5: train_acc=0.8441 val_acc=0.7000
[seed17/geo/curriculum] epoch 2/5: train_acc=1.0000 val_acc=0.8000
[seed17/geo/curriculum] epoch 3/5: train_acc=0.9990 val_acc=1.0000
[seed17/geo/curriculum] epoch 4/5: train_acc=1.0000 val_acc=1.0000
[seed17/geo/curriculum] epoch 5/5: train_acc=1.0000 val_acc=1.0000
[seed17/anchored/cold] epoch 1/5: train_acc=0.9922 val_acc=1.0000
[seed17/anchored/cold] epoch 2/5: train_acc=1.0000 val_acc=1.0000
[seed17/anchored/cold] epoch 3/5: train_acc=1.0000 val_acc=1.0000
[seed17/anchored/cold] epoch 4/5: train_acc=1.0000 val_acc=1.0000
[seed17/anchored/cold] epoch 5/5: train_acc=1.0000 val_acc=1.0000
[seed17/anchored/paired_warm] epoch 1/5: train_acc=0.9932 val_acc=1.0000
[seed17/anchored/paired_warm] epoch 2/5: train_acc=1.0000 val_acc=1.0000
[seed17/anchored/paired_warm] epoch 3/5: train_acc=1.0000 val_acc=1.0000
[seed17/anchored/paired_warm] epoch 4/5: train_acc=1.0000 val_acc=1.0000
[seed17/anchored/paired_warm] epoch 5/5: train_acc=1.0000 val_acc=1.0000
[seed17/anchored/curriculum] epoch 1/5: train_acc=0.9872 val_acc=1.0000
[seed17/anchored/curriculum] epoch 2/5: train_acc=1.0000 val_acc=1.0000
[seed17/anchored/curriculum] epoch 3/5: train_acc=1.0000 val_acc=1.0000
[seed17/anchored/curriculum] epoch 4/5: train_acc=1.0000 val_acc=1.0000
[seed17/anchored/curriculum] epoch 5/5: train_acc=1.0000 val_acc=1.0000
[seed18/loop/cold] epoch 1/5: train_acc=0.4906 val_acc=0.5000
[seed18/loop/cold] epoch 2/5: train_acc=0.4968 val_acc=0.5000
[seed18/loop/cold] epoch 3/5: train_acc=0.5008 val_acc=0.5000
[seed18/loop/cold] epoch 4/5: train_acc=0.4960 val_acc=0.5000
[seed18/loop/cold] epoch 5/5: train_acc=0.5029 val_acc=0.5000
[seed18/loop/paired_warm] epoch 1/5: train_acc=0.9549 val_acc=1.0000
[seed18/loop/paired_warm] epoch 2/5: train_acc=1.0000 val_acc=1.0000
[seed18/loop/paired_warm] epoch 3/5: train_acc=1.0000 val_acc=1.0000
[seed18/loop/paired_warm] epoch 4/5: train_acc=1.0000 val_acc=1.0000
[seed18/loop/paired_warm] epoch 5/5: train_acc=1.0000 val_acc=1.0000
[seed18/loop/curriculum] epoch 1/5: train_acc=0.8894 val_acc=0.7438
[seed18/loop/curriculum] epoch 2/5: train_acc=1.0000 val_acc=0.7990
[seed18/loop/curriculum] epoch 3/5: train_acc=0.5053 val_acc=0.5000
[seed18/loop/curriculum] epoch 4/5: train_acc=0.4969 val_acc=0.5000
[seed18/loop/curriculum] epoch 5/5: train_acc=0.5006 val_acc=0.5000
[seed18/geo/cold] epoch 1/5: train_acc=0.8788 val_acc=1.0000
[seed18/geo/cold] epoch 2/5: train_acc=1.0000 val_acc=1.0000
[seed18/geo/cold] epoch 3/5: train_acc=1.0000 val_acc=1.0000
[seed18/geo/cold] epoch 4/5: train_acc=1.0000 val_acc=1.0000
[seed18/geo/cold] epoch 5/5: train_acc=1.0000 val_acc=1.0000
[seed18/geo/paired_warm] epoch 1/5: train_acc=0.9442 val_acc=1.0000
[seed18/geo/paired_warm] epoch 2/5: train_acc=1.0000 val_acc=1.0000
[seed18/geo/paired_warm] epoch 3/5: train_acc=1.0000 val_acc=1.0000
[seed18/geo/paired_warm] epoch 4/5: train_acc=1.0000 val_acc=1.0000
[seed18/geo/paired_warm] epoch 5/5: train_acc=1.0000 val_acc=1.0000
[seed18/geo/curriculum] epoch 1/5: train_acc=0.8500 val_acc=0.7000
[seed18/geo/curriculum] epoch 2/5: train_acc=1.0000 val_acc=0.8000
[seed18/geo/curriculum] epoch 3/5: train_acc=1.0000 val_acc=0.9000
[seed18/geo/curriculum] epoch 4/5: train_acc=0.9978 val_acc=1.0000
[seed18/geo/curriculum] epoch 5/5: train_acc=1.0000 val_acc=1.0000
[seed18/anchored/cold] epoch 1/5: train_acc=0.9832 val_acc=1.0000
[seed18/anchored/cold] epoch 2/5: train_acc=1.0000 val_acc=1.0000
[seed18/anchored/cold] epoch 3/5: train_acc=1.0000 val_acc=1.0000
[seed18/anchored/cold] epoch 4/5: train_acc=1.0000 val_acc=1.0000
[seed18/anchored/cold] epoch 5/5: train_acc=1.0000 val_acc=1.0000
[seed18/anchored/paired_warm] epoch 1/5: train_acc=0.9821 val_acc=1.0000
[seed18/anchored/paired_warm] epoch 2/5: train_acc=1.0000 val_acc=1.0000
[seed18/anchored/paired_warm] epoch 3/5: train_acc=1.0000 val_acc=1.0000
[seed18/anchored/paired_warm] epoch 4/5: train_acc=1.0000 val_acc=1.0000
[seed18/anchored/paired_warm] epoch 5/5: train_acc=1.0000 val_acc=1.0000
[seed18/anchored/curriculum] epoch 1/5: train_acc=0.9181 val_acc=1.0000
[seed18/anchored/curriculum] epoch 2/5: train_acc=1.0000 val_acc=1.0000
[seed18/anchored/curriculum] epoch 3/5: train_acc=1.0000 val_acc=1.0000
[seed18/anchored/curriculum] epoch 4/5: train_acc=1.0000 val_acc=1.0000
[seed18/anchored/curriculum] epoch 5/5: train_acc=1.0000 val_acc=1.0000
[seed19/loop/cold] epoch 1/5: train_acc=0.5000 val_acc=0.5000
[seed19/loop/cold] epoch 2/5: train_acc=0.8542 val_acc=1.0000
[seed19/loop/cold] epoch 3/5: train_acc=1.0000 val_acc=1.0000
[seed19/loop/cold] epoch 4/5: train_acc=1.0000 val_acc=1.0000
[seed19/loop/cold] epoch 5/5: train_acc=1.0000 val_acc=1.0000
[seed19/loop/paired_warm] epoch 1/5: train_acc=0.9487 val_acc=1.0000
[seed19/loop/paired_warm] epoch 2/5: train_acc=1.0000 val_acc=1.0000
[seed19/loop/paired_warm] epoch 3/5: train_acc=1.0000 val_acc=1.0000
[seed19/loop/paired_warm] epoch 4/5: train_acc=1.0000 val_acc=1.0000
[seed19/loop/paired_warm] epoch 5/5: train_acc=1.0000 val_acc=1.0000
[seed19/loop/curriculum] epoch 1/5: train_acc=0.9047 val_acc=0.7000
[seed19/loop/curriculum] epoch 2/5: train_acc=0.4981 val_acc=0.5000
[seed19/loop/curriculum] epoch 3/5: train_acc=0.5011 val_acc=0.5000
[seed19/loop/curriculum] epoch 4/5: train_acc=0.4923 val_acc=0.5000
[seed19/loop/curriculum] epoch 5/5: train_acc=0.4931 val_acc=0.5000
[seed19/geo/cold] epoch 1/5: train_acc=0.5001 val_acc=0.5000
[seed19/geo/cold] epoch 2/5: train_acc=0.4944 val_acc=0.5000
[seed19/geo/cold] epoch 3/5: train_acc=0.4990 val_acc=0.5000
[seed19/geo/cold] epoch 4/5: train_acc=0.4893 val_acc=0.5000
[seed19/geo/cold] epoch 5/5: train_acc=0.4954 val_acc=0.5000
[seed19/geo/paired_warm] epoch 1/5: train_acc=0.6995 val_acc=0.6088
[seed19/geo/paired_warm] epoch 2/5: train_acc=0.7297 val_acc=1.0000
[seed19/geo/paired_warm] epoch 3/5: train_acc=1.0000 val_acc=1.0000
[seed19/geo/paired_warm] epoch 4/5: train_acc=1.0000 val_acc=1.0000
[seed19/geo/paired_warm] epoch 5/5: train_acc=1.0000 val_acc=1.0000
[seed19/geo/curriculum] epoch 1/5: train_acc=0.8172 val_acc=0.7000
[seed19/geo/curriculum] epoch 2/5: train_acc=1.0000 val_acc=0.8000
[seed19/geo/curriculum] epoch 3/5: train_acc=1.0000 val_acc=1.0000
[seed19/geo/curriculum] epoch 4/5: train_acc=1.0000 val_acc=1.0000
[seed19/geo/curriculum] epoch 5/5: train_acc=0.9924 val_acc=1.0000
[seed19/anchored/cold] epoch 1/5: train_acc=0.9894 val_acc=1.0000
[seed19/anchored/cold] epoch 2/5: train_acc=1.0000 val_acc=1.0000
[seed19/anchored/cold] epoch 3/5: train_acc=1.0000 val_acc=1.0000
[seed19/anchored/cold] epoch 4/5: train_acc=1.0000 val_acc=1.0000
[seed19/anchored/cold] epoch 5/5: train_acc=1.0000 val_acc=1.0000
[seed19/anchored/paired_warm] epoch 1/5: train_acc=0.9872 val_acc=1.0000
[seed19/anchored/paired_warm] epoch 2/5: train_acc=1.0000 val_acc=1.0000
[seed19/anchored/paired_warm] epoch 3/5: train_acc=1.0000 val_acc=1.0000
[seed19/anchored/paired_warm] epoch 4/5: train_acc=1.0000 val_acc=1.0000
[seed19/anchored/paired_warm] epoch 5/5: train_acc=1.0000 val_acc=1.0000
[seed19/anchored/curriculum] epoch 1/5: train_acc=0.9375 val_acc=1.0000
[seed19/anchored/curriculum] epoch 2/5: train_acc=1.0000 val_acc=0.9000
[seed19/anchored/curriculum] epoch 3/5: train_acc=1.0000 val_acc=0.9000
[seed19/anchored/curriculum] epoch 4/5: train_acc=1.0000 val_acc=0.9000
[seed19/anchored/curriculum] epoch 5/5: train_acc=0.9998 val_acc=1.0000

=== take-off (crossed val >= 0.99 within the epoch budget) ===
loop/cold               3/4  [0.30, 0.95] epochs [1, 1, 2] | stable to 192: 1 | long paths T16=1.000 T48=0.933 T192=0.667
loop/paired_warm        4/4  [0.51, 1.00] epochs [1, 1, 1, 2] | stable to 192: 0 | long paths T16=0.625 T48=0.500 T192=0.500
loop/curriculum         2/4  [0.15, 0.85] epochs [2, 3] | stable to 192: 0 | long paths T16=0.750 T48=0.750 T192=0.500
geo/cold                3/4  [0.30, 0.95] epochs [1, 1, 1] | stable to 192: 0 | long paths T16=0.833 T48=0.500 T192=0.500
geo/paired_warm         4/4  [0.51, 1.00] epochs [1, 1, 2, 2] | stable to 192: 1 | long paths T16=0.763 T48=0.625 T192=0.625
geo/curriculum          3/4  [0.30, 0.95] epochs [3, 3, 4] | stable to 192: 0 | long paths T16=0.833 T48=0.720 T192=0.500
anchored/cold           4/4  [0.51, 1.00] epochs [1, 1, 1, 1] | stable to 192: 4 | long paths T16=1.000 T48=1.000 T192=1.000
anchored/paired_warm    4/4  [0.51, 1.00] epochs [1, 1, 1, 1] | stable to 192: 4 | long paths T16=1.000 T48=1.000 T192=1.000
anchored/curriculum     4/4  [0.51, 1.00] epochs [1, 1, 1, 1] | stable to 192: 4 | long paths T16=1.000 T48=1.000 T192=1.000
  p=1.0000  geo/cold vs loop/cold
  p=1.0000  anchored/cold vs loop/cold
  p=1.0000  anchored/cold vs geo/cold
  p=1.0000  geo/paired_warm vs loop/paired_warm
  p=1.0000  anchored/paired_warm vs loop/paired_warm
  p=1.0000  anchored/paired_warm vs geo/paired_warm
  p=1.0000  geo/curriculum vs loop/curriculum
  p=0.4286  anchored/curriculum vs loop/curriculum
  p=1.0000  anchored/curriculum vs geo/curriculum
  p=1.0000  loop/paired_warm vs loop/cold
  p=1.0000  loop/curriculum vs loop/cold
  p=1.0000  geo/paired_warm vs geo/cold
  p=1.0000  geo/curriculum vs geo/cold
  p=1.0000  anchored/paired_warm vs anchored/cold
  p=1.0000  anchored/curriculum vs anchored/cold
