[seed4/loop/cold] epoch 1/5: train_acc=0.5009 val_acc=0.5000
[seed4/loop/cold] epoch 2/5: train_acc=0.4986 val_acc=0.5000
[seed4/loop/cold] epoch 3/5: train_acc=0.4886 val_acc=0.5000
[seed4/loop/cold] epoch 4/5: train_acc=0.4938 val_acc=0.5000
[seed4/loop/cold] epoch 5/5: train_acc=0.4929 val_acc=0.5000
[seed4/loop/paired_warm] epoch 1/5: train_acc=0.9486 val_acc=1.0000
[seed4/loop/paired_warm] epoch 2/5: train_acc=1.0000 val_acc=1.0000
[seed4/loop/paired_warm] epoch 3/5: train_acc=1.0000 val_acc=1.0000
[seed4/loop/paired_warm] epoch 4/5: train_acc=1.0000 val_acc=1.0000
[seed4/loop/paired_warm] epoch 5/5: train_acc=1.0000 val_acc=1.0000
[seed4/loop/curriculum] epoch 1/5: train_acc=0.8866 val_acc=0.6000
[seed4/loop/curriculum] epoch 2/5: train_acc=0.5008 val_acc=0.5000
[seed4/loop/curriculum] epoch 3/5: train_acc=0.4952 val_acc=0.5000
[seed4/loop/curriculum] epoch 4/5: train_acc=0.4977 val_acc=0.5000
[seed4/loop/curriculum] epoch 5/5: train_acc=0.4946 val_acc=0.5000
[seed4/geo/cold] epoch 1/5: train_acc=0.8571 val_acc=1.0000
[seed4/geo/cold] epoch 2/5: train_acc=1.0000 val_acc=1.0000
[seed4/geo/cold] epoch 3/5: train_acc=1.0000 val_acc=1.0000
[seed4/geo/cold] epoch 4/5: train_acc=1.0000 val_acc=1.0000
[seed4/geo/cold] epoch 5/5: train_acc=1.0000 val_acc=1.0000
[seed4/geo/paired_warm] epoch 1/5: train_acc=0.9370 val_acc=1.0000
[seed4/geo/paired_warm] epoch 2/5: train_acc=1.0000 val_acc=1.0000
[seed4/geo/paired_warm] epoch 3/5: train_acc=1.0000 val_acc=1.0000
[seed4/geo/paired_warm] epoch 4/5: train_acc=1.0000 val_acc=1.0000
[seed4/geo/paired_warm] epoch 5/5: train_acc=1.0000 val_acc=1.0000
[seed4/geo/curriculum] epoch 1/5: train_acc=0.8472 val_acc=0.6000
[seed4/geo/curriculum] epoch 2/5: train_acc=0.9936 val_acc=0.7093
[seed4/geo/curriculum] epoch 3/5: train_acc=0.9982 val_acc=1.0000
[seed4/geo/curriculum] epoch 4/5: train_acc=1.0000 val_acc=1.0000
[seed4/geo/curriculum] epoch 5/5: train_acc=1.0000 val_acc=1.0000
[seed4/anchored/cold] epoch 1/5: train_acc=0.9874 val_acc=1.0000
[seed4/anchored/cold] epoch 2/5: train_acc=1.0000 val_acc=1.0000
[seed4/anchored/cold] epoch 3/5: train_acc=1.0000 val_acc=1.0000
[seed4/anchored/cold] epoch 4/5: train_acc=1.0000 val_acc=1.0000
[seed4/anchored/cold] epoch 5/5: train_acc=1.0000 val_acc=1.0000
[seed4/anchored/paired_warm] epoch 1/5: train_acc=0.9849 val_acc=1.0000
[seed4/anchored/paired_warm] epoch 2/5: train_acc=1.0000 val_acc=1.0000
[seed4/anchored/paired_warm] epoch 3/5: train_acc=1.0000 val_acc=1.0000
[seed4/anchored/paired_warm] epoch 4/5: train_acc=1.0000 val_acc=1.0000
[seed4/anchored/paired_warm] epoch 5/5: train_acc=1.0000 val_acc=1.0000
[seed4/anchored/curriculum] epoch 1/5: train_acc=0.9347 val_acc=1.0000
[seed4/anchored/curriculum] epoch 2/5: train_acc=1.0000 val_acc=0.9000
[seed4/anchored/curriculum] epoch 3/5: train_acc=1.0000 val_acc=0.9000
[seed4/anchored/curriculum] epoch 4/5: train_acc=1.0000 val_acc=1.0000
[seed4/anchored/curriculum] epoch 5/5: train_acc=1.0000 val_acc=1.0000
[seed5/loop/cold] epoch 1/5: train_acc=0.8933 val_acc=1.0000
[seed5/loop/cold] epoch 2/5: train_acc=1.0000 val_acc=1.0000
[seed5/loop/cold] epoch 3/5: train_acc=1.0000 val_acc=1.0000
[seed5/loop/cold] epoch 4/5: train_acc=1.0000 val_acc=1.0000
[seed5/loop/cold] epoch 5/5: train_acc=1.0000 val_acc=1.0000
[seed5/loop/paired_warm] epoch 1/5: train_acc=0.9614 val_acc=1.0000
[seed5/loop/paired_warm] epoch 2/5: train_acc=1.0000 val_acc=1.0000
[seed5/loop/paired_warm] epoch 3/5: train_acc=1.0000 val_acc=1.0000
[seed5/loop/paired_warm] epoch 4/5: train_acc=1.0000 val_acc=1.0000
[seed5/loop/paired_warm] epoch 5/5: train_acc=1.0000 val_acc=1.0000
[seed5/loop/curriculum] epoch 1/5: train_acc=0.9266 val_acc=0.6000
[seed5/loop/curriculum] epoch 2/5: train_acc=0.5250 val_acc=0.5000
[seed5/loop/curriculum] epoch 3/5: train_acc=0.5010 val_acc=0.5000
[seed5/loop/curriculum] epoch 4/5: train_acc=0.5030 val_acc=0.5000
[seed5/loop/curriculum] epoch 5/5: train_acc=0.4971 val_acc=0.5000
[seed5/geo/cold] epoch 1/5: train_acc=0.7475 val_acc=1.0000
[seed5/geo/cold] epoch 2/5: train_acc=1.0000 val_acc=1.0000
[seed5/geo/cold] epoch 3/5: train_acc=1.0000 val_acc=1.0000
[seed5/geo/cold] epoch 4/5: train_acc=1.0000 val_acc=1.0000
[seed5/geo/cold] epoch 5/5: train_acc=1.0000 val_acc=1.0000
[seed5/geo/paired_warm] epoch 1/5: train_acc=0.9231 val_acc=1.0000
[seed5/geo/paired_warm] epoch 2/5: train_acc=1.0000 val_acc=1.0000
[seed5/geo/paired_warm] epoch 3/5: train_acc=1.0000 val_acc=1.0000
[seed5/geo/paired_warm] epoch 4/5: train_acc=1.0000 val_acc=1.0000
[seed5/geo/paired_warm] epoch 5/5: train_acc=1.0000 val_acc=1.0000
[seed5/geo/curriculum] epoch 1/5: train_acc=0.8253 val_acc=0.6705
[seed5/geo/curriculum] epoch 2/5: train_acc=0.9978 val_acc=1.0000
[seed5/geo/curriculum] epoch 3/5: train_acc=1.0000 val_acc=1.0000
[seed5/geo/curriculum] epoch 4/5: train_acc=1.0000 val_acc=1.0000
[seed5/geo/curriculum] epoch 5/5: train_acc=1.0000 val_acc=1.0000
[seed5/anchored/cold] epoch 1/5: train_acc=0.9936 val_acc=1.0000
[seed5/anchored/cold] epoch 2/5: train_acc=1.0000 val_acc=1.0000
[seed5/anchored/cold] epoch 3/5: train_acc=1.0000 val_acc=1.0000
[seed5/anchored/cold] epoch 4/5: train_acc=1.0000 val_acc=1.0000
[seed5/anchored/cold] epoch 5/5: train_acc=1.0000 val_acc=1.0000
[seed5/anchored/paired_warm] epoch 1/5: train_acc=0.9873 val_acc=1.0000
[seed5/anchored/paired_warm] epoch 2/5: train_acc=1.0000 val_acc=1.0000
[seed5/anchored/paired_warm] epoch 3/5: train_acc=1.0000 val_acc=1.0000
[seed5/anchored/paired_warm] epoch 4/5: train_acc=1.0000 val_acc=1.0000
[seed5/anchored/paired_warm] epoch 5/5: train_acc=1.0000 val_acc=1.0000
[seed5/anchored/curriculum] epoch 1/5: train_acc=0.9838 val_acc=1.0000
[seed5/anchored/curriculum] epoch 2/5: train_acc=1.0000 val_acc=1.0000
[seed5/anchored/curriculum] epoch 3/5: train_acc=1.0000 val_acc=1.0000
[seed5/anchored/curriculum] epoch 4/5: train_acc=1.0000 val_acc=1.0000
[seed5/anchored/curriculum] epoch 5/5: train_acc=1.0000 val_acc=1.0000
[seed6/loop/cold] epoch 1/5: train_acc=0.7486 val_acc=1.0000
[seed6/loop/cold] epoch 2/5: train_acc=1.0000 val_acc=1.0000
[seed6/loop/cold] epoch 3/5: train_acc=1.0000 val_acc=1.0000
[seed6/loop/cold] epoch 4/5: train_acc=1.0000 val_acc=1.0000
[seed6/loop/cold] epoch 5/5: train_acc=1.0000 val_acc=1.0000
[seed6/loop/paired_warm] epoch 1/5: train_acc=0.6954 val_acc=0.6203
[seed6/loop/paired_warm] epoch 2/5: train_acc=0.5032 val_acc=0.5000
[seed6/loop/paired_warm] epoch 3/5: train_acc=0.5039 val_acc=0.5000
[seed6/loop/paired_warm] epoch 4/5: train_acc=0.4984 val_acc=0.5000
[seed6/loop/paired_warm] epoch 5/5: train_acc=0.4994 val_acc=0.5000
[seed6/loop/curriculum] epoch 1/5: train_acc=0.9228 val_acc=0.6000
[seed6/loop/curriculum] epoch 2/5: train_acc=0.9975 val_acc=1.0000
[seed6/loop/curriculum] epoch 3/5: train_acc=1.0000 val_acc=1.0000
[seed6/loop/curriculum] epoch 4/5: train_acc=1.0000 val_acc=1.0000
[seed6/loop/curriculum] epoch 5/5: train_acc=1.0000 val_acc=1.0000
[seed6/geo/cold] epoch 1/5: train_acc=0.8732 val_acc=1.0000
[seed6/geo/cold] epoch 2/5: train_acc=1.0000 val_acc=1.0000
[seed6/geo/cold] epoch 3/5: train_acc=1.0000 val_acc=1.0000
[seed6/geo/cold] epoch 4/5: train_acc=1.0000 val_acc=1.0000
[seed6/geo/cold] epoch 5/5: train_acc=1.0000 val_acc=1.0000
[seed6/geo/paired_warm] epoch 1/5: train_acc=0.6746 val_acc=0.5665
[seed6/geo/paired_warm] epoch 2/5: train_acc=0.8186 val_acc=1.0000
[seed6/geo/paired_warm] epoch 3/5: train_acc=1.0000 val_acc=1.0000
[seed6/geo/paired_warm] epoch 4/5: train_acc=1.0000 val_acc=1.0000
[seed6/geo/paired_warm] epoch 5/5: train_acc=1.0000 val_acc=1.0000
[seed6/geo/curriculum] epoch 1/5: train_acc=0.8962 val_acc=0.6000
[seed6/geo/curriculum] epoch 2/5: train_acc=0.9972 val_acc=0.8000
[seed6/geo/curriculum] epoch 3/5: train_acc=1.0000 val_acc=0.8000
[seed6/geo/curriculum] epoch 4/5: train_acc=0.9991 val_acc=1.0000
[seed6/geo/curriculum] epoch 5/5: train_acc=1.0000 val_acc=1.0000
[seed6/anchored/cold] epoch 1/5: train_acc=0.9899 val_acc=1.0000
[seed6/anchored/cold] epoch 2/5: train_acc=1.0000 val_acc=1.0000
[seed6/anchored/cold] epoch 3/5: train_acc=1.0000 val_acc=1.0000
[seed6/anchored/cold] epoch 4/5: train_acc=1.0000 val_acc=1.0000
[seed6/anchored/cold] epoch 5/5: train_acc=1.0000 val_acc=1.0000
[seed6/anchored/paired_warm] epoch 1/5: train_acc=0.9859 val_acc=1.0000
[seed6/anchored/paired_warm] epoch 2/5: train_acc=1.0000 val_acc=1.0000
[seed6/anchored/paired_warm] epoch 3/5: train_acc=1.0000 val_acc=1.0000
[seed6/anchored/paired_warm] epoch 4/5: train_acc=1.0000 val_acc=1.0000
[seed6/anchored/paired_warm] epoch 5/5: train_acc=1.0000 val_acc=1.0000
[seed6/anchored/curriculum] epoch 1/5: train_acc=0.9466 val_acc=1.0000
[seed6/anchored/curriculum] epoch 2/5: train_acc=1.0000 val_acc=1.0000
[seed6/anchored/curriculum] epoch 3/5: train_acc=1.0000 val_acc=1.0000
[seed6/anchored/curriculum] epoch 4/5: train_acc=1.0000 val_acc=1.0000
[seed6/anchored/curriculum] epoch 5/5: train_acc=1.0000 val_acc=1.0000
[seed7/loop/cold] epoch 1/5: train_acc=0.4937 val_acc=0.5000
[seed7/loop/cold] epoch 2/5: train_acc=0.5089 val_acc=0.5000
[seed7/loop/cold] epoch 3/5: train_acc=0.4964 val_acc=0.5000
[seed7/loop/cold] epoch 4/5: train_acc=0.5034 val_acc=0.5000
[seed7/loop/cold] epoch 5/5: train_acc=0.4949 val_acc=0.5000
[seed7/loop/paired_warm] epoch 1/5: train_acc=0.6941 val_acc=0.5888
[seed7/loop/paired_warm] epoch 2/5: train_acc=0.9800 val_acc=1.0000
[seed7/loop/paired_warm] epoch 3/5: train_acc=1.0000 val_acc=1.0000
[seed7/loop/paired_warm] epoch 4/5: train_acc=1.0000 val_acc=1.0000
[seed7/loop/paired_warm] epoch 5/5: train_acc=1.0000 val_acc=1.0000
[seed7/loop/curriculum] epoch 1/5: train_acc=0.6178 val_acc=0.6000
[seed7/loop/curriculum] epoch 2/5: train_acc=0.9927 val_acc=0.7588
[seed7/loop/curriculum] epoch 3/5: train_acc=0.9943 val_acc=0.8000
[seed7/loop/curriculum] epoch 4/5: train_acc=0.9988 val_acc=1.0000
[seed7/loop/curriculum] epoch 5/5: train_acc=1.0000 val_acc=1.0000
[seed7/geo/cold] epoch 1/5: train_acc=0.4946 val_acc=0.5000
[seed7/geo/cold] epoch 2/5: train_acc=0.4990 val_acc=0.5000
[seed7/geo/cold] epoch 3/5: train_acc=0.5010 val_acc=0.5000
[seed7/geo/cold] epoch 4/5: train_acc=0.5016 val_acc=0.5000
[seed7/geo/cold] epoch 5/5: train_acc=0.4949 val_acc=0.5000
[seed7/geo/paired_warm] epoch 1/5: train_acc=0.8151 val_acc=1.0000
[seed7/geo/paired_warm] epoch 2/5: train_acc=1.0000 val_acc=1.0000
[seed7/geo/paired_warm] epoch 3/5: train_acc=1.0000 val_acc=1.0000
[seed7/geo/paired_warm] epoch 4/5: train_acc=1.0000 val_acc=1.0000
[seed7/geo/paired_warm] epoch 5/5: train_acc=1.0000 val_acc=1.0000
[seed7/geo/curriculum] epoch 1/5: train_acc=0.6916 val_acc=0.6000
[seed7/geo/curriculum] epoch 2/5: train_acc=0.9881 val_acc=0.7000
[seed7/geo/curriculum] epoch 3/5: train_acc=0.9981 val_acc=1.0000
[seed7/geo/curriculum] epoch 4/5: train_acc=1.0000 val_acc=1.0000
[seed7/geo/curriculum] epoch 5/5: train_acc=1.0000 val_acc=1.0000
[seed7/anchored/cold] epoch 1/5: train_acc=0.9841 val_acc=1.0000
[seed7/anchored/cold] epoch 2/5: train_acc=1.0000 val_acc=1.0000
[seed7/anchored/cold] epoch 3/5: train_acc=1.0000 val_acc=1.0000
[seed7/anchored/cold] epoch 4/5: train_acc=1.0000 val_acc=1.0000
[seed7/anchored/cold] epoch 5/5: train_acc=1.0000 val_acc=1.0000
[seed7/anchored/paired_warm] epoch 1/5: train_acc=0.9885 val_acc=1.0000
[seed7/anchored/paired_warm] epoch 2/5: train_acc=1.0000 val_acc=1.0000
[seed7/anchored/paired_warm] epoch 3/5: train_acc=1.0000 val_acc=1.0000
[seed7/anchored/paired_warm] epoch 4/5: train_acc=1.0000 val_acc=1.0000
[seed7/anchored/paired_warm] epoch 5/5: train_acc=1.0000 val_acc=1.0000
[seed7/anchored/curriculum] epoch 1/5: train_acc=0.9616 val_acc=1.0000
[seed7/anchored/curriculum] epoch 2/5: train_acc=1.0000 val_acc=1.0000
[seed7/anchored/curriculum] epoch 3/5: train_acc=1.0000 val_acc=1.0000
[seed7/anchored/curriculum] epoch 4/5: train_acc=1.0000 val_acc=0.9000
[seed7/anchored/curriculum] epoch 5/5: train_acc=0.9995 val_acc=1.0000

=== take-off (crossed val >= 0.99 within the epoch budget) ===
loop/cold               2/4  [0.15, 0.85] epochs [1, 1] | stable to 192: 0 | long paths T16=1.000 T48=0.941 T192=0.500
loop/paired_warm        3/4  [0.30, 0.95] epochs [1, 1, 2] | stable to 192: 1 | long paths T16=0.667 T48=0.667 T192=0.667
loop/curriculum         2/4  [0.15, 0.85] epochs [2, 4] | stable to 192: 0 | long paths T16=0.566 T48=0.500 T192=0.500
geo/cold                3/4  [0.30, 0.95] epochs [1, 1, 1] | stable to 192: 0 | long paths T16=0.994 T48=0.667 T192=0.500
geo/paired_warm         4/4  [0.51, 1.00] epochs [1, 1, 1, 2] | stable to 192: 1 | long paths T16=0.645 T48=0.625 T192=0.625
geo/curriculum          4/4  [0.51, 1.00] epochs [2, 3, 3, 4] | stable to 192: 0 | long paths T16=0.560 T48=0.500 T192=0.500
anchored/cold           4/4  [0.51, 1.00] epochs [1, 1, 1, 1] | stable to 192: 4 | long paths T16=1.000 T48=1.000 T192=1.000
anchored/paired_warm    4/4  [0.51, 1.00] epochs [1, 1, 1, 1] | stable to 192: 4 | long paths T16=1.000 T48=1.000 T192=1.000
anchored/curriculum     4/4  [0.51, 1.00] epochs [1, 1, 1, 1] | stable to 192: 4 | long paths T16=1.000 T48=1.000 T192=1.000
  p=1.0000  geo/cold vs loop/cold
  p=0.4286  anchored/cold vs loop/cold
  p=1.0000  anchored/cold vs geo/cold
  p=1.0000  geo/paired_warm vs loop/paired_warm
  p=1.0000  anchored/paired_warm vs loop/paired_warm
  p=1.0000  anchored/paired_warm vs geo/paired_warm
  p=0.4286  geo/curriculum vs loop/curriculum
  p=0.4286  anchored/curriculum vs loop/curriculum
  p=1.0000  anchored/curriculum vs geo/curriculum
  p=1.0000  loop/paired_warm vs loop/cold
  p=1.0000  loop/curriculum vs loop/cold
  p=1.0000  geo/paired_warm vs geo/cold
  p=1.0000  geo/curriculum vs geo/cold
  p=1.0000  anchored/paired_warm vs anchored/cold
  p=1.0000  anchored/curriculum vs anchored/cold
