[seed12/loop/cold] epoch 1/5: train_acc=0.8895 val_acc=1.0000
[seed12/loop/cold] epoch 2/5: train_acc=1.0000 val_acc=1.0000
[seed12/loop/cold] epoch 3/5: train_acc=1.0000 val_acc=1.0000
[seed12/loop/cold] epoch 4/5: train_acc=1.0000 val_acc=1.0000
[seed12/loop/cold] epoch 5/5: train_acc=1.0000 val_acc=1.0000
[seed12/loop/paired_warm] epoch 1/5: train_acc=0.6288 val_acc=0.5005
[seed12/loop/paired_warm] epoch 2/5: train_acc=0.5312 val_acc=0.5715
[seed12/loop/paired_warm] epoch 3/5: train_acc=0.5520 val_acc=0.5000
[seed12/loop/paired_warm] epoch 4/5: train_acc=0.4966 val_acc=0.5000
[seed12/loop/paired_warm] epoch 5/5: train_acc=0.4980 val_acc=0.5000
[seed12/loop/curriculum] epoch 1/5: train_acc=0.8500 val_acc=0.6000
[seed12/loop/curriculum] epoch 2/5: train_acc=0.9970 val_acc=0.8000
[seed12/loop/curriculum] epoch 3/5: train_acc=1.0000 val_acc=0.8973
[seed12/loop/curriculum] epoch 4/5: train_acc=0.5155 val_acc=0.5000
[seed12/loop/curriculum] epoch 5/5: train_acc=0.4995 val_acc=0.5000
[seed12/geo/cold] epoch 1/5: train_acc=0.8160 val_acc=1.0000
[seed12/geo/cold] epoch 2/5: train_acc=1.0000 val_acc=1.0000
[seed12/geo/cold] epoch 3/5: train_acc=1.0000 val_acc=1.0000
[seed12/geo/cold] epoch 4/5: train_acc=1.0000 val_acc=1.0000
[seed12/geo/cold] epoch 5/5: train_acc=1.0000 val_acc=1.0000
[seed12/geo/paired_warm] epoch 1/5: train_acc=0.8838 val_acc=1.0000
[seed12/geo/paired_warm] epoch 2/5: train_acc=1.0000 val_acc=1.0000
[seed12/geo/paired_warm] epoch 3/5: train_acc=1.0000 val_acc=1.0000
[seed12/geo/paired_warm] epoch 4/5: train_acc=1.0000 val_acc=1.0000
[seed12/geo/paired_warm] epoch 5/5: train_acc=1.0000 val_acc=1.0000
[seed12/geo/curriculum] epoch 1/5: train_acc=0.8391 val_acc=0.6000
[seed12/geo/curriculum] epoch 2/5: train_acc=0.9969 val_acc=0.7000
[seed12/geo/curriculum] epoch 3/5: train_acc=0.9975 val_acc=1.0000
[seed12/geo/curriculum] epoch 4/5: train_acc=1.0000 val_acc=1.0000
[seed12/geo/curriculum] epoch 5/5: train_acc=1.0000 val_acc=1.0000
[seed12/anchored/cold] epoch 1/5: train_acc=0.9926 val_acc=1.0000
[seed12/anchored/cold] epoch 2/5: train_acc=1.0000 val_acc=1.0000
[seed12/anchored/cold] epoch 3/5: train_acc=1.0000 val_acc=1.0000
[seed12/anchored/cold] epoch 4/5: train_acc=1.0000 val_acc=1.0000
[seed12/anchored/cold] epoch 5/5: train_acc=1.0000 val_acc=1.0000
[seed12/anchored/paired_warm] epoch 1/5: train_acc=0.9932 val_acc=1.0000
[seed12/anchored/paired_warm] epoch 2/5: train_acc=1.0000 val_acc=1.0000
[seed12/anchored/paired_warm] epoch 3/5: train_acc=1.0000 val_acc=1.0000
[seed12/anchored/paired_warm] epoch 4/5: train_acc=1.0000 val_acc=1.0000
[seed12/anchored/paired_warm] epoch 5/5: train_acc=1.0000 val_acc=1.0000
[seed12/anchored/curriculum] epoch 1/5: train_acc=0.9844 val_acc=0.9000
[seed12/anchored/curriculum] epoch 2/5: train_acc=1.0000 val_acc=0.9000
[seed12/anchored/curriculum] epoch 3/5: train_acc=1.0000 val_acc=0.9000
[seed12/anchored/curriculum] epoch 4/5: train_acc=1.0000 val_acc=1.0000
[seed12/anchored/curriculum] epoch 5/5: train_acc=1.0000 val_acc=1.0000
[seed13/loop/cold] epoch 1/5: train_acc=0.5007 val_acc=0.5000
[seed13/loop/cold] epoch 2/5: train_acc=0.4971 val_acc=0.5000
[seed13/loop/cold] epoch 3/5: train_acc=0.5031 val_acc=0.5000
[seed13/loop/cold] epoch 4/5: train_acc=0.4913 val_acc=0.5000
[seed13/loop/cold] epoch 5/5: train_acc=0.4926 val_acc=0.5000
[seed13/loop/paired_warm] epoch 1/5: train_acc=0.6968 val_acc=0.6098
[seed13/loop/paired_warm] epoch 2/5: train_acc=0.6061 val_acc=0.5000
[seed13/loop/paired_warm] epoch 3/5: train_acc=0.5046 val_acc=0.5000
[seed13/loop/paired_warm] epoch 4/5: train_acc=0.4959 val_acc=0.5000
[seed13/loop/paired_warm] epoch 5/5: train_acc=0.4945 val_acc=0.5000
[seed13/loop/curriculum] epoch 1/5: train_acc=0.8497 val_acc=0.7000
[seed13/loop/curriculum] epoch 2/5: train_acc=0.9973 val_acc=0.7000
[seed13/loop/curriculum] epoch 3/5: train_acc=0.9996 val_acc=1.0000
[seed13/loop/curriculum] epoch 4/5: train_acc=1.0000 val_acc=1.0000
[seed13/loop/curriculum] epoch 5/5: train_acc=1.0000 val_acc=1.0000
[seed13/geo/cold] epoch 1/5: train_acc=0.8006 val_acc=1.0000
[seed13/geo/cold] epoch 2/5: train_acc=1.0000 val_acc=1.0000
[seed13/geo/cold] epoch 3/5: train_acc=1.0000 val_acc=1.0000
[seed13/geo/cold] epoch 4/5: train_acc=1.0000 val_acc=1.0000
[seed13/geo/cold] epoch 5/5: train_acc=1.0000 val_acc=1.0000
[seed13/geo/paired_warm] epoch 1/5: train_acc=0.7243 val_acc=1.0000
[seed13/geo/paired_warm] epoch 2/5: train_acc=1.0000 val_acc=1.0000
[seed13/geo/paired_warm] epoch 3/5: train_acc=0.7655 val_acc=0.5000
[seed13/geo/paired_warm] epoch 4/5: train_acc=0.4935 val_acc=0.5000
[seed13/geo/paired_warm] epoch 5/5: train_acc=0.4946 val_acc=0.5000
[seed13/geo/curriculum] epoch 1/5: train_acc=0.7828 val_acc=0.8000
[seed13/geo/curriculum] epoch 2/5: train_acc=1.0000 val_acc=0.8000
[seed13/geo/curriculum] epoch 3/5: train_acc=1.0000 val_acc=0.8000
[seed13/geo/curriculum] epoch 4/5: train_acc=0.5045 val_acc=0.5000
[seed13/geo/curriculum] epoch 5/5: train_acc=0.5015 val_acc=0.5000
[seed13/anchored/cold] epoch 1/5: train_acc=0.9936 val_acc=1.0000
[seed13/anchored/cold] epoch 2/5: train_acc=1.0000 val_acc=1.0000
[seed13/anchored/cold] epoch 3/5: train_acc=1.0000 val_acc=1.0000
[seed13/anchored/cold] epoch 4/5: train_acc=1.0000 val_acc=1.0000
[seed13/anchored/cold] epoch 5/5: train_acc=1.0000 val_acc=1.0000
[seed13/anchored/paired_warm] epoch 1/5: train_acc=0.9938 val_acc=1.0000
[seed13/anchored/paired_warm] epoch 2/5: train_acc=1.0000 val_acc=1.0000
[seed13/anchored/paired_warm] epoch 3/5: train_acc=1.0000 val_acc=1.0000
[seed13/anchored/paired_warm] epoch 4/5: train_acc=1.0000 val_acc=1.0000
[seed13/anchored/paired_warm] epoch 5/5: train_acc=1.0000 val_acc=1.0000
[seed13/anchored/curriculum] epoch 1/5: train_acc=0.9250 val_acc=1.0000
[seed13/anchored/curriculum] epoch 2/5: train_acc=1.0000 val_acc=0.9000
[seed13/anchored/curriculum] epoch 3/5: train_acc=1.0000 val_acc=0.9000
[seed13/anchored/curriculum] epoch 4/5: train_acc=1.0000 val_acc=1.0000
[seed13/anchored/curriculum] epoch 5/5: train_acc=1.0000 val_acc=1.0000
[seed14/loop/cold] epoch 1/5: train_acc=0.9287 val_acc=1.0000
[seed14/loop/cold] epoch 2/5: train_acc=1.0000 val_acc=1.0000
[seed14/loop/cold] epoch 3/5: train_acc=1.0000 val_acc=1.0000
[seed14/loop/cold] epoch 4/5: train_acc=1.0000 val_acc=1.0000
[seed14/loop/cold] epoch 5/5: train_acc=1.0000 val_acc=1.0000
[seed14/loop/paired_warm] epoch 1/5: train_acc=0.9236 val_acc=1.0000
[seed14/loop/paired_warm] epoch 2/5: train_acc=1.0000 val_acc=1.0000
[seed14/loop/paired_warm] epoch 3/5: train_acc=1.0000 val_acc=1.0000
[seed14/loop/paired_warm] epoch 4/5: train_acc=1.0000 val_acc=1.0000
[seed14/loop/paired_warm] epoch 5/5: train_acc=1.0000 val_acc=1.0000
[seed14/loop/curriculum] epoch 1/5: train_acc=0.7850 val_acc=0.6000
[seed14/loop/curriculum] epoch 2/5: train_acc=0.9919 val_acc=0.7083
[seed14/loop/curriculum] epoch 3/5: train_acc=0.5759 val_acc=0.5000
[seed14/loop/curriculum] epoch 4/5: train_acc=0.5023 val_acc=0.5000
[seed14/loop/curriculum] epoch 5/5: train_acc=0.4966 val_acc=0.5000
[seed14/geo/cold] epoch 1/5: train_acc=0.9291 val_acc=1.0000
[seed14/geo/cold] epoch 2/5: train_acc=1.0000 val_acc=1.0000
[seed14/geo/cold] epoch 3/5: train_acc=1.0000 val_acc=1.0000
[seed14/geo/cold] epoch 4/5: train_acc=1.0000 val_acc=1.0000
[seed14/geo/cold] epoch 5/5: train_acc=1.0000 val_acc=1.0000
[seed14/geo/paired_warm] epoch 1/5: train_acc=0.6931 val_acc=0.6170
[seed14/geo/paired_warm] epoch 2/5: train_acc=0.5068 val_acc=0.5000
[seed14/geo/paired_warm] epoch 3/5: train_acc=0.4969 val_acc=0.5000
[seed14/geo/paired_warm] epoch 4/5: train_acc=0.5041 val_acc=0.5000
[seed14/geo/paired_warm] epoch 5/5: train_acc=0.4956 val_acc=0.5000
[seed14/geo/curriculum] epoch 1/5: train_acc=0.7881 val_acc=0.8000
[seed14/geo/curriculum] epoch 2/5: train_acc=1.0000 val_acc=0.8915
[seed14/geo/curriculum] epoch 3/5: train_acc=1.0000 val_acc=0.9000
[seed14/geo/curriculum] epoch 4/5: train_acc=0.9972 val_acc=1.0000
[seed14/geo/curriculum] epoch 5/5: train_acc=1.0000 val_acc=1.0000
[seed14/anchored/cold] epoch 1/5: train_acc=0.9938 val_acc=1.0000
[seed14/anchored/cold] epoch 2/5: train_acc=1.0000 val_acc=1.0000
[seed14/anchored/cold] epoch 3/5: train_acc=1.0000 val_acc=1.0000
[seed14/anchored/cold] epoch 4/5: train_acc=1.0000 val_acc=1.0000
[seed14/anchored/cold] epoch 5/5: train_acc=1.0000 val_acc=1.0000
[seed14/anchored/paired_warm] epoch 1/5: train_acc=0.9930 val_acc=1.0000
[seed14/anchored/paired_warm] epoch 2/5: train_acc=1.0000 val_acc=1.0000
[seed14/anchored/paired_warm] epoch 3/5: train_acc=1.0000 val_acc=1.0000
[seed14/anchored/paired_warm] epoch 4/5: train_acc=1.0000 val_acc=1.0000
[seed14/anchored/paired_warm] epoch 5/5: train_acc=1.0000 val_acc=1.0000
[seed14/anchored/curriculum] epoch 1/5: train_acc=0.9850 val_acc=1.0000
[seed14/anchored/curriculum] epoch 2/5: train_acc=1.0000 val_acc=1.0000
[seed14/anchored/curriculum] epoch 3/5: train_acc=1.0000 val_acc=1.0000
[seed14/anchored/curriculum] epoch 4/5: train_acc=1.0000 val_acc=1.0000
[seed14/anchored/curriculum] epoch 5/5: train_acc=1.0000 val_acc=1.0000
[seed15/loop/cold] epoch 1/5: train_acc=0.5703 val_acc=1.0000
[seed15/loop/cold] epoch 2/5: train_acc=1.0000 val_acc=1.0000
[seed15/loop/cold] epoch 3/5: train_acc=1.0000 val_acc=1.0000
[seed15/loop/cold] epoch 4/5: train_acc=1.0000 val_acc=1.0000
[seed15/loop/cold] epoch 5/5: train_acc=1.0000 val_acc=1.0000
[seed15/loop/paired_warm] epoch 1/5: train_acc=0.9518 val_acc=1.0000
[seed15/loop/paired_warm] epoch 2/5: train_acc=1.0000 val_acc=1.0000
[seed15/loop/paired_warm] epoch 3/5: train_acc=1.0000 val_acc=1.0000
[seed15/loop/paired_warm] epoch 4/5: train_acc=1.0000 val_acc=1.0000
[seed15/loop/paired_warm] epoch 5/5: train_acc=1.0000 val_acc=1.0000
[seed15/loop/curriculum] epoch 1/5: train_acc=0.8322 val_acc=0.7000
[seed15/loop/curriculum] epoch 2/5: train_acc=1.0000 val_acc=0.8000
[seed15/loop/curriculum] epoch 3/5: train_acc=0.5047 val_acc=0.5000
[seed15/loop/curriculum] epoch 4/5: train_acc=0.4983 val_acc=0.5000
[seed15/loop/curriculum] epoch 5/5: train_acc=0.4966 val_acc=0.5000
[seed15/geo/cold] epoch 1/5: train_acc=0.5021 val_acc=0.5000
[seed15/geo/cold] epoch 2/5: train_acc=0.5008 val_acc=0.5000
[seed15/geo/cold] epoch 3/5: train_acc=0.5046 val_acc=0.5000
[seed15/geo/cold] epoch 4/5: train_acc=0.5012 val_acc=0.5000
[seed15/geo/cold] epoch 5/5: train_acc=0.4961 val_acc=0.5000
[seed15/geo/paired_warm] epoch 1/5: train_acc=0.9309 val_acc=1.0000
[seed15/geo/paired_warm] epoch 2/5: train_acc=1.0000 val_acc=1.0000
[seed15/geo/paired_warm] epoch 3/5: train_acc=1.0000 val_acc=1.0000
[seed15/geo/paired_warm] epoch 4/5: train_acc=1.0000 val_acc=1.0000
[seed15/geo/paired_warm] epoch 5/5: train_acc=1.0000 val_acc=1.0000
[seed15/geo/curriculum] epoch 1/5: train_acc=0.7975 val_acc=0.6000
[seed15/geo/curriculum] epoch 2/5: train_acc=0.9911 val_acc=0.8000
[seed15/geo/curriculum] epoch 3/5: train_acc=1.0000 val_acc=0.8808
[seed15/geo/curriculum] epoch 4/5: train_acc=0.4990 val_acc=0.5000
[seed15/geo/curriculum] epoch 5/5: train_acc=0.4978 val_acc=0.5000
[seed15/anchored/cold] epoch 1/5: train_acc=0.9821 val_acc=1.0000
[seed15/anchored/cold] epoch 2/5: train_acc=1.0000 val_acc=1.0000
[seed15/anchored/cold] epoch 3/5: train_acc=1.0000 val_acc=1.0000
[seed15/anchored/cold] epoch 4/5: train_acc=1.0000 val_acc=1.0000
[seed15/anchored/cold] epoch 5/5: train_acc=1.0000 val_acc=1.0000
[seed15/anchored/paired_warm] epoch 1/5: train_acc=0.9934 val_acc=1.0000
[seed15/anchored/paired_warm] epoch 2/5: train_acc=1.0000 val_acc=1.0000
[seed15/anchored/paired_warm] epoch 3/5: train_acc=1.0000 val_acc=1.0000
[seed15/anchored/paired_warm] epoch 4/5: train_acc=1.0000 val_acc=1.0000
[seed15/anchored/paired_warm] epoch 5/5: train_acc=1.0000 val_acc=1.0000
[seed15/anchored/curriculum] epoch 1/5: train_acc=0.9888 val_acc=1.0000
[seed15/anchored/curriculum] epoch 2/5: train_acc=1.0000 val_acc=0.9000
[seed15/anchored/curriculum] epoch 3/5: train_acc=1.0000 val_acc=0.9000
[seed15/anchored/curriculum] epoch 4/5: train_acc=1.0000 val_acc=1.0000
[seed15/anchored/curriculum] epoch 5/5: train_acc=1.0000 val_acc=1.0000

=== take-off (crossed val >= 0.99 within the epoch budget) ===
loop/cold               3/4  [0.30, 0.95] epochs [1, 1, 1] | stable to 192: 0 | long paths T16=0.807 T48=0.667 T192=0.500
loop/paired_warm        2/4  [0.15, 0.85] epochs [1, 1] | stable to 192: 0 | long paths T16=0.500 T48=0.500 T192=0.500
loop/curriculum         1/4  [0.05, 0.70] epochs [3] | stable to 192: 0 | long paths T16=1.000 T48=0.500 T192=0.500
geo/cold                3/4  [0.30, 0.95] epochs [1, 1, 1] | stable to 192: 1 | long paths T16=0.833 T48=0.833 T192=0.667
geo/paired_warm         3/4  [0.30, 0.95] epochs [1, 1, 1] | stable to 192: 0 | long paths T16=0.530 T48=0.500 T192=0.500
geo/curriculum          2/4  [0.15, 0.85] epochs [3, 4] | stable to 192: 0 | long paths T16=0.750 T48=0.684 T192=0.500
anchored/cold           4/4  [0.51, 1.00] epochs [1, 1, 1, 1] | stable to 192: 4 | long paths T16=1.000 T48=1.000 T192=1.000
anchored/paired_warm    4/4  [0.51, 1.00] epochs [1, 1, 1, 1] | stable to 192: 4 | long paths T16=1.000 T48=1.000 T192=1.000
anchored/curriculum     4/4  [0.51, 1.00] epochs [1, 1, 1, 4] | stable to 192: 4 | long paths T16=1.000 T48=1.000 T192=1.000
  p=1.0000  geo/cold vs loop/cold
  p=1.0000  anchored/cold vs loop/cold
  p=1.0000  anchored/cold vs geo/cold
  p=1.0000  geo/paired_warm vs loop/paired_warm
  p=0.4286  anchored/paired_warm vs loop/paired_warm
  p=1.0000  anchored/paired_warm vs geo/paired_warm
  p=1.0000  geo/curriculum vs loop/curriculum
  p=0.1429  anchored/curriculum vs loop/curriculum
  p=0.4286  anchored/curriculum vs geo/curriculum
  p=1.0000  loop/paired_warm vs loop/cold
  p=0.4857  loop/curriculum vs loop/cold
  p=1.0000  geo/paired_warm vs geo/cold
  p=1.0000  geo/curriculum vs geo/cold
  p=1.0000  anchored/paired_warm vs anchored/cold
  p=1.0000  anchored/curriculum vs anchored/cold
